../Middlewares/tensorflow/tensorflow/lite/core/c/common.cc:30:8:size_t TfLiteIntArrayGetSizeInBytes(int)	0	static
../Middlewares/tensorflow/tensorflow/lite/core/c/common.cc:47:5:int TfLiteIntArrayEqualsArray(const TfLiteIntArray*, int, const int*)	12	static
../Middlewares/tensorflow/tensorflow/lite/core/c/common.cc:41:5:int TfLiteIntArrayEqual(const TfLiteIntArray*, const TfLiteIntArray*)	0	static
../Middlewares/tensorflow/tensorflow/lite/core/c/common.cc:81:5:int TfLiteFloatArrayGetSizeInBytes(int)	0	static
../Middlewares/tensorflow/tensorflow/lite/core/c/common.cc:283:13:const char* TfLiteTypeGetName(TfLiteType)	0	static
../Middlewares/tensorflow/tensorflow/lite/core/c/common.cc:327:16:TfLiteDelegate TfLiteDelegateCreate()	8	static
../Middlewares/tensorflow/tensorflow/lite/core/c/common.cc:329:23:TfLiteOpaqueDelegate* TfLiteOpaqueDelegateCreate(const TfLiteOpaqueDelegateBuilder*)	16	static
../Middlewares/tensorflow/tensorflow/lite/core/c/common.cc:340:6:void TfLiteOpaqueDelegateDelete(TfLiteOpaqueDelegate*)	8	static
../Middlewares/tensorflow/tensorflow/lite/core/c/common.cc:349:7:void* TfLiteOpaqueDelegateGetData(const TfLiteOpaqueDelegate*)	0	static
