../Middlewares/tensorflow/tensorflow/lite/micro/kernels/split_v.cc:74:14:TfLiteStatus tflite::{anonymous}::Prepare(TfLiteContext*, TfLiteNode*)	32	static
../Middlewares/tensorflow/tensorflow/lite/kernels/op_macros.h:24:13:void AbortImpl()	8	static
../Middlewares/tensorflow/tensorflow/lite/micro/kernels/split_v.cc:88:14:TfLiteStatus tflite::{anonymous}::Eval(TfLiteContext*, TfLiteNode*)	64	static
../Middlewares/tensorflow/tensorflow/lite/micro/kernels/split_v.cc:123:23:TfLiteRegistration_V1 tflite::Register_SPLIT_V()	16	static
