../Middlewares/tensorflow/tensorflow/lite/kernels/op_macros.h:24:13:void AbortImpl()	8	static
../Middlewares/tensorflow/tensorflow/lite/kernels/internal/runtime_shape.h:65:11:int32_t tflite::RuntimeShape::Dims(int) const	8	static
../Middlewares/tensorflow/tensorflow/lite/kernels/internal/runtime_shape.h:94:7:int tflite::RuntimeShape::FlatSize() const	8	static
../Middlewares/tensorflow/tensorflow/lite/kernels/internal/runtime_shape.h:107:3:tflite::RuntimeShape::RuntimeShape(int, const tflite::RuntimeShape&, int)	24	static
../Middlewares/tensorflow/tensorflow/lite/kernels/internal/runtime_shape.h:131:12:int tflite::Offset(const tflite::RuntimeShape&, int, int, int, int)	16	static
../Middlewares/tensorflow/tensorflow/lite/kernels/internal/types.h:299:12:int tflite::MatchingElementsSize(const tflite::RuntimeShape&, const tflite::RuntimeShape&, const tflite::RuntimeShape&)	16	static
../Middlewares/tensorflow/tensorflow/lite/kernels/internal/common.h:931:12:int tflite::SubscriptToIndex(const tflite::NdArrayDesc<4>&, int, int, int, int)	16	static
../Middlewares/tensorflow/tensorflow/lite/kernels/internal/reference/process_broadcast_shapes.h:40:13:bool tflite::reference_ops::ProcessBroadcastShapes(const tflite::RuntimeShape&, const tflite::RuntimeShape&, tflite::ArithmeticParams*)	80	static
../Middlewares/tensorflow/tensorflow/lite/micro/kernels/cmsis_nn/mul.cc:172:23:TfLiteRegistration_V1 tflite::Register_MUL()	16	static
../Middlewares/tensorflow/tensorflow/lite/micro/kernels/cmsis_nn/mul.cc:176:23:TfLiteRegistration_V1 tflite::Register_MUL_INT8()	16	static
../Middlewares/tensorflow/tensorflow/lite/micro/kernels/cmsis_nn/mul.cc:180:23:TfLiteRegistration_V1 tflite::Register_MUL_INT16()	16	static
../Middlewares/tensorflow/tensorflow/lite/kernels/internal/common.h:1013:22:void tflite::CopyDimsToDesc(const tflite::RuntimeShape&, tflite::NdArrayDesc<N>*) [with int N = 4]	24	static
../Middlewares/tensorflow/tensorflow/lite/kernels/internal/common.h:1024:13:void tflite::NdArrayDescsForElementwiseBroadcast(const tflite::RuntimeShape&, const tflite::RuntimeShape&, tflite::NdArrayDesc<N>*, tflite::NdArrayDesc<N>*) [with int N = 4]	88	static
../Middlewares/tensorflow/tensorflow/lite/kernels/internal/reference/integer_ops/mul.h:91:13:void tflite::reference_integer_ops::BroadcastMul4DSlow(const tflite::ArithmeticParams&, const tflite::RuntimeShape&, const T*, const tflite::RuntimeShape&, const T*, const tflite::RuntimeShape&, T*) [with T = signed char]	144	static
../Middlewares/tensorflow/tensorflow/lite/kernels/internal/reference/integer_ops/mul.h:91:13:void tflite::reference_integer_ops::BroadcastMul4DSlow(const tflite::ArithmeticParams&, const tflite::RuntimeShape&, const T*, const tflite::RuntimeShape&, const T*, const tflite::RuntimeShape&, T*) [with T = short int]	144	static
../Middlewares/tensorflow/tensorflow/lite/micro/kernels/cmsis_nn/mul.cc:32:6:void tflite::{anonymous}::EvalQuantized(TfLiteContext*, TfLiteNode*, const tflite::OpDataMul*, const TfLiteEvalTensor*, const TfLiteEvalTensor*, TfLiteEvalTensor*)	368	static
../Middlewares/tensorflow/tensorflow/lite/micro/kernels/cmsis_nn/mul.cc:154:14:TfLiteStatus tflite::EvalInt16(TfLiteContext*, TfLiteNode*)	24	static
../Middlewares/tensorflow/tensorflow/lite/micro/kernels/cmsis_nn/mul.cc:136:14:TfLiteStatus tflite::EvalInt8(TfLiteContext*, TfLiteNode*)	24	static
../Middlewares/tensorflow/tensorflow/lite/micro/kernels/cmsis_nn/mul.cc:99:14:TfLiteStatus tflite::Eval(TfLiteContext*, TfLiteNode*)	48	static
