Archive member included to satisfy reference by file (symbol)

../Core/Src/model.o(/home/matthias/Desktop/vmware-share/glow-profile-compile/scripting/workdir/build/model.o)
                              ./Core/Src/main.o (model)
../Core/Src/model.o(arm_cm4.o)
                              ../Core/Src/model.o(/home/matthias/Desktop/vmware-share/glow-profile-compile/scripting/workdir/build/model.o) (arm_cm_conv2d_1x1_i8)
/usr/lib/gcc/arm-none-eabi/9.2.1/../../../arm-none-eabi/lib/thumb/v7e-m+fp/hard/libc_nano.a(lib_a-atexit.o)
                              /usr/lib/gcc/arm-none-eabi/9.2.1/../../../arm-none-eabi/lib/thumb/v7e-m+fp/hard/crt0.o (atexit)
/usr/lib/gcc/arm-none-eabi/9.2.1/../../../arm-none-eabi/lib/thumb/v7e-m+fp/hard/libc_nano.a(lib_a-errno.o)
                              ./Core/Src/syscalls.o (__errno)
/usr/lib/gcc/arm-none-eabi/9.2.1/../../../arm-none-eabi/lib/thumb/v7e-m+fp/hard/libc_nano.a(lib_a-exit.o)
                              /usr/lib/gcc/arm-none-eabi/9.2.1/../../../arm-none-eabi/lib/thumb/v7e-m+fp/hard/crt0.o (exit)
/usr/lib/gcc/arm-none-eabi/9.2.1/../../../arm-none-eabi/lib/thumb/v7e-m+fp/hard/libc_nano.a(lib_a-fini.o)
                              /usr/lib/gcc/arm-none-eabi/9.2.1/../../../arm-none-eabi/lib/thumb/v7e-m+fp/hard/crt0.o (__libc_fini_array)
/usr/lib/gcc/arm-none-eabi/9.2.1/../../../arm-none-eabi/lib/thumb/v7e-m+fp/hard/libc_nano.a(lib_a-impure.o)
                              /usr/lib/gcc/arm-none-eabi/9.2.1/../../../arm-none-eabi/lib/thumb/v7e-m+fp/hard/libc_nano.a(lib_a-exit.o) (_global_impure_ptr)
/usr/lib/gcc/arm-none-eabi/9.2.1/../../../arm-none-eabi/lib/thumb/v7e-m+fp/hard/libc_nano.a(lib_a-init.o)
                              /usr/lib/gcc/arm-none-eabi/9.2.1/../../../arm-none-eabi/lib/thumb/v7e-m+fp/hard/crt0.o (__libc_init_array)
/usr/lib/gcc/arm-none-eabi/9.2.1/../../../arm-none-eabi/lib/thumb/v7e-m+fp/hard/libc_nano.a(lib_a-memcpy.o)
                              ./Core/Src/main.o (memcpy)
/usr/lib/gcc/arm-none-eabi/9.2.1/../../../arm-none-eabi/lib/thumb/v7e-m+fp/hard/libc_nano.a(lib_a-memset.o)
                              /usr/lib/gcc/arm-none-eabi/9.2.1/../../../arm-none-eabi/lib/thumb/v7e-m+fp/hard/crt0.o (memset)
/usr/lib/gcc/arm-none-eabi/9.2.1/../../../arm-none-eabi/lib/thumb/v7e-m+fp/hard/libc_nano.a(lib_a-sprintf.o)
                              ./Core/Src/profiling.o (sprintf)
/usr/lib/gcc/arm-none-eabi/9.2.1/../../../arm-none-eabi/lib/thumb/v7e-m+fp/hard/libc_nano.a(lib_a-__atexit.o)
                              /usr/lib/gcc/arm-none-eabi/9.2.1/../../../arm-none-eabi/lib/thumb/v7e-m+fp/hard/libc_nano.a(lib_a-atexit.o) (__register_exitproc)
/usr/lib/gcc/arm-none-eabi/9.2.1/../../../arm-none-eabi/lib/thumb/v7e-m+fp/hard/libc_nano.a(lib_a-__call_atexit.o)
                              /usr/lib/gcc/arm-none-eabi/9.2.1/../../../arm-none-eabi/lib/thumb/v7e-m+fp/hard/libc_nano.a(lib_a-__atexit.o) (__call_exitprocs)
/usr/lib/gcc/arm-none-eabi/9.2.1/../../../arm-none-eabi/lib/thumb/v7e-m+fp/hard/libc_nano.a(lib_a-nano-svfprintf.o)
                              /usr/lib/gcc/arm-none-eabi/9.2.1/../../../arm-none-eabi/lib/thumb/v7e-m+fp/hard/libc_nano.a(lib_a-sprintf.o) (_svfprintf_r)
/usr/lib/gcc/arm-none-eabi/9.2.1/../../../arm-none-eabi/lib/thumb/v7e-m+fp/hard/libc_nano.a(lib_a-nano-vfprintf_i.o)
                              /usr/lib/gcc/arm-none-eabi/9.2.1/../../../arm-none-eabi/lib/thumb/v7e-m+fp/hard/libc_nano.a(lib_a-nano-svfprintf.o) (_printf_i)
/usr/lib/gcc/arm-none-eabi/9.2.1/../../../arm-none-eabi/lib/thumb/v7e-m+fp/hard/libc_nano.a(lib_a-memchr.o)
                              /usr/lib/gcc/arm-none-eabi/9.2.1/../../../arm-none-eabi/lib/thumb/v7e-m+fp/hard/libc_nano.a(lib_a-nano-svfprintf.o) (memchr)
/usr/lib/gcc/arm-none-eabi/9.2.1/../../../arm-none-eabi/lib/thumb/v7e-m+fp/hard/libc_nano.a(lib_a-memmove.o)
                              /usr/lib/gcc/arm-none-eabi/9.2.1/../../../arm-none-eabi/lib/thumb/v7e-m+fp/hard/libc_nano.a(lib_a-nano-svfprintf.o) (memmove)
/usr/lib/gcc/arm-none-eabi/9.2.1/../../../arm-none-eabi/lib/thumb/v7e-m+fp/hard/libc_nano.a(lib_a-nano-freer.o)
                              /usr/lib/gcc/arm-none-eabi/9.2.1/../../../arm-none-eabi/lib/thumb/v7e-m+fp/hard/libc_nano.a(lib_a-nano-svfprintf.o) (_free_r)
/usr/lib/gcc/arm-none-eabi/9.2.1/../../../arm-none-eabi/lib/thumb/v7e-m+fp/hard/libc_nano.a(lib_a-nano-mallocr.o)
                              /usr/lib/gcc/arm-none-eabi/9.2.1/../../../arm-none-eabi/lib/thumb/v7e-m+fp/hard/libc_nano.a(lib_a-nano-svfprintf.o) (_malloc_r)
/usr/lib/gcc/arm-none-eabi/9.2.1/../../../arm-none-eabi/lib/thumb/v7e-m+fp/hard/libc_nano.a(lib_a-nano-reallocr.o)
                              /usr/lib/gcc/arm-none-eabi/9.2.1/../../../arm-none-eabi/lib/thumb/v7e-m+fp/hard/libc_nano.a(lib_a-nano-svfprintf.o) (_realloc_r)
/usr/lib/gcc/arm-none-eabi/9.2.1/../../../arm-none-eabi/lib/thumb/v7e-m+fp/hard/libc_nano.a(lib_a-sbrkr.o)
[...]
Memory Configuration

Name             Origin             Length             Attributes
RAM              0x0000000020000000 0x00000000000a0000 xrw
RAM2             0x0000000010000000 0x0000000000010000 xrw
RAM3             0x0000000020040000 0x0000000000060000 xrw
FLASH            0x0000000008000000 0x0000000000200000 xr
*default*        0x0000000000000000 0xffffffffffffffff

Linker script and memory map

LOAD /usr/lib/gcc/arm-none-eabi/9.2.1/thumb/v7e-m+fp/hard/crti.o
LOAD /usr/lib/gcc/arm-none-eabi/9.2.1/thumb/v7e-m+fp/hard/crtbegin.o
LOAD /usr/lib/gcc/arm-none-eabi/9.2.1/../../../arm-none-eabi/lib/thumb/v7e-m+fp/hard/crt0.o
LOAD ./Core/Src/main.o
LOAD ./Core/Src/profiling.o
LOAD ./Core/Src/stm32l4xx_hal_msp.o
LOAD ./Core/Src/stm32l4xx_it.o
LOAD ./Core/Src/syscalls.o
LOAD ./Core/Src/sysmem.o
LOAD ./Core/Src/system_stm32l4xx.o
LOAD ./Core/Startup/startup_stm32l4r5zitx.o
LOAD ./Drivers/STM32L4xx_HAL_Driver/Src/stm32l4xx_hal.o
LOAD ./Drivers/STM32L4xx_HAL_Driver/Src/stm32l4xx_hal_cortex.o
LOAD ./Drivers/STM32L4xx_HAL_Driver/Src/stm32l4xx_hal_dma.o
LOAD ./Drivers/STM32L4xx_HAL_Driver/Src/stm32l4xx_hal_dma_ex.o
LOAD ./Drivers/STM32L4xx_HAL_Driver/Src/stm32l4xx_hal_exti.o
LOAD ./Drivers/STM32L4xx_HAL_Driver/Src/stm32l4xx_hal_flash.o
LOAD ./Drivers/STM32L4xx_HAL_Driver/Src/stm32l4xx_hal_flash_ex.o
LOAD ./Drivers/STM32L4xx_HAL_Driver/Src/stm32l4xx_hal_flash_ramfunc.o
LOAD ./Drivers/STM32L4xx_HAL_Driver/Src/stm32l4xx_hal_gpio.o
LOAD ./Drivers/STM32L4xx_HAL_Driver/Src/stm32l4xx_hal_pcd.o
LOAD ./Drivers/STM32L4xx_HAL_Driver/Src/stm32l4xx_hal_pcd_ex.o
LOAD ./Drivers/STM32L4xx_HAL_Driver/Src/stm32l4xx_hal_pwr.o
LOAD ./Drivers/STM32L4xx_HAL_Driver/Src/stm32l4xx_hal_pwr_ex.o
LOAD ./Drivers/STM32L4xx_HAL_Driver/Src/stm32l4xx_hal_rcc.o
LOAD ./Drivers/STM32L4xx_HAL_Driver/Src/stm32l4xx_hal_rcc_ex.o
LOAD ./Drivers/STM32L4xx_HAL_Driver/Src/stm32l4xx_hal_tim.o
LOAD ./Drivers/STM32L4xx_HAL_Driver/Src/stm32l4xx_hal_tim_ex.o
LOAD ./Drivers/STM32L4xx_HAL_Driver/Src/stm32l4xx_hal_uart.o
LOAD ./Drivers/STM32L4xx_HAL_Driver/Src/stm32l4xx_hal_uart_ex.o
LOAD ./Drivers/STM32L4xx_HAL_Driver/Src/stm32l4xx_ll_usb.o
LOAD ../Core/Src/model.o
START GROUP
LOAD /usr/lib/gcc/arm-none-eabi/9.2.1/../../../arm-none-eabi/lib/thumb/v7e-m+fp/hard/libc_nano.a
LOAD /usr/lib/gcc/arm-none-eabi/9.2.1/../../../arm-none-eabi/lib/thumb/v7e-m+fp/hard/libm.a
END GROUP
START GROUP
LOAD /usr/lib/gcc/arm-none-eabi/9.2.1/thumb/v7e-m+fp/hard/libgcc.a
LOAD /usr/lib/gcc/arm-none-eabi/9.2.1/../../../arm-none-eabi/lib/thumb/v7e-m+fp/hard/libc_nano.a
END GROUP
START GROUP
LOAD /usr/lib/gcc/arm-none-eabi/9.2.1/thumb/v7e-m+fp/hard/libgcc.a
LOAD /usr/lib/gcc/arm-none-eabi/9.2.1/../../../arm-none-eabi/lib/thumb/v7e-m+fp/hard/libc_nano.a
LOAD /usr/lib/gcc/arm-none-eabi/9.2.1/../../../arm-none-eabi/lib/thumb/v7e-m+fp/hard/libnosys.a
END GROUP
START GROUP
LOAD /usr/lib/gcc/arm-none-eabi/9.2.1/thumb/v7e-m+fp/hard/libgcc.a
LOAD /usr/lib/gcc/arm-none-eabi/9.2.1/../../../arm-none-eabi/lib/thumb/v7e-m+fp/hard/libc_nano.a
LOAD /usr/lib/gcc/arm-none-eabi/9.2.1/../../../arm-none-eabi/lib/thumb/v7e-m+fp/hard/libnosys.a
END GROUP
LOAD /usr/lib/gcc/arm-none-eabi/9.2.1/thumb/v7e-m+fp/hard/crtend.o
LOAD /usr/lib/gcc/arm-none-eabi/9.2.1/thumb/v7e-m+fp/hard/crtn.o
                0x00000000200a0000                _estack = (ORIGIN (RAM) + LENGTH (RAM))
                0x0000000000000200                _Min_Heap_Size = 0x200
                0x0000000000000400                _Min_Stack_Size = 0x400

.isr_vector     0x0000000008000000      0x1bc
                0x0000000008000000                . = ALIGN (0x4)
 *(.isr_vector)
 .isr_vector    0x0000000008000000      0x1bc ./Core/Startup/startup_stm32l4r5zitx.o
                0x0000000008000000                g_pfnVectors
                0x00000000080001bc                . = ALIGN (0x4)

.text           0x00000000080001c0     0x6fd0
                0x00000000080001c0                . = ALIGN (0x4)
 *(.text)
 .text          0x00000000080001c0       0x88 /usr/lib/gcc/arm-none-eabi/9.2.1/thumb/v7e-m+fp/hard/crtbegin.o
 .text          0x0000000008000248      0xd1e ../Core/Src/model.o(/home/matthias/Desktop/vmware-share/glow-profile-compile/scripting/workdir/build/model.o)
                0x0000000008000248                model
 *fill*         0x0000000008000f66        0x2 
 .text          0x0000000008000f68        0xc /usr/lib/gcc/arm-none-eabi/9.2.1/../../../arm-none-eabi/lib/thumb/v7e-m+fp/hard/libc_nano.a(lib_a-errno.o)
                0x0000000008000f68                __errno
 .text          0x0000000008000f74       0x48 /usr/lib/gcc/arm-none-eabi/9.2.1/../../../arm-none-eabi/lib/thumb/v7e-m+fp/hard/libc_nano.a(lib_a-init.o)
                0x0000000008000f74                __libc_init_array
 .text          0x0000000008000fbc      0x134 /usr/lib/gcc/arm-none-eabi/9.2.1/../../../arm-none-eabi/lib/thumb/v7e-m+fp/hard/libc_nano.a(lib_a-memcpy.o)
                0x0000000008000fbc                memcpy
 .text          0x00000000080010f0       0xa0 /usr/lib/gcc/arm-none-eabi/9.2.1/../../../arm-none-eabi/lib/thumb/v7e-m+fp/hard/libc_nano.a(lib_a-memset.o)
                0x00000000080010f0                memset
 .text          0x0000000008001190       0x80 /usr/lib/gcc/arm-none-eabi/9.2.1/../../../arm-none-eabi/lib/thumb/v7e-m+fp/hard/libc_nano.a(lib_a-sprintf.o)
                0x0000000008001190                _siprintf_r
                0x0000000008001190                _sprintf_r
                0x00000000080011cc                sprintf
                0x00000000080011cc                siprintf
 .text          0x0000000008001210      0x42c /usr/lib/gcc/arm-none-eabi/9.2.1/../../../arm-none-eabi/lib/thumb/v7e-m+fp/hard/libc_nano.a(lib_a-nano-svfprintf.o)
                0x0000000008001210                __ssputs_r
                0x00000000080012d0                __ssprint_r
                0x00000000080013c8                _svfprintf_r
                0x00000000080013c8                _svfiprintf_r
 .text          0x000000000800163c      0x3c4 /usr/lib/gcc/arm-none-eabi/9.2.1/../../../arm-none-eabi/lib/thumb/v7e-m+fp/hard/libc_nano.a(lib_a-nano-vfprintf_i.o)
                0x000000000800163c                _printf_common
                0x0000000008001768                _printf_i
 .text          0x0000000008001a00       0xa0 /usr/lib/gcc/arm-none-eabi/9.2.1/../../../arm-none-eabi/lib/thumb/v7e-m+fp/hard/libc_nano.a(lib_a-memchr.o)
                0x0000000008001a00                memchr
 .text          0x0000000008001aa0       0xd0 /usr/lib/gcc/arm-none-eabi/9.2.1/../../../arm-none-eabi/lib/thumb/v7e-m+fp/hard/libc_nano.a(lib_a-memmove.o)
                0x0000000008001aa0                memmove
 .text          0x0000000008001b70       0xac /usr/lib/gcc/arm-none-eabi/9.2.1/../../../arm-none-eabi/lib/thumb/v7e-m+fp/hard/libc_nano.a(lib_a-nano-freer.o)
                0x0000000008001b70                _free_r
 .text          0x0000000008001c1c       0xc8 /usr/lib/gcc/arm-none-eabi/9.2.1/../../../arm-none-eabi/lib/thumb/v7e-m+fp/hard/libc_nano.a(lib_a-nano-mallocr.o)
                0x0000000008001c1c                _malloc_r
 .text          0x0000000008001ce4       0x4c /usr/lib/gcc/arm-none-eabi/9.2.1/../../../arm-none-eabi/lib/thumb/v7e-m+fp/hard/libc_nano.a(lib_a-nano-reallocr.o)
                0x0000000008001ce4                _realloc_r
 .text          0x0000000008001d30       0x24 /usr/lib/gcc/arm-none-eabi/9.2.1/../../../arm-none-eabi/lib/thumb/v7e-m+fp/hard/libc_nano.a(lib_a-sbrkr.o)
                0x0000000008001d30                _sbrk_r
 .text          0x0000000008001d54        0x8 /usr/lib/gcc/arm-none-eabi/9.2.1/../../../arm-none-eabi/lib/thumb/v7e-m+fp/hard/libc_nano.a(lib_a-mlock.o)
                0x0000000008001d54                __malloc_lock
                0x0000000008001d58                __malloc_unlock
 .text          0x0000000008001d5c       0x10 /usr/lib/gcc/arm-none-eabi/9.2.1/../../../arm-none-eabi/lib/thumb/v7e-m+fp/hard/libc_nano.a(lib_a-nano-msizer.o)
                0x0000000008001d5c                _malloc_usable_size_r
 .text          0x0000000008001d6c       0x30 /usr/lib/gcc/arm-none-eabi/9.2.1/thumb/v7e-m+fp/hard/libgcc.a(_aeabi_uldivmod.o)
                0x0000000008001d6c                __aeabi_uldivmod
 .text          0x0000000008001d9c      0x2c4 /usr/lib/gcc/arm-none-eabi/9.2.1/thumb/v7e-m+fp/hard/libgcc.a(_udivmoddi4.o)
                0x0000000008001d9c                __udivmoddi4
 .text          0x0000000008002060      0x9b8 /usr/lib/gcc/arm-none-eabi/9.2.1/thumb/v7e-m+fp/hard/libgcc.a(unwind-arm.o)
                0x0000000008002308                _Unwind_GetCFA
                0x000000000800230c                __gnu_Unwind_RaiseException
                0x000000000800236c                __gnu_Unwind_ForcedUnwind
                0x0000000008002380                __gnu_Unwind_Resume
                0x00000000080023c4                __gnu_Unwind_Resume_or_Rethrow
                0x00000000080023d4                _Unwind_Complete
                0x00000000080023d8                _Unwind_DeleteException
                0x00000000080023e4                _Unwind_VRS_Get
                0x000000000800242c                _Unwind_VRS_Set
                0x0000000008002474                __gnu_Unwind_Backtrace
                0x0000000008002794                __aeabi_unwind_cpp_pr0
                0x0000000008002798                __aeabi_unwind_cpp_pr1
                0x000000000800279c                __aeabi_unwind_cpp_pr2
                0x00000000080027a0                _Unwind_VRS_Pop
 .text          0x0000000008002a18      0x1ac /usr/lib/gcc/arm-none-eabi/9.2.1/thumb/v7e-m+fp/hard/libgcc.a(libunwind.o)
                0x0000000008002a18                __restore_core_regs
                0x0000000008002a18                restore_core_regs
                0x0000000008002a30                __gnu_Unwind_Restore_VFP
                0x0000000008002a38                __gnu_Unwind_Save_VFP
                0x0000000008002a40                __gnu_Unwind_Restore_VFP_D
                0x0000000008002a48                __gnu_Unwind_Save_VFP_D
                0x0000000008002a50                __gnu_Unwind_Restore_VFP_D_16_to_31
                0x0000000008002a58                __gnu_Unwind_Save_VFP_D_16_to_31
                0x0000000008002a60                __gnu_Unwind_Restore_WMMXD
                0x0000000008002aa4                __gnu_Unwind_Save_WMMXD
                0x0000000008002ae8                __gnu_Unwind_Restore_WMMXC
                0x0000000008002afc                __gnu_Unwind_Save_WMMXC
                0x0000000008002b10                ___Unwind_RaiseException
                0x0000000008002b10                _Unwind_RaiseException
                0x0000000008002b34                ___Unwind_Resume
                0x0000000008002b34                _Unwind_Resume
                0x0000000008002b58                _Unwind_Resume_or_Rethrow
                0x0000000008002b58                ___Unwind_Resume_or_Rethrow
                0x0000000008002b7c                ___Unwind_ForcedUnwind
                0x0000000008002b7c                _Unwind_ForcedUnwind
                0x0000000008002ba0                _Unwind_Backtrace
                0x0000000008002ba0                ___Unwind_Backtrace
 .text          0x0000000008002bc4      0x340 /usr/lib/gcc/arm-none-eabi/9.2.1/thumb/v7e-m+fp/hard/libgcc.a(pr-support.o)
                0x0000000008002c1c                __gnu_unwind_execute
                0x0000000008002eb8                __gnu_unwind_frame
                0x0000000008002ee4                _Unwind_GetRegionStart
                0x0000000008002ef0                _Unwind_GetLanguageSpecificData
 .text          0x0000000008002f04        0x4 /usr/lib/gcc/arm-none-eabi/9.2.1/thumb/v7e-m+fp/hard/libgcc.a(_dvmd_tls.o)
                0x0000000008002f04                __aeabi_ldiv0
                0x0000000008002f04                __aeabi_idiv0
 .text          0x0000000008002f08       0x10 /usr/lib/gcc/arm-none-eabi/9.2.1/../../../arm-none-eabi/lib/thumb/v7e-m+fp/hard/libc_nano.a(lib_a-abort.o)
                0x0000000008002f08                abort
 .text          0x0000000008002f18      0x150 /usr/lib/gcc/arm-none-eabi/9.2.1/../../../arm-none-eabi/lib/thumb/v7e-m+fp/hard/libc_nano.a(lib_a-signal.o)
                0x0000000008002f40                _init_signal_r
                0x0000000008002f4c                _signal_r
                0x0000000008002f80                _raise_r
                0x0000000008002fd4                __sigtramp_r
                0x0000000008003024                raise
                0x0000000008003034                signal
                0x0000000008003044                _init_signal
                0x0000000008003058                __sigtramp
 .text          0x0000000008003068       0x2c /usr/lib/gcc/arm-none-eabi/9.2.1/../../../arm-none-eabi/lib/thumb/v7e-m+fp/hard/libc_nano.a(lib_a-signalr.o)
                0x0000000008003068                _kill_r
                0x0000000008003090                _getpid_r
 *(.text*)
 .text.glow_instrument_before
                0x0000000008003094        0xc ./Core/Src/main.o
                0x0000000008003094                glow_instrument_before
 .text.glow_instrument_after
                0x00000000080030a0        0xc ./Core/Src/main.o
                0x00000000080030a0                glow_instrument_after
 .text.SystemClock_Config
                0x00000000080030ac       0x7c ./Core/Src/main.o
                0x00000000080030ac                SystemClock_Config
 .text.startup.main
                0x0000000008003128      0x26c ./Core/Src/main.o
                0x0000000008003128                main
 .text.Error_Handler
                0x0000000008003394        0x4 ./Core/Src/main.o
                0x0000000008003394                Error_Handler
 .text.PROFILING_START
                0x0000000008003398       0x50 ./Core/Src/profiling.o
                0x0000000008003398                PROFILING_START
 .text.PROFILING_EVENT
                0x00000000080033e8       0x34 ./Core/Src/profiling.o
                0x00000000080033e8                PROFILING_EVENT
 .text.PROFILING_STOP
                0x000000000800341c      0x100 ./Core/Src/profiling.o
                0x000000000800341c                PROFILING_STOP
 .text.HAL_MspInit
                0x000000000800351c       0x30 ./Core/Src/stm32l4xx_hal_msp.o
                0x000000000800351c                HAL_MspInit
 .text.HAL_UART_MspInit
                0x000000000800354c      0x100 ./Core/Src/stm32l4xx_hal_msp.o
                0x000000000800354c                HAL_UART_MspInit
 .text.HAL_PCD_MspInit
                0x000000000800364c       0xd0 ./Core/Src/stm32l4xx_hal_msp.o
                0x000000000800364c                HAL_PCD_MspInit
 .text.NMI_Handler
                0x000000000800371c        0x4 ./Core/Src/stm32l4xx_it.o
                0x000000000800371c                NMI_Handler
 .text.HardFault_Handler
                0x0000000008003720        0x4 ./Core/Src/stm32l4xx_it.o
                0x0000000008003720                HardFault_Handler
 .text.MemManage_Handler
                0x0000000008003724        0x4 ./Core/Src/stm32l4xx_it.o
                0x0000000008003724                MemManage_Handler
 .text.BusFault_Handler
                0x0000000008003728        0x4 ./Core/Src/stm32l4xx_it.o
                0x0000000008003728                BusFault_Handler
 .text.UsageFault_Handler
                0x000000000800372c        0x4 ./Core/Src/stm32l4xx_it.o
                0x000000000800372c                UsageFault_Handler
 .text.SVC_Handler
                0x0000000008003730        0x4 ./Core/Src/stm32l4xx_it.o
                0x0000000008003730                SVC_Handler
 .text.DebugMon_Handler
                0x0000000008003734        0x4 ./Core/Src/stm32l4xx_it.o
                0x0000000008003734                DebugMon_Handler
 .text.PendSV_Handler
                0x0000000008003738        0x4 ./Core/Src/stm32l4xx_it.o
                0x0000000008003738                PendSV_Handler
 .text.SysTick_Handler
                0x000000000800373c        0x4 ./Core/Src/stm32l4xx_it.o
                0x000000000800373c                SysTick_Handler
 .text._getpid  0x0000000008003740        0x4 ./Core/Src/syscalls.o
                0x0000000008003740                _getpid
 .text._kill    0x0000000008003744       0x10 ./Core/Src/syscalls.o
                0x0000000008003744                _kill
 .text._exit    0x0000000008003754        0xc ./Core/Src/syscalls.o
                0x0000000008003754                _exit
 .text._sbrk    0x0000000008003760       0x44 ./Core/Src/sysmem.o
                0x0000000008003760                _sbrk
 .text.SystemInit
                0x00000000080037a4       0x14 ./Core/Src/system_stm32l4xx.o
                0x00000000080037a4                SystemInit
 .text.Reset_Handler
                0x00000000080037b8       0x50 ./Core/Startup/startup_stm32l4r5zitx.o
                0x00000000080037b8                Reset_Handler
 .text.Default_Handler
                0x0000000008003808        0x2 ./Core/Startup/startup_stm32l4r5zitx.o
                0x0000000008003808                RTC_Alarm_IRQHandler
                0x0000000008003808                EXTI2_IRQHandler
                0x0000000008003808                TIM8_TRG_COM_IRQHandler
                0x0000000008003808                TIM8_CC_IRQHandler
                0x0000000008003808                TIM1_CC_IRQHandler
                0x0000000008003808                TSC_IRQHandler
                0x0000000008003808                TAMP_STAMP_IRQHandler
                0x0000000008003808                EXTI3_IRQHandler
                0x0000000008003808                LPTIM2_IRQHandler
                0x0000000008003808                DFSDM1_FLT1_IRQHandler
                0x0000000008003808                GFXMMU_IRQHandler
                0x0000000008003808                I2C3_ER_IRQHandler
                0x0000000008003808                DFSDM1_FLT2_IRQHandler
                0x0000000008003808                EXTI0_IRQHandler
                0x0000000008003808                I2C2_EV_IRQHandler
                0x0000000008003808                CAN1_RX0_IRQHandler
                0x0000000008003808                FPU_IRQHandler
                0x0000000008003808                TIM1_UP_TIM16_IRQHandler
                0x0000000008003808                LTDC_ER_IRQHandler
                0x0000000008003808                SPI1_IRQHandler
                0x0000000008003808                OCTOSPI1_IRQHandler
                0x0000000008003808                TIM6_DAC_IRQHandler
                0x0000000008003808                DCMI_IRQHandler
                0x0000000008003808                TIM8_UP_IRQHandler
                0x0000000008003808                OCTOSPI2_IRQHandler
                0x0000000008003808                DMA2_Channel2_IRQHandler
                0x0000000008003808                DMA1_Channel4_IRQHandler
                0x0000000008003808                SAI2_IRQHandler
                0x0000000008003808                ADC1_IRQHandler
                0x0000000008003808                DFSDM1_FLT3_IRQHandler
                0x0000000008003808                USART3_IRQHandler
                0x0000000008003808                DMA1_Channel7_IRQHandler
                0x0000000008003808                CAN1_RX1_IRQHandler
                0x0000000008003808                UART5_IRQHandler
                0x0000000008003808                TIM4_IRQHandler
                0x0000000008003808                DMA2_Channel1_IRQHandler
                0x0000000008003808                I2C1_EV_IRQHandler
                0x0000000008003808                DMAMUX1_OVR_IRQHandler
                0x0000000008003808                DMA1_Channel6_IRQHandler
                0x0000000008003808                UART4_IRQHandler
                0x0000000008003808                DMA2_Channel4_IRQHandler
                0x0000000008003808                TIM3_IRQHandler
                0x0000000008003808                RCC_IRQHandler
                0x0000000008003808                DMA1_Channel1_IRQHandler
                0x0000000008003808                Default_Handler
                0x0000000008003808                DMA2_Channel7_IRQHandler
                0x0000000008003808                EXTI15_10_IRQHandler
                0x0000000008003808                TIM7_IRQHandler
                0x0000000008003808                SDMMC1_IRQHandler
                0x0000000008003808                TIM5_IRQHandler
                0x0000000008003808                I2C3_EV_IRQHandler
                0x0000000008003808                EXTI9_5_IRQHandler
                0x0000000008003808                RTC_WKUP_IRQHandler
                0x0000000008003808                LTDC_IRQHandler
                0x0000000008003808                PVD_PVM_IRQHandler
                0x0000000008003808                SPI2_IRQHandler
                0x0000000008003808                CAN1_TX_IRQHandler
                0x0000000008003808                DMA2_Channel5_IRQHandler
                0x0000000008003808                CRS_IRQHandler
                0x0000000008003808                DMA1_Channel5_IRQHandler
                0x0000000008003808                EXTI4_IRQHandler
                0x0000000008003808                RNG_IRQHandler
                0x0000000008003808                TIM1_TRG_COM_TIM17_IRQHandler
                0x0000000008003808                DMA1_Channel3_IRQHandler
                0x0000000008003808                COMP_IRQHandler
                0x0000000008003808                WWDG_IRQHandler
                0x0000000008003808                I2C4_EV_IRQHandler
                0x0000000008003808                LPUART1_IRQHandler
                0x0000000008003808                DMA2_Channel6_IRQHandler
                0x0000000008003808                TIM2_IRQHandler
                0x0000000008003808                DMA2D_IRQHandler
                0x0000000008003808                EXTI1_IRQHandler
                0x0000000008003808                USART2_IRQHandler
                0x0000000008003808                DFSDM1_FLT0_IRQHandler
                0x0000000008003808                I2C2_ER_IRQHandler
                0x0000000008003808                DMA1_Channel2_IRQHandler
                0x0000000008003808                TIM8_BRK_IRQHandler
                0x0000000008003808                CAN1_SCE_IRQHandler
                0x0000000008003808                FLASH_IRQHandler
                0x0000000008003808                USART1_IRQHandler
                0x0000000008003808                OTG_FS_IRQHandler
                0x0000000008003808                SPI3_IRQHandler
                0x0000000008003808                I2C1_ER_IRQHandler
                0x0000000008003808                FMC_IRQHandler
                0x0000000008003808                LPTIM1_IRQHandler
                0x0000000008003808                I2C4_ER_IRQHandler
                0x0000000008003808                SAI1_IRQHandler
                0x0000000008003808                DMA2_Channel3_IRQHandler
                0x0000000008003808                TIM1_BRK_TIM15_IRQHandler
 *fill*         0x000000000800380a        0x2 
 .text.HAL_InitTick
                0x000000000800380c       0x4c ./Drivers/STM32L4xx_HAL_Driver/Src/stm32l4xx_hal.o
                0x000000000800380c                HAL_InitTick
 .text.HAL_Init
                0x0000000008003858       0x20 ./Drivers/STM32L4xx_HAL_Driver/Src/stm32l4xx_hal.o
                0x0000000008003858                HAL_Init
 .text.HAL_IncTick
                0x0000000008003878       0x18 ./Drivers/STM32L4xx_HAL_Driver/Src/stm32l4xx_hal.o
                0x0000000008003878                HAL_IncTick
 .text.HAL_GetTick
                0x0000000008003890        0xc ./Drivers/STM32L4xx_HAL_Driver/Src/stm32l4xx_hal.o
                0x0000000008003890                HAL_GetTick
 .text.HAL_Delay
                0x000000000800389c       0x24 ./Drivers/STM32L4xx_HAL_Driver/Src/stm32l4xx_hal.o
                0x000000000800389c                HAL_Delay
 .text.HAL_NVIC_SetPriorityGrouping
                0x00000000080038c0       0x28 ./Drivers/STM32L4xx_HAL_Driver/Src/stm32l4xx_hal_cortex.o
                0x00000000080038c0                HAL_NVIC_SetPriorityGrouping
 .text.HAL_NVIC_SetPriority
                0x00000000080038e8       0x70 ./Drivers/STM32L4xx_HAL_Driver/Src/stm32l4xx_hal_cortex.o
                0x00000000080038e8                HAL_NVIC_SetPriority
 .text.HAL_SYSTICK_Config
                0x0000000008003958       0x34 ./Drivers/STM32L4xx_HAL_Driver/Src/stm32l4xx_hal_cortex.o
                0x0000000008003958                HAL_SYSTICK_Config
 .text.HAL_GPIO_Init
                0x000000000800398c      0x218 ./Drivers/STM32L4xx_HAL_Driver/Src/stm32l4xx_hal_gpio.o
                0x000000000800398c                HAL_GPIO_Init
 .text.HAL_GPIO_WritePin
                0x0000000008003ba4        0xc ./Drivers/STM32L4xx_HAL_Driver/Src/stm32l4xx_hal_gpio.o
                0x0000000008003ba4                HAL_GPIO_WritePin
 .text.HAL_PCD_Init
                0x0000000008003bb0      0x128 ./Drivers/STM32L4xx_HAL_Driver/Src/stm32l4xx_hal_pcd.o
                0x0000000008003bb0                HAL_PCD_Init
 .text.HAL_PCDEx_ActivateLPM
                0x0000000008003cd8       0x2c ./Drivers/STM32L4xx_HAL_Driver/Src/stm32l4xx_hal_pcd_ex.o
                0x0000000008003cd8                HAL_PCDEx_ActivateLPM
 .text.HAL_PWREx_GetVoltageRange
                0x0000000008003d04       0x24 ./Drivers/STM32L4xx_HAL_Driver/Src/stm32l4xx_hal_pwr_ex.o
                0x0000000008003d04                HAL_PWREx_GetVoltageRange
 .text.HAL_PWREx_ControlVoltageScaling
                0x0000000008003d28       0xfc ./Drivers/STM32L4xx_HAL_Driver/Src/stm32l4xx_hal_pwr_ex.o
                0x0000000008003d28                HAL_PWREx_ControlVoltageScaling
 .text.HAL_PWREx_EnableVddUSB
                0x0000000008003e24       0x10 ./Drivers/STM32L4xx_HAL_Driver/Src/stm32l4xx_hal_pwr_ex.o
                0x0000000008003e24                HAL_PWREx_EnableVddUSB
 .text.HAL_PWREx_EnableVddIO2
                0x0000000008003e34       0x10 ./Drivers/STM32L4xx_HAL_Driver/Src/stm32l4xx_hal_pwr_ex.o
                0x0000000008003e34                HAL_PWREx_EnableVddIO2
 .text.RCC_SetFlashLatencyFromMSIRange
                0x0000000008003e44       0x84 ./Drivers/STM32L4xx_HAL_Driver/Src/stm32l4xx_hal_rcc.o
 .text.HAL_RCC_GetSysClockFreq
                0x0000000008003ec8       0xb4 ./Drivers/STM32L4xx_HAL_Driver/Src/stm32l4xx_hal_rcc.o
                0x0000000008003ec8                HAL_RCC_GetSysClockFreq
 .text.HAL_RCC_OscConfig
                0x0000000008003f7c      0x62c ./Drivers/STM32L4xx_HAL_Driver/Src/stm32l4xx_hal_rcc.o
                0x0000000008003f7c                HAL_RCC_OscConfig
 .text.HAL_RCC_ClockConfig
                0x00000000080045a8      0x260 ./Drivers/STM32L4xx_HAL_Driver/Src/stm32l4xx_hal_rcc.o
                0x00000000080045a8                HAL_RCC_ClockConfig
 .text.HAL_RCC_GetPCLK1Freq
                0x0000000008004808       0x24 ./Drivers/STM32L4xx_HAL_Driver/Src/stm32l4xx_hal_rcc.o
                0x0000000008004808                HAL_RCC_GetPCLK1Freq
 .text.HAL_RCC_GetPCLK2Freq
                0x000000000800482c       0x24 ./Drivers/STM32L4xx_HAL_Driver/Src/stm32l4xx_hal_rcc.o
                0x000000000800482c                HAL_RCC_GetPCLK2Freq
 .text.RCCEx_PLLSAI1_Config
                0x0000000008004850      0x124 ./Drivers/STM32L4xx_HAL_Driver/Src/stm32l4xx_hal_rcc_ex.o
 .text.RCCEx_PLLSAI2_Config.constprop.0
                0x0000000008004974       0xd0 ./Drivers/STM32L4xx_HAL_Driver/Src/stm32l4xx_hal_rcc_ex.o
 .text.HAL_RCCEx_PeriphCLKConfig
                0x0000000008004a44      0x490 ./Drivers/STM32L4xx_HAL_Driver/Src/stm32l4xx_hal_rcc_ex.o
                0x0000000008004a44                HAL_RCCEx_PeriphCLKConfig
 .text.UART_SetConfig
                0x0000000008004ed4      0x318 ./Drivers/STM32L4xx_HAL_Driver/Src/stm32l4xx_hal_uart.o
                0x0000000008004ed4                UART_SetConfig
 .text.UART_AdvFeatureConfig
                0x00000000080051ec       0xb0 ./Drivers/STM32L4xx_HAL_Driver/Src/stm32l4xx_hal_uart.o
                0x00000000080051ec                UART_AdvFeatureConfig
 .text.UART_WaitOnFlagUntilTimeout
                0x000000000800529c       0xf0 ./Drivers/STM32L4xx_HAL_Driver/Src/stm32l4xx_hal_uart.o
                0x000000000800529c                UART_WaitOnFlagUntilTimeout
 .text.HAL_UART_Transmit
                0x000000000800538c      0x18c ./Drivers/STM32L4xx_HAL_Driver/Src/stm32l4xx_hal_uart.o
                0x000000000800538c                HAL_UART_Transmit
 .text.HAL_UART_Init
                0x0000000008005518       0xd8 ./Drivers/STM32L4xx_HAL_Driver/Src/stm32l4xx_hal_uart.o
                0x0000000008005518                HAL_UART_Init
 .text.HAL_UARTEx_DisableFifoMode
                0x00000000080055f0       0x3c ./Drivers/STM32L4xx_HAL_Driver/Src/stm32l4xx_hal_uart_ex.o
                0x00000000080055f0                HAL_UARTEx_DisableFifoMode
 .text.HAL_UARTEx_SetTxFifoThreshold
                0x000000000800562c       0x7c ./Drivers/STM32L4xx_HAL_Driver/Src/stm32l4xx_hal_uart_ex.o
                0x000000000800562c                HAL_UARTEx_SetTxFifoThreshold
 .text.HAL_UARTEx_SetRxFifoThreshold
                0x00000000080056a8       0x7c ./Drivers/STM32L4xx_HAL_Driver/Src/stm32l4xx_hal_uart_ex.o
                0x00000000080056a8                HAL_UARTEx_SetRxFifoThreshold
 .text.USB_CoreInit
                0x0000000008005724       0x80 ./Drivers/STM32L4xx_HAL_Driver/Src/stm32l4xx_ll_usb.o
                0x0000000008005724                USB_CoreInit
 .text.USB_DisableGlobalInt
                0x00000000080057a4       0x10 ./Drivers/STM32L4xx_HAL_Driver/Src/stm32l4xx_ll_usb.o
                0x00000000080057a4                USB_DisableGlobalInt
 .text.USB_SetCurrentMode
                0x00000000080057b4       0x70 ./Drivers/STM32L4xx_HAL_Driver/Src/stm32l4xx_ll_usb.o
                0x00000000080057b4                USB_SetCurrentMode
 .text.USB_DevInit
                0x0000000008005824      0x1f8 ./Drivers/STM32L4xx_HAL_Driver/Src/stm32l4xx_ll_usb.o
                0x0000000008005824                USB_DevInit
 .text.USB_DevDisconnect
                0x0000000008005a1c       0x1c ./Drivers/STM32L4xx_HAL_Driver/Src/stm32l4xx_ll_usb.o
                0x0000000008005a1c                USB_DevDisconnect
 .text.arm_cm_conv2d_1x1_i8
                0x0000000008005a38      0x5a2 ../Core/Src/model.o(arm_cm4.o)
                0x0000000008005a38                arm_cm_conv2d_1x1_i8
 .text.arm_cm_conv2d_cwq_1x1_i8
                0x0000000008005fda      0x59a ../Core/Src/model.o(arm_cm4.o)
                0x0000000008005fda                arm_cm_conv2d_cwq_1x1_i8
 .text.arm_cm_conv2d_cwq_dw_i8
                0x0000000008006574      0x4ae ../Core/Src/model.o(arm_cm4.o)
                0x0000000008006574                arm_cm_conv2d_cwq_dw_i8
 .text.arm_cm_conv2d_cwq_std_i8
                0x0000000008006a22      0x756 ../Core/Src/model.o(arm_cm4.o)
                0x0000000008006a22                arm_cm_conv2d_cwq_std_i8
 *(.glue_7)
 .glue_7        0x0000000008007178        0x0 linker stubs
 *(.glue_7t)
 .glue_7t       0x0000000008007178        0x0 linker stubs
 *(.eh_frame)
 .eh_frame      0x0000000008007178        0x0 /usr/lib/gcc/arm-none-eabi/9.2.1/thumb/v7e-m+fp/hard/crtbegin.o
 *(.init)
 .init          0x0000000008007178        0x4 /usr/lib/gcc/arm-none-eabi/9.2.1/thumb/v7e-m+fp/hard/crti.o
                0x0000000008007178                _init
 .init          0x000000000800717c        0x8 /usr/lib/gcc/arm-none-eabi/9.2.1/thumb/v7e-m+fp/hard/crtn.o
 *(.fini)
 .fini          0x0000000008007184        0x4 /usr/lib/gcc/arm-none-eabi/9.2.1/thumb/v7e-m+fp/hard/crti.o
                0x0000000008007184                _fini
 .fini          0x0000000008007188        0x8 /usr/lib/gcc/arm-none-eabi/9.2.1/thumb/v7e-m+fp/hard/crtn.o
                0x0000000008007190                . = ALIGN (0x4)
                0x0000000008007190                _etext = .

.vfp11_veneer   0x0000000008007190        0x0
 .vfp11_veneer  0x0000000008007190        0x0 linker stubs

.v4_bx          0x0000000008007190        0x0
 .v4_bx         0x0000000008007190        0x0 linker stubs

.iplt           0x0000000008007190        0x0
 .iplt          0x0000000008007190        0x0 /usr/lib/gcc/arm-none-eabi/9.2.1/thumb/v7e-m+fp/hard/crtbegin.o

.rodata         0x0000000008007190     0x6e14
                0x0000000008007190                . = ALIGN (0x4)
 *(.rodata)
 .rodata        0x0000000008007190     0x5f80 ./Core/Src/main.o
 .rodata        0x000000000800d110      0xd00 ../Core/Src/model.o(/home/matthias/Desktop/vmware-share/glow-profile-compile/scripting/workdir/build/model.o)
 *(.rodata*)
 .rodata.glow_instrument_before.str1.4
                0x000000000800de10        0x6 ./Core/Src/main.o
 *fill*         0x000000000800de16        0x2 
 .rodata.glow_instrument_after.str1.4
                0x000000000800de18        0x5 ./Core/Src/main.o
 *fill*         0x000000000800de1d        0x3 
 .rodata.main.str1.4
                0x000000000800de20       0x20 ./Core/Src/main.o
 .rodata.PROFILING_STOP.str1.4
                0x000000000800de40       0xa3 ./Core/Src/profiling.o
                                         0xa7 (size before relaxing)
 *fill*         0x000000000800dee3        0x1 
 .rodata.AHBPrescTable
                0x000000000800dee4       0x10 ./Core/Src/system_stm32l4xx.o
                0x000000000800dee4                AHBPrescTable
 .rodata.APBPrescTable
                0x000000000800def4        0x8 ./Core/Src/system_stm32l4xx.o
                0x000000000800def4                APBPrescTable
 .rodata.MSIRangeTable
                0x000000000800defc       0x30 ./Core/Src/system_stm32l4xx.o
                0x000000000800defc                MSIRangeTable
 .rodata.CSWTCH.60
                0x000000000800df2c        0x3 ./Drivers/STM32L4xx_HAL_Driver/Src/stm32l4xx_hal_uart.o
 *fill*         0x000000000800df2f        0x1 
 .rodata.CSWTCH.61
                0x000000000800df30        0xd ./Drivers/STM32L4xx_HAL_Driver/Src/stm32l4xx_hal_uart.o
 *fill*         0x000000000800df3d        0x3 
 .rodata.UARTPrescTable
                0x000000000800df40       0x18 ./Drivers/STM32L4xx_HAL_Driver/Src/stm32l4xx_hal_uart.o
                0x000000000800df40                UARTPrescTable
 .rodata.denominator.8680
                0x000000000800df58        0x8 ./Drivers/STM32L4xx_HAL_Driver/Src/stm32l4xx_hal_uart_ex.o
 .rodata.numerator.8679
                0x000000000800df60        0x8 ./Drivers/STM32L4xx_HAL_Driver/Src/stm32l4xx_hal_uart_ex.o
 .rodata.str1.4
                0x000000000800df68       0x13 /usr/lib/gcc/arm-none-eabi/9.2.1/../../../arm-none-eabi/lib/thumb/v7e-m+fp/hard/libc_nano.a(lib_a-nano-svfprintf.o)
 *fill*         0x000000000800df7b        0x1 
 .rodata.str1.4
                0x000000000800df7c       0x25 /usr/lib/gcc/arm-none-eabi/9.2.1/../../../arm-none-eabi/lib/thumb/v7e-m+fp/hard/libc_nano.a(lib_a-nano-vfprintf_i.o)
                0x000000000800dfa4                . = ALIGN (0x4)
 *fill*         0x000000000800dfa1        0x3 

.ARM.extab      0x000000000800dfa4       0x18
                0x000000000800dfa4                . = ALIGN (0x4)
 *(.ARM.extab* .gnu.linkonce.armextab.*)
 .ARM.extab     0x000000000800dfa4       0x18 /usr/lib/gcc/arm-none-eabi/9.2.1/thumb/v7e-m+fp/hard/libgcc.a(pr-support.o)
                0x000000000800dfbc                . = ALIGN (0x4)

.ARM            0x000000000800dfbc       0xc0
                0x000000000800dfbc                . = ALIGN (0x4)
                0x000000000800dfbc                __exidx_start = .
 *(.ARM.exidx*)
 .ARM.exidx     0x000000000800dfbc       0x10 ../Core/Src/model.o(/home/matthias/Desktop/vmware-share/glow-profile-compile/scripting/workdir/build/model.o)
                                         0x18 (size before relaxing)
 .ARM.exidx     0x000000000800dfcc        0x0 /usr/lib/gcc/arm-none-eabi/9.2.1/thumb/v7e-m+fp/hard/libgcc.a(_udivmoddi4.o)
                                          0x8 (size before relaxing)
 .ARM.exidx     0x000000000800dfcc       0x78 /usr/lib/gcc/arm-none-eabi/9.2.1/thumb/v7e-m+fp/hard/libgcc.a(unwind-arm.o)
                                         0xd8 (size before relaxing)
 .ARM.exidx     0x000000000800e044       0x38 /usr/lib/gcc/arm-none-eabi/9.2.1/thumb/v7e-m+fp/hard/libgcc.a(pr-support.o)
                0x000000000800e07c                __exidx_end = .
                0x000000000800e07c                . = ALIGN (0x4)

.rel.dyn        0x000000000800e07c        0x0
 .rel.iplt      0x000000000800e07c        0x0 /usr/lib/gcc/arm-none-eabi/9.2.1/thumb/v7e-m+fp/hard/crtbegin.o

.preinit_array  0x000000000800e07c        0x0
                0x000000000800e07c                . = ALIGN (0x4)
                0x000000000800e07c                PROVIDE (__preinit_array_start = .)
 *(.preinit_array*)
                0x000000000800e07c                PROVIDE (__preinit_array_end = .)
                0x000000000800e07c                . = ALIGN (0x4)

.init_array     0x000000000800e07c        0x4
                0x000000000800e07c                . = ALIGN (0x4)
                0x000000000800e07c                PROVIDE (__init_array_start = .)
 *(SORT_BY_NAME(.init_array.*))
 *(.init_array*)
 .init_array    0x000000000800e07c        0x4 /usr/lib/gcc/arm-none-eabi/9.2.1/thumb/v7e-m+fp/hard/crtbegin.o
                0x000000000800e080                PROVIDE (__init_array_end = .)
                0x000000000800e080                . = ALIGN (0x4)

.fini_array     0x000000000800e080        0x4
                0x000000000800e080                . = ALIGN (0x4)
                0x000000000800e080                PROVIDE (__fini_array_start = .)
 *(SORT_BY_NAME(.fini_array.*))
 *(.fini_array*)
 .fini_array    0x000000000800e080        0x4 /usr/lib/gcc/arm-none-eabi/9.2.1/thumb/v7e-m+fp/hard/crtbegin.o
                0x000000000800e084                PROVIDE (__fini_array_end = .)
                0x000000000800e084                . = ALIGN (0x4)
                0x000000000800e084                _sidata = LOADADDR (.data)

.data           0x0000000020000000       0x78 load address 0x000000000800e084
                0x0000000020000000                . = ALIGN (0x4)
                0x0000000020000000                _sdata = .
 *(.data)
 .data          0x0000000020000000       0x64 /usr/lib/gcc/arm-none-eabi/9.2.1/../../../arm-none-eabi/lib/thumb/v7e-m+fp/hard/libc_nano.a(lib_a-impure.o)
                0x0000000020000000                _impure_ptr
 *(.data*)
 .data.LAR      0x0000000020000064        0x4 ./Core/Src/profiling.o
                0x0000000020000064                LAR
 .data.event_count
                0x0000000020000068        0x1 ./Core/Src/profiling.o
 *fill*         0x0000000020000069        0x3 
 .data.SystemCoreClock
                0x000000002000006c        0x4 ./Core/Src/system_stm32l4xx.o
                0x000000002000006c                SystemCoreClock
 .data.uwTickFreq
                0x0000000020000070        0x1 ./Drivers/STM32L4xx_HAL_Driver/Src/stm32l4xx_hal.o
                0x0000000020000070                uwTickFreq
 *fill*         0x0000000020000071        0x3 
 .data.uwTickPrio
                0x0000000020000074        0x4 ./Drivers/STM32L4xx_HAL_Driver/Src/stm32l4xx_hal.o
                0x0000000020000074                uwTickPrio
 *(.RamFunc)
 *(.RamFunc*)
                0x0000000020000078                . = ALIGN (0x4)
                0x0000000020000078                _edata = .

.tm_clone_table
                0x0000000020000078        0x0 load address 0x000000000800e0fc
 .tm_clone_table
                0x0000000020000078        0x0 /usr/lib/gcc/arm-none-eabi/9.2.1/thumb/v7e-m+fp/hard/crtbegin.o
 .tm_clone_table
                0x0000000020000078        0x0 /usr/lib/gcc/arm-none-eabi/9.2.1/thumb/v7e-m+fp/hard/crtend.o

.igot.plt       0x0000000020000078        0x0 load address 0x000000000800e0fc
 .igot.plt      0x0000000020000078        0x0 /usr/lib/gcc/arm-none-eabi/9.2.1/thumb/v7e-m+fp/hard/crtbegin.o
                0x0000000020000078                . = ALIGN (0x4)

.bss            0x0000000020000078      0x800 load address 0x000000000800e0fc
                0x0000000020000078                _sbss = .
                0x0000000020000078                __bss_start__ = _sbss
 *(.bss)
 .bss           0x0000000020000078       0x1c /usr/lib/gcc/arm-none-eabi/9.2.1/thumb/v7e-m+fp/hard/crtbegin.o
 .bss           0x0000000020000094        0xc ../Core/Src/model.o(/home/matthias/Desktop/vmware-share/glow-profile-compile/scripting/workdir/build/model.o)
                0x0000000020000094                constWeightsBaseAddress
                0x0000000020000098                mutableWeightsBaseAddress
                0x000000002000009c                activationsBaseAddress
 .bss           0x00000000200000a0        0x8 /usr/lib/gcc/arm-none-eabi/9.2.1/../../../arm-none-eabi/lib/thumb/v7e-m+fp/hard/libc_nano.a(lib_a-nano-mallocr.o)
                0x00000000200000a0                __malloc_free_list
                0x00000000200000a4                __malloc_sbrk_start
 *(.bss*)
 .bss.event_name
                0x00000000200000a8       0xc8 ./Core/Src/profiling.o
 .bss.prof_name
                0x0000000020000170        0x4 ./Core/Src/profiling.o
 .bss.time_event
                0x0000000020000174       0xc8 ./Core/Src/profiling.o
 .bss.time_start
                0x000000002000023c        0x4 ./Core/Src/profiling.o
 .bss.__sbrk_heap_end
                0x0000000020000240        0x4 ./Core/Src/sysmem.o
 *(COMMON)
 COMMON         0x0000000020000244      0x62c ./Core/Src/main.o
                0x0000000020000244                huart3
                0x00000000200002d4                hpcd_USB_OTG_FS
                0x00000000200007e0                hlpuart1
 COMMON         0x0000000020000870        0x4 ./Drivers/STM32L4xx_HAL_Driver/Src/stm32l4xx_hal.o
                0x0000000020000870                uwTick
 COMMON         0x0000000020000874        0x4 /usr/lib/gcc/arm-none-eabi/9.2.1/../../../arm-none-eabi/lib/thumb/v7e-m+fp/hard/libc_nano.a(lib_a-reent.o)
                0x0000000020000874                errno
                0x0000000020000878                . = ALIGN (0x4)
                0x0000000020000878                _ebss = .
                0x0000000020000878                __bss_end__ = _ebss

._user_heap_stack
                0x0000000020000878      0x600 load address 0x000000000800e0fc
                0x0000000020000878                . = ALIGN (0x8)
                [!provide]                        PROVIDE (end = .)
                0x0000000020000878                PROVIDE (_end = .)
                0x0000000020000a78                . = (. + _Min_Heap_Size)
 *fill*         0x0000000020000878      0x200 
                0x0000000020000e78                . = (. + _Min_Stack_Size)
 *fill*         0x0000000020000a78      0x400 
                0x0000000020000e78                . = ALIGN (0x8)

/DISCARD/
 libc.a(*)
 libm.a(*)
 libgcc.a(*)

.ARM.attributes
                0x0000000000000000       0x36
 *(.ARM.attributes)
 .ARM.attributes
                0x0000000000000000       0x1e /usr/lib/gcc/arm-none-eabi/9.2.1/thumb/v7e-m+fp/hard/crti.o
 .ARM.attributes
                0x000000000000001e       0x34 /usr/lib/gcc/arm-none-eabi/9.2.1/thumb/v7e-m+fp/hard/crtbegin.o
 .ARM.attributes
                0x0000000000000052       0x34 ./Core/Src/main.o
 .ARM.attributes
                0x0000000000000086       0x34 ./Core/Src/profiling.o
 .ARM.attributes
                0x00000000000000ba       0x34 ./Core/Src/stm32l4xx_hal_msp.o
 .ARM.attributes
                0x00000000000000ee       0x34 ./Core/Src/stm32l4xx_it.o
 .ARM.attributes
                0x0000000000000122       0x34 ./Core/Src/sysmem.o
 .ARM.attributes
                0x0000000000000156       0x34 ./Core/Src/system_stm32l4xx.o
 .ARM.attributes
                0x000000000000018a       0x21 ./Core/Startup/startup_stm32l4r5zitx.o
 .ARM.attributes
                0x00000000000001ab       0x34 ./Drivers/STM32L4xx_HAL_Driver/Src/stm32l4xx_hal.o
 .ARM.attributes
                0x00000000000001df       0x34 ./Drivers/STM32L4xx_HAL_Driver/Src/stm32l4xx_hal_cortex.o
 .ARM.attributes
                0x0000000000000213       0x34 ./Drivers/STM32L4xx_HAL_Driver/Src/stm32l4xx_hal_gpio.o
 .ARM.attributes
                0x0000000000000247       0x34 ./Drivers/STM32L4xx_HAL_Driver/Src/stm32l4xx_hal_pcd.o
 .ARM.attributes
                0x000000000000027b       0x34 ./Drivers/STM32L4xx_HAL_Driver/Src/stm32l4xx_hal_pcd_ex.o
 .ARM.attributes
                0x00000000000002af       0x34 ./Drivers/STM32L4xx_HAL_Driver/Src/stm32l4xx_hal_pwr_ex.o
 .ARM.attributes
                0x00000000000002e3       0x34 ./Drivers/STM32L4xx_HAL_Driver/Src/stm32l4xx_hal_rcc.o
 .ARM.attributes
                0x0000000000000317       0x34 ./Drivers/STM32L4xx_HAL_Driver/Src/stm32l4xx_hal_rcc_ex.o
 .ARM.attributes
                0x000000000000034b       0x34 ./Drivers/STM32L4xx_HAL_Driver/Src/stm32l4xx_hal_uart.o
 .ARM.attributes
                0x000000000000037f       0x34 ./Drivers/STM32L4xx_HAL_Driver/Src/stm32l4xx_hal_uart_ex.o
 .ARM.attributes
                0x00000000000003b3       0x34 ./Drivers/STM32L4xx_HAL_Driver/Src/stm32l4xx_ll_usb.o
 .ARM.attributes
                0x00000000000003e7       0x43 ../Core/Src/model.o(/home/matthias/Desktop/vmware-share/glow-profile-compile/scripting/workdir/build/model.o)
 .ARM.attributes
                0x000000000000042a       0x34 ../Core/Src/model.o(arm_cm4.o)
 .ARM.attributes
                0x000000000000045e       0x34 /usr/lib/gcc/arm-none-eabi/9.2.1/../../../arm-none-eabi/lib/thumb/v7e-m+fp/hard/libc_nano.a(lib_a-errno.o)
 .ARM.attributes
                0x0000000000000492       0x32 /usr/lib/gcc/arm-none-eabi/9.2.1/../../../arm-none-eabi/lib/thumb/v7e-m+fp/hard/libc_nano.a(lib_a-impure.o)
 .ARM.attributes
                0x00000000000004c4       0x34 /usr/lib/gcc/arm-none-eabi/9.2.1/../../../arm-none-eabi/lib/thumb/v7e-m+fp/hard/libc_nano.a(lib_a-init.o)
 .ARM.attributes
                0x00000000000004f8       0x1c /usr/lib/gcc/arm-none-eabi/9.2.1/../../../arm-none-eabi/lib/thumb/v7e-m+fp/hard/libc_nano.a(lib_a-memcpy.o)
 .ARM.attributes
                0x0000000000000514       0x34 /usr/lib/gcc/arm-none-eabi/9.2.1/../../../arm-none-eabi/lib/thumb/v7e-m+fp/hard/libc_nano.a(lib_a-memset.o)
 .ARM.attributes
                0x0000000000000548       0x34 /usr/lib/gcc/arm-none-eabi/9.2.1/../../../arm-none-eabi/lib/thumb/v7e-m+fp/hard/libc_nano.a(lib_a-sprintf.o)
 .ARM.attributes
                0x000000000000057c       0x34 /usr/lib/gcc/arm-none-eabi/9.2.1/../../../arm-none-eabi/lib/thumb/v7e-m+fp/hard/libc_nano.a(lib_a-nano-svfprintf.o)
 .ARM.attributes
                0x00000000000005b0       0x34 /usr/lib/gcc/arm-none-eabi/9.2.1/../../../arm-none-eabi/lib/thumb/v7e-m+fp/hard/libc_nano.a(lib_a-nano-vfprintf_i.o)
 .ARM.attributes
                0x00000000000005e4       0x1c /usr/lib/gcc/arm-none-eabi/9.2.1/../../../arm-none-eabi/lib/thumb/v7e-m+fp/hard/libc_nano.a(lib_a-memchr.o)
 .ARM.attributes
                0x0000000000000600       0x34 /usr/lib/gcc/arm-none-eabi/9.2.1/../../../arm-none-eabi/lib/thumb/v7e-m+fp/hard/libc_nano.a(lib_a-memmove.o)
 .ARM.attributes
                0x0000000000000634       0x34 /usr/lib/gcc/arm-none-eabi/9.2.1/../../../arm-none-eabi/lib/thumb/v7e-m+fp/hard/libc_nano.a(lib_a-nano-freer.o)
 .ARM.attributes
                0x0000000000000668       0x34 /usr/lib/gcc/arm-none-eabi/9.2.1/../../../arm-none-eabi/lib/thumb/v7e-m+fp/hard/libc_nano.a(lib_a-nano-mallocr.o)
 .ARM.attributes
                0x000000000000069c       0x34 /usr/lib/gcc/arm-none-eabi/9.2.1/../../../arm-none-eabi/lib/thumb/v7e-m+fp/hard/libc_nano.a(lib_a-nano-reallocr.o)
 .ARM.attributes
                0x00000000000006d0       0x34 /usr/lib/gcc/arm-none-eabi/9.2.1/../../../arm-none-eabi/lib/thumb/v7e-m+fp/hard/libc_nano.a(lib_a-sbrkr.o)
 .ARM.attributes
                0x0000000000000704       0x34 /usr/lib/gcc/arm-none-eabi/9.2.1/../../../arm-none-eabi/lib/thumb/v7e-m+fp/hard/libc_nano.a(lib_a-mlock.o)
 .ARM.attributes
                0x0000000000000738       0x34 /usr/lib/gcc/arm-none-eabi/9.2.1/../../../arm-none-eabi/lib/thumb/v7e-m+fp/hard/libc_nano.a(lib_a-nano-msizer.o)
 .ARM.attributes
                0x000000000000076c       0x34 /usr/lib/gcc/arm-none-eabi/9.2.1/../../../arm-none-eabi/lib/thumb/v7e-m+fp/hard/libc_nano.a(lib_a-reent.o)
 .ARM.attributes
                0x00000000000007a0       0x1e /usr/lib/gcc/arm-none-eabi/9.2.1/thumb/v7e-m+fp/hard/libgcc.a(_aeabi_uldivmod.o)
 .ARM.attributes
                0x00000000000007be       0x34 /usr/lib/gcc/arm-none-eabi/9.2.1/thumb/v7e-m+fp/hard/libgcc.a(_udivmoddi4.o)
 .ARM.attributes
                0x00000000000007f2       0x1e /usr/lib/gcc/arm-none-eabi/9.2.1/thumb/v7e-m+fp/hard/libgcc.a(_dvmd_tls.o)
 .ARM.attributes
                0x0000000000000810       0x32 /usr/lib/gcc/arm-none-eabi/9.2.1/thumb/v7e-m+fp/hard/crtend.o
 .ARM.attributes
                0x0000000000000842       0x1e /usr/lib/gcc/arm-none-eabi/9.2.1/thumb/v7e-m+fp/hard/crtn.o
OUTPUT(Glow_Template.elf elf32-littlearm)
LOAD linker stubs
LOAD /usr/lib/gcc/arm-none-eabi/9.2.1/../../../arm-none-eabi/lib/thumb/v7e-m+fp/hard/libc.a
LOAD /usr/lib/gcc/arm-none-eabi/9.2.1/../../../arm-none-eabi/lib/thumb/v7e-m+fp/hard/libm.a
LOAD /usr/lib/gcc/arm-none-eabi/9.2.1/thumb/v7e-m+fp/hard/libgcc.a

.comment        0x0000000000000000      0x11f
 .comment       0x0000000000000000       0x59 /usr/lib/gcc/arm-none-eabi/9.2.1/thumb/v7e-m+fp/hard/crtbegin.o
                                         0x5a (size before relaxing)
 .comment       0x0000000000000059       0x5a ./Core/Src/main.o
 .comment       0x0000000000000059       0x5a ./Core/Src/profiling.o
 .comment       0x0000000000000059       0x5a ./Core/Src/stm32l4xx_hal_msp.o
 .comment       0x0000000000000059       0x5a ./Core/Src/stm32l4xx_it.o
 .comment       0x0000000000000059       0x5a ./Core/Src/sysmem.o
 .comment       0x0000000000000059       0x5a ./Core/Src/system_stm32l4xx.o
 .comment       0x0000000000000059       0x5a ./Drivers/STM32L4xx_HAL_Driver/Src/stm32l4xx_hal.o
 .comment       0x0000000000000059       0x5a ./Drivers/STM32L4xx_HAL_Driver/Src/stm32l4xx_hal_cortex.o
 .comment       0x0000000000000059       0x5a ./Drivers/STM32L4xx_HAL_Driver/Src/stm32l4xx_hal_gpio.o
 .comment       0x0000000000000059       0x5a ./Drivers/STM32L4xx_HAL_Driver/Src/stm32l4xx_hal_pcd.o
 .comment       0x0000000000000059       0x5a ./Drivers/STM32L4xx_HAL_Driver/Src/stm32l4xx_hal_pcd_ex.o
 .comment       0x0000000000000059       0x5a ./Drivers/STM32L4xx_HAL_Driver/Src/stm32l4xx_hal_pwr_ex.o
 .comment       0x0000000000000059       0x5a ./Drivers/STM32L4xx_HAL_Driver/Src/stm32l4xx_hal_rcc.o
 .comment       0x0000000000000059       0x5a ./Drivers/STM32L4xx_HAL_Driver/Src/stm32l4xx_hal_rcc_ex.o
 .comment       0x0000000000000059       0x5a ./Drivers/STM32L4xx_HAL_Driver/Src/stm32l4xx_hal_uart.o
 .comment       0x0000000000000059       0x5a ./Drivers/STM32L4xx_HAL_Driver/Src/stm32l4xx_hal_uart_ex.o
 .comment       0x0000000000000059       0x5a ./Drivers/STM32L4xx_HAL_Driver/Src/stm32l4xx_ll_usb.o
 .comment       0x0000000000000059       0x2f ../Core/Src/model.o(/home/matthias/Desktop/vmware-share/glow-profile-compile/scripting/workdir/build/model.o)
                                        0x5e1 (size before relaxing)
 .comment       0x0000000000000088       0x49 ../Core/Src/model.o(arm_cm4.o)
                                         0x4a (size before relaxing)
 .comment       0x00000000000000d1       0x4e /usr/lib/gcc/arm-none-eabi/9.2.1/../../../arm-none-eabi/lib/thumb/v7e-m+fp/hard/libc_nano.a(lib_a-errno.o)
                                         0x4f (size before relaxing)
 .comment       0x000000000000011f       0x4f /usr/lib/gcc/arm-none-eabi/9.2.1/../../../arm-none-eabi/lib/thumb/v7e-m+fp/hard/libc_nano.a(lib_a-impure.o)
 .comment       0x000000000000011f       0x4f /usr/lib/gcc/arm-none-eabi/9.2.1/../../../arm-none-eabi/lib/thumb/v7e-m+fp/hard/libc_nano.a(lib_a-init.o)
 .comment       0x000000000000011f       0x4f /usr/lib/gcc/arm-none-eabi/9.2.1/../../../arm-none-eabi/lib/thumb/v7e-m+fp/hard/libc_nano.a(lib_a-memset.o)
 .comment       0x000000000000011f       0x4f /usr/lib/gcc/arm-none-eabi/9.2.1/../../../arm-none-eabi/lib/thumb/v7e-m+fp/hard/libc_nano.a(lib_a-sprintf.o)
 .comment       0x000000000000011f       0x4f /usr/lib/gcc/arm-none-eabi/9.2.1/../../../arm-none-eabi/lib/thumb/v7e-m+fp/hard/libc_nano.a(lib_a-nano-svfprintf.o)
 .comment       0x000000000000011f       0x4f /usr/lib/gcc/arm-none-eabi/9.2.1/../../../arm-none-eabi/lib/thumb/v7e-m+fp/hard/libc_nano.a(lib_a-nano-vfprintf_i.o)
 .comment       0x000000000000011f       0x4f /usr/lib/gcc/arm-none-eabi/9.2.1/../../../arm-none-eabi/lib/thumb/v7e-m+fp/hard/libc_nano.a(lib_a-memmove.o)
 .comment       0x000000000000011f       0x4f /usr/lib/gcc/arm-none-eabi/9.2.1/../../../arm-none-eabi/lib/thumb/v7e-m+fp/hard/libc_nano.a(lib_a-nano-freer.o)
 .comment       0x000000000000011f       0x4f /usr/lib/gcc/arm-none-eabi/9.2.1/../../../arm-none-eabi/lib/thumb/v7e-m+fp/hard/libc_nano.a(lib_a-nano-mallocr.o)
 .comment       0x000000000000011f       0x4f /usr/lib/gcc/arm-none-eabi/9.2.1/../../../arm-none-eabi/lib/thumb/v7e-m+fp/hard/libc_nano.a(lib_a-nano-reallocr.o)
 .comment       0x000000000000011f       0x4f /usr/lib/gcc/arm-none-eabi/9.2.1/../../../arm-none-eabi/lib/thumb/v7e-m+fp/hard/libc_nano.a(lib_a-sbrkr.o)
 .comment       0x000000000000011f       0x4f /usr/lib/gcc/arm-none-eabi/9.2.1/../../../arm-none-eabi/lib/thumb/v7e-m+fp/hard/libc_nano.a(lib_a-mlock.o)
 .comment       0x000000000000011f       0x4f /usr/lib/gcc/arm-none-eabi/9.2.1/../../../arm-none-eabi/lib/thumb/v7e-m+fp/hard/libc_nano.a(lib_a-nano-msizer.o)
 .comment       0x000000000000011f       0x4f /usr/lib/gcc/arm-none-eabi/9.2.1/../../../arm-none-eabi/lib/thumb/v7e-m+fp/hard/libc_nano.a(lib_a-reent.o)
 .comment       0x000000000000011f       0x5a /usr/lib/gcc/arm-none-eabi/9.2.1/thumb/v7e-m+fp/hard/libgcc.a(_udivmoddi4.o)
 .comment       0x000000000000011f       0x5a /usr/lib/gcc/arm-none-eabi/9.2.1/thumb/v7e-m+fp/hard/crtend.o

.note.GNU-stack
                0x0000000000000000        0x0
 .note.GNU-stack
                0x0000000000000000        0x0 ../Core/Src/model.o(/home/matthias/Desktop/vmware-share/glow-profile-compile/scripting/workdir/build/model.o)

.debug_info     0x0000000000000000    0x40a05
 .debug_info    0x0000000000000000     0x26b3 ./Core/Src/main.o
 .debug_info    0x00000000000026b3     0x19fa ./Core/Src/profiling.o
 .debug_info    0x00000000000040ad     0x18ad ./Core/Src/stm32l4xx_hal_msp.o
 .debug_info    0x000000000000595a      0x38f ./Core/Src/stm32l4xx_it.o
 .debug_info    0x0000000000005ce9      0xa2b ./Core/Src/sysmem.o
 .debug_info    0x0000000000006714      0x7d7 ./Core/Src/system_stm32l4xx.o
 .debug_info    0x0000000000006eeb       0x22 ./Core/Startup/startup_stm32l4r5zitx.o
 .debug_info    0x0000000000006f0d      0xe55 ./Drivers/STM32L4xx_HAL_Driver/Src/stm32l4xx_hal.o
 .debug_info    0x0000000000007d62     0x12ce ./Drivers/STM32L4xx_HAL_Driver/Src/stm32l4xx_hal_cortex.o
 .debug_info    0x0000000000009030      0xac9 ./Drivers/STM32L4xx_HAL_Driver/Src/stm32l4xx_hal_gpio.o
 .debug_info    0x0000000000009af9     0x1f54 ./Drivers/STM32L4xx_HAL_Driver/Src/stm32l4xx_hal_pcd.o
 .debug_info    0x000000000000ba4d      0xc37 ./Drivers/STM32L4xx_HAL_Driver/Src/stm32l4xx_hal_pcd_ex.o
 .debug_info    0x000000000000c684      0xda0 ./Drivers/STM32L4xx_HAL_Driver/Src/stm32l4xx_hal_pwr_ex.o
 .debug_info    0x000000000000d424     0x1280 ./Drivers/STM32L4xx_HAL_Driver/Src/stm32l4xx_hal_rcc.o
 .debug_info    0x000000000000e6a4     0x1732 ./Drivers/STM32L4xx_HAL_Driver/Src/stm32l4xx_hal_rcc_ex.o
 .debug_info    0x000000000000fdd6     0x78d2 ./Drivers/STM32L4xx_HAL_Driver/Src/stm32l4xx_hal_uart.o
 .debug_info    0x00000000000176a8     0x15bf ./Drivers/STM32L4xx_HAL_Driver/Src/stm32l4xx_hal_uart_ex.o
 .debug_info    0x0000000000018c67     0x24ec ./Drivers/STM32L4xx_HAL_Driver/Src/stm32l4xx_ll_usb.o
 .debug_info    0x000000000001b153     0x58d1 ../Core/Src/model.o(/home/matthias/Desktop/vmware-share/glow-profile-compile/scripting/workdir/build/model.o)
 .debug_info    0x0000000000020a24    0x1397d ../Core/Src/model.o(arm_cm4.o)
 .debug_info    0x00000000000343a1      0x953 /usr/lib/gcc/arm-none-eabi/9.2.1/../../../arm-none-eabi/lib/thumb/v7e-m+fp/hard/libc_nano.a(lib_a-errno.o)
 .debug_info    0x0000000000034cf4      0x92a /usr/lib/gcc/arm-none-eabi/9.2.1/../../../arm-none-eabi/lib/thumb/v7e-m+fp/hard/libc_nano.a(lib_a-impure.o)
 .debug_info    0x000000000003561e      0x11a /usr/lib/gcc/arm-none-eabi/9.2.1/../../../arm-none-eabi/lib/thumb/v7e-m+fp/hard/libc_nano.a(lib_a-init.o)
 .debug_info    0x0000000000035738       0x26 /usr/lib/gcc/arm-none-eabi/9.2.1/../../../arm-none-eabi/lib/thumb/v7e-m+fp/hard/libc_nano.a(lib_a-memcpy.o)
 .debug_info    0x000000000003575e      0xf21 /usr/lib/gcc/arm-none-eabi/9.2.1/../../../arm-none-eabi/lib/thumb/v7e-m+fp/hard/libc_nano.a(lib_a-memset.o)
 .debug_info    0x000000000003667f      0xc90 /usr/lib/gcc/arm-none-eabi/9.2.1/../../../arm-none-eabi/lib/thumb/v7e-m+fp/hard/libc_nano.a(lib_a-sprintf.o)
 .debug_info    0x000000000003730f     0x17e4 /usr/lib/gcc/arm-none-eabi/9.2.1/../../../arm-none-eabi/lib/thumb/v7e-m+fp/hard/libc_nano.a(lib_a-nano-svfprintf.o)
 .debug_info    0x0000000000038af3     0x1592 /usr/lib/gcc/arm-none-eabi/9.2.1/../../../arm-none-eabi/lib/thumb/v7e-m+fp/hard/libc_nano.a(lib_a-nano-vfprintf_i.o)
 .debug_info    0x000000000003a085       0x26 /usr/lib/gcc/arm-none-eabi/9.2.1/../../../arm-none-eabi/lib/thumb/v7e-m+fp/hard/libc_nano.a(lib_a-memchr.o)
 .debug_info    0x000000000003a0ab      0xf2b /usr/lib/gcc/arm-none-eabi/9.2.1/../../../arm-none-eabi/lib/thumb/v7e-m+fp/hard/libc_nano.a(lib_a-memmove.o)
 .debug_info    0x000000000003afd6      0xb85 /usr/lib/gcc/arm-none-eabi/9.2.1/../../../arm-none-eabi/lib/thumb/v7e-m+fp/hard/libc_nano.a(lib_a-nano-freer.o)
 .debug_info    0x000000000003bb5b      0xc5a /usr/lib/gcc/arm-none-eabi/9.2.1/../../../arm-none-eabi/lib/thumb/v7e-m+fp/hard/libc_nano.a(lib_a-nano-mallocr.o)
 .debug_info    0x000000000003c7b5      0xb77 /usr/lib/gcc/arm-none-eabi/9.2.1/../../../arm-none-eabi/lib/thumb/v7e-m+fp/hard/libc_nano.a(lib_a-nano-reallocr.o)
 .debug_info    0x000000000003d32c      0x9fb /usr/lib/gcc/arm-none-eabi/9.2.1/../../../arm-none-eabi/lib/thumb/v7e-m+fp/hard/libc_nano.a(lib_a-sbrkr.o)
 .debug_info    0x000000000003dd27      0x961 /usr/lib/gcc/arm-none-eabi/9.2.1/../../../arm-none-eabi/lib/thumb/v7e-m+fp/hard/libc_nano.a(lib_a-mlock.o)
 .debug_info    0x000000000003e688      0xaa6 /usr/lib/gcc/arm-none-eabi/9.2.1/../../../arm-none-eabi/lib/thumb/v7e-m+fp/hard/libc_nano.a(lib_a-nano-msizer.o)
 .debug_info    0x000000000003f12e      0xb0f /usr/lib/gcc/arm-none-eabi/9.2.1/../../../arm-none-eabi/lib/thumb/v7e-m+fp/hard/libc_nano.a(lib_a-reent.o)
 .debug_info    0x000000000003fc3d       0x26 /usr/lib/gcc/arm-none-eabi/9.2.1/thumb/v7e-m+fp/hard/libgcc.a(_aeabi_uldivmod.o)
 .debug_info    0x000000000003fc63      0xd7c /usr/lib/gcc/arm-none-eabi/9.2.1/thumb/v7e-m+fp/hard/libgcc.a(_udivmoddi4.o)
 .debug_info    0x00000000000409df       0x26 /usr/lib/gcc/arm-none-eabi/9.2.1/thumb/v7e-m+fp/hard/libgcc.a(_dvmd_tls.o)

.debug_abbrev   0x0000000000000000     0x5d1c
 .debug_abbrev  0x0000000000000000      0x426 ./Core/Src/main.o
 .debug_abbrev  0x0000000000000426      0x3a1 ./Core/Src/profiling.o
 .debug_abbrev  0x00000000000007c7      0x2a6 ./Core/Src/stm32l4xx_hal_msp.o
 .debug_abbrev  0x0000000000000a6d      0x149 ./Core/Src/stm32l4xx_it.o
 .debug_abbrev  0x0000000000000bb6      0x1f4 ./Core/Src/sysmem.o
 .debug_abbrev  0x0000000000000daa      0x16b ./Core/Src/system_stm32l4xx.o
 .debug_abbrev  0x0000000000000f15       0x12 ./Core/Startup/startup_stm32l4r5zitx.o
 .debug_abbrev  0x0000000000000f27      0x2de ./Drivers/STM32L4xx_HAL_Driver/Src/stm32l4xx_hal.o
 .debug_abbrev  0x0000000000001205      0x389 ./Drivers/STM32L4xx_HAL_Driver/Src/stm32l4xx_hal_cortex.o
 .debug_abbrev  0x000000000000158e      0x228 ./Drivers/STM32L4xx_HAL_Driver/Src/stm32l4xx_hal_gpio.o
 .debug_abbrev  0x00000000000017b6      0x38f ./Drivers/STM32L4xx_HAL_Driver/Src/stm32l4xx_hal_pcd.o
 .debug_abbrev  0x0000000000001b45      0x2d0 ./Drivers/STM32L4xx_HAL_Driver/Src/stm32l4xx_hal_pcd_ex.o
 .debug_abbrev  0x0000000000001e15      0x2b6 ./Drivers/STM32L4xx_HAL_Driver/Src/stm32l4xx_hal_pwr_ex.o
 .debug_abbrev  0x00000000000020cb      0x2f3 ./Drivers/STM32L4xx_HAL_Driver/Src/stm32l4xx_hal_rcc.o
 .debug_abbrev  0x00000000000023be      0x344 ./Drivers/STM32L4xx_HAL_Driver/Src/stm32l4xx_hal_rcc_ex.o
 .debug_abbrev  0x0000000000002702      0x483 ./Drivers/STM32L4xx_HAL_Driver/Src/stm32l4xx_hal_uart.o
 .debug_abbrev  0x0000000000002b85      0x364 ./Drivers/STM32L4xx_HAL_Driver/Src/stm32l4xx_hal_uart_ex.o
 .debug_abbrev  0x0000000000002ee9      0x422 ./Drivers/STM32L4xx_HAL_Driver/Src/stm32l4xx_ll_usb.o
 .debug_abbrev  0x000000000000330b      0x56e ../Core/Src/model.o(/home/matthias/Desktop/vmware-share/glow-profile-compile/scripting/workdir/build/model.o)
 .debug_abbrev  0x0000000000003879      0x2c8 ../Core/Src/model.o(arm_cm4.o)
 .debug_abbrev  0x0000000000003b41      0x198 /usr/lib/gcc/arm-none-eabi/9.2.1/../../../arm-none-eabi/lib/thumb/v7e-m+fp/hard/libc_nano.a(lib_a-errno.o)
 .debug_abbrev  0x0000000000003cd9      0x17a /usr/lib/gcc/arm-none-eabi/9.2.1/../../../arm-none-eabi/lib/thumb/v7e-m+fp/hard/libc_nano.a(lib_a-impure.o)
 .debug_abbrev  0x0000000000003e53       0xcc /usr/lib/gcc/arm-none-eabi/9.2.1/../../../arm-none-eabi/lib/thumb/v7e-m+fp/hard/libc_nano.a(lib_a-init.o)
 .debug_abbrev  0x0000000000003f1f       0x14 /usr/lib/gcc/arm-none-eabi/9.2.1/../../../arm-none-eabi/lib/thumb/v7e-m+fp/hard/libc_nano.a(lib_a-memcpy.o)
 .debug_abbrev  0x0000000000003f33      0x1d9 /usr/lib/gcc/arm-none-eabi/9.2.1/../../../arm-none-eabi/lib/thumb/v7e-m+fp/hard/libc_nano.a(lib_a-memset.o)
 .debug_abbrev  0x000000000000410c      0x274 /usr/lib/gcc/arm-none-eabi/9.2.1/../../../arm-none-eabi/lib/thumb/v7e-m+fp/hard/libc_nano.a(lib_a-sprintf.o)
 .debug_abbrev  0x0000000000004380      0x33f /usr/lib/gcc/arm-none-eabi/9.2.1/../../../arm-none-eabi/lib/thumb/v7e-m+fp/hard/libc_nano.a(lib_a-nano-svfprintf.o)
 .debug_abbrev  0x00000000000046bf      0x2dc /usr/lib/gcc/arm-none-eabi/9.2.1/../../../arm-none-eabi/lib/thumb/v7e-m+fp/hard/libc_nano.a(lib_a-nano-vfprintf_i.o)
 .debug_abbrev  0x000000000000499b       0x14 /usr/lib/gcc/arm-none-eabi/9.2.1/../../../arm-none-eabi/lib/thumb/v7e-m+fp/hard/libc_nano.a(lib_a-memchr.o)
 .debug_abbrev  0x00000000000049af      0x1de /usr/lib/gcc/arm-none-eabi/9.2.1/../../../arm-none-eabi/lib/thumb/v7e-m+fp/hard/libc_nano.a(lib_a-memmove.o)
 .debug_abbrev  0x0000000000004b8d      0x286 /usr/lib/gcc/arm-none-eabi/9.2.1/../../../arm-none-eabi/lib/thumb/v7e-m+fp/hard/libc_nano.a(lib_a-nano-freer.o)
 .debug_abbrev  0x0000000000004e13      0x2d1 /usr/lib/gcc/arm-none-eabi/9.2.1/../../../arm-none-eabi/lib/thumb/v7e-m+fp/hard/libc_nano.a(lib_a-nano-mallocr.o)
 .debug_abbrev  0x00000000000050e4      0x22a /usr/lib/gcc/arm-none-eabi/9.2.1/../../../arm-none-eabi/lib/thumb/v7e-m+fp/hard/libc_nano.a(lib_a-nano-reallocr.o)
 .debug_abbrev  0x000000000000530e      0x212 /usr/lib/gcc/arm-none-eabi/9.2.1/../../../arm-none-eabi/lib/thumb/v7e-m+fp/hard/libc_nano.a(lib_a-sbrkr.o)
 .debug_abbrev  0x0000000000005520      0x1c5 /usr/lib/gcc/arm-none-eabi/9.2.1/../../../arm-none-eabi/lib/thumb/v7e-m+fp/hard/libc_nano.a(lib_a-mlock.o)
 .debug_abbrev  0x00000000000056e5      0x1e5 /usr/lib/gcc/arm-none-eabi/9.2.1/../../../arm-none-eabi/lib/thumb/v7e-m+fp/hard/libc_nano.a(lib_a-nano-msizer.o)
 .debug_abbrev  0x00000000000058ca      0x268 /usr/lib/gcc/arm-none-eabi/9.2.1/../../../arm-none-eabi/lib/thumb/v7e-m+fp/hard/libc_nano.a(lib_a-reent.o)
 .debug_abbrev  0x0000000000005b32       0x14 /usr/lib/gcc/arm-none-eabi/9.2.1/thumb/v7e-m+fp/hard/libgcc.a(_aeabi_uldivmod.o)
 .debug_abbrev  0x0000000000005b46      0x1c2 /usr/lib/gcc/arm-none-eabi/9.2.1/thumb/v7e-m+fp/hard/libgcc.a(_udivmoddi4.o)
 .debug_abbrev  0x0000000000005d08       0x14 /usr/lib/gcc/arm-none-eabi/9.2.1/thumb/v7e-m+fp/hard/libgcc.a(_dvmd_tls.o)

.debug_loc      0x0000000000000000    0x31db7
 .debug_loc     0x0000000000000000      0x1a0 ./Core/Src/main.o
 .debug_loc     0x00000000000001a0      0x1b7 ./Core/Src/profiling.o
 .debug_loc     0x0000000000000357      0x102 ./Core/Src/stm32l4xx_hal_msp.o
 .debug_loc     0x0000000000000459       0x70 ./Core/Src/sysmem.o
 .debug_loc     0x00000000000004c9      0x129 ./Core/Src/system_stm32l4xx.o
 .debug_loc     0x00000000000005f2      0x239 ./Drivers/STM32L4xx_HAL_Driver/Src/stm32l4xx_hal.o
 .debug_loc     0x000000000000082b      0x7a7 ./Drivers/STM32L4xx_HAL_Driver/Src/stm32l4xx_hal_cortex.o
 .debug_loc     0x0000000000000fd2      0x454 ./Drivers/STM32L4xx_HAL_Driver/Src/stm32l4xx_hal_gpio.o
 .debug_loc     0x0000000000001426     0x21df ./Drivers/STM32L4xx_HAL_Driver/Src/stm32l4xx_hal_pcd.o
 .debug_loc     0x0000000000003605      0x250 ./Drivers/STM32L4xx_HAL_Driver/Src/stm32l4xx_hal_pcd_ex.o
 .debug_loc     0x0000000000003855      0xbf8 ./Drivers/STM32L4xx_HAL_Driver/Src/stm32l4xx_hal_pwr_ex.o
 .debug_loc     0x000000000000444d      0x9e0 ./Drivers/STM32L4xx_HAL_Driver/Src/stm32l4xx_hal_rcc.o
 .debug_loc     0x0000000000004e2d     0x15a0 ./Drivers/STM32L4xx_HAL_Driver/Src/stm32l4xx_hal_rcc_ex.o
 .debug_loc     0x00000000000063cd     0x7457 ./Drivers/STM32L4xx_HAL_Driver/Src/stm32l4xx_hal_uart.o
 .debug_loc     0x000000000000d824      0xe26 ./Drivers/STM32L4xx_HAL_Driver/Src/stm32l4xx_hal_uart_ex.o
 .debug_loc     0x000000000000e64a     0x2bbe ./Drivers/STM32L4xx_HAL_Driver/Src/stm32l4xx_ll_usb.o
 .debug_loc     0x0000000000011208      0xf30 ../Core/Src/model.o(/home/matthias/Desktop/vmware-share/glow-profile-compile/scripting/workdir/build/model.o)
 .debug_loc     0x0000000000012138    0x1ccad ../Core/Src/model.o(arm_cm4.o)
 .debug_loc     0x000000000002ede5       0xba /usr/lib/gcc/arm-none-eabi/9.2.1/../../../arm-none-eabi/lib/thumb/v7e-m+fp/hard/libc_nano.a(lib_a-init.o)
 .debug_loc     0x000000000002ee9f      0x231 /usr/lib/gcc/arm-none-eabi/9.2.1/../../../arm-none-eabi/lib/thumb/v7e-m+fp/hard/libc_nano.a(lib_a-memset.o)
 .debug_loc     0x000000000002f0d0       0xc2 /usr/lib/gcc/arm-none-eabi/9.2.1/../../../arm-none-eabi/lib/thumb/v7e-m+fp/hard/libc_nano.a(lib_a-sprintf.o)
 .debug_loc     0x000000000002f192      0x845 /usr/lib/gcc/arm-none-eabi/9.2.1/../../../arm-none-eabi/lib/thumb/v7e-m+fp/hard/libc_nano.a(lib_a-nano-svfprintf.o)
 .debug_loc     0x000000000002f9d7      0x7ab /usr/lib/gcc/arm-none-eabi/9.2.1/../../../arm-none-eabi/lib/thumb/v7e-m+fp/hard/libc_nano.a(lib_a-nano-vfprintf_i.o)
 .debug_loc     0x0000000000030182      0x2f1 /usr/lib/gcc/arm-none-eabi/9.2.1/../../../arm-none-eabi/lib/thumb/v7e-m+fp/hard/libc_nano.a(lib_a-memmove.o)
 .debug_loc     0x0000000000030473      0x211 /usr/lib/gcc/arm-none-eabi/9.2.1/../../../arm-none-eabi/lib/thumb/v7e-m+fp/hard/libc_nano.a(lib_a-nano-freer.o)
 .debug_loc     0x0000000000030684      0x437 /usr/lib/gcc/arm-none-eabi/9.2.1/../../../arm-none-eabi/lib/thumb/v7e-m+fp/hard/libc_nano.a(lib_a-nano-mallocr.o)
 .debug_loc     0x0000000000030abb      0x133 /usr/lib/gcc/arm-none-eabi/9.2.1/../../../arm-none-eabi/lib/thumb/v7e-m+fp/hard/libc_nano.a(lib_a-nano-reallocr.o)
 .debug_loc     0x0000000000030bee       0x6c /usr/lib/gcc/arm-none-eabi/9.2.1/../../../arm-none-eabi/lib/thumb/v7e-m+fp/hard/libc_nano.a(lib_a-sbrkr.o)
 .debug_loc     0x0000000000030c5a       0x86 /usr/lib/gcc/arm-none-eabi/9.2.1/../../../arm-none-eabi/lib/thumb/v7e-m+fp/hard/libc_nano.a(lib_a-nano-msizer.o)
 .debug_loc     0x0000000000030ce0      0x135 /usr/lib/gcc/arm-none-eabi/9.2.1/../../../arm-none-eabi/lib/thumb/v7e-m+fp/hard/libc_nano.a(lib_a-reent.o)
 .debug_loc     0x0000000000030e15      0xfa2 /usr/lib/gcc/arm-none-eabi/9.2.1/thumb/v7e-m+fp/hard/libgcc.a(_udivmoddi4.o)

.debug_aranges  0x0000000000000000      0xed0
 .debug_aranges
                0x0000000000000000       0x40 ./Core/Src/main.o
 .debug_aranges
                0x0000000000000040       0x38 ./Core/Src/profiling.o
 .debug_aranges
                0x0000000000000078       0x40 ./Core/Src/stm32l4xx_hal_msp.o
 .debug_aranges
                0x00000000000000b8       0x50 ./Core/Src/stm32l4xx_it.o
 .debug_aranges
                0x0000000000000108       0x20 ./Core/Src/sysmem.o
 .debug_aranges
                0x0000000000000128       0x28 ./Core/Src/system_stm32l4xx.o
 .debug_aranges
                0x0000000000000150       0x28 ./Core/Startup/startup_stm32l4r5zitx.o
 .debug_aranges
                0x0000000000000178      0x128 ./Drivers/STM32L4xx_HAL_Driver/Src/stm32l4xx_hal.o
 .debug_aranges
                0x00000000000002a0       0xa8 ./Drivers/STM32L4xx_HAL_Driver/Src/stm32l4xx_hal_cortex.o
 .debug_aranges
                0x0000000000000348       0x58 ./Drivers/STM32L4xx_HAL_Driver/Src/stm32l4xx_hal_gpio.o
 .debug_aranges
                0x00000000000003a0       0xc8 ./Drivers/STM32L4xx_HAL_Driver/Src/stm32l4xx_hal_pcd.o
 .debug_aranges
                0x0000000000000468       0x58 ./Drivers/STM32L4xx_HAL_Driver/Src/stm32l4xx_hal_pcd_ex.o
 .debug_aranges
                0x00000000000004c0      0x158 ./Drivers/STM32L4xx_HAL_Driver/Src/stm32l4xx_hal_pwr_ex.o
 .debug_aranges
                0x0000000000000618       0x90 ./Drivers/STM32L4xx_HAL_Driver/Src/stm32l4xx_hal_rcc.o
 .debug_aranges
                0x00000000000006a8       0xf8 ./Drivers/STM32L4xx_HAL_Driver/Src/stm32l4xx_hal_rcc_ex.o
 .debug_aranges
                0x00000000000007a0      0x1f0 ./Drivers/STM32L4xx_HAL_Driver/Src/stm32l4xx_hal_uart.o
 .debug_aranges
                0x0000000000000990       0x80 ./Drivers/STM32L4xx_HAL_Driver/Src/stm32l4xx_hal_uart_ex.o
 .debug_aranges
                0x0000000000000a10      0x198 ./Drivers/STM32L4xx_HAL_Driver/Src/stm32l4xx_ll_usb.o
 .debug_aranges
                0x0000000000000ba8       0xb0 ../Core/Src/model.o(arm_cm4.o)
 .debug_aranges
                0x0000000000000c58       0x20 /usr/lib/gcc/arm-none-eabi/9.2.1/../../../arm-none-eabi/lib/thumb/v7e-m+fp/hard/libc_nano.a(lib_a-errno.o)
 .debug_aranges
                0x0000000000000c78       0x18 /usr/lib/gcc/arm-none-eabi/9.2.1/../../../arm-none-eabi/lib/thumb/v7e-m+fp/hard/libc_nano.a(lib_a-impure.o)
 .debug_aranges
                0x0000000000000c90       0x20 /usr/lib/gcc/arm-none-eabi/9.2.1/../../../arm-none-eabi/lib/thumb/v7e-m+fp/hard/libc_nano.a(lib_a-init.o)
 .debug_aranges
                0x0000000000000cb0       0x20 /usr/lib/gcc/arm-none-eabi/9.2.1/../../../arm-none-eabi/lib/thumb/v7e-m+fp/hard/libc_nano.a(lib_a-memcpy.o)
 .debug_aranges
                0x0000000000000cd0       0x20 /usr/lib/gcc/arm-none-eabi/9.2.1/../../../arm-none-eabi/lib/thumb/v7e-m+fp/hard/libc_nano.a(lib_a-memset.o)
 .debug_aranges
                0x0000000000000cf0       0x20 /usr/lib/gcc/arm-none-eabi/9.2.1/../../../arm-none-eabi/lib/thumb/v7e-m+fp/hard/libc_nano.a(lib_a-sprintf.o)
 .debug_aranges
                0x0000000000000d10       0x20 /usr/lib/gcc/arm-none-eabi/9.2.1/../../../arm-none-eabi/lib/thumb/v7e-m+fp/hard/libc_nano.a(lib_a-nano-svfprintf.o)
 .debug_aranges
                0x0000000000000d30       0x20 /usr/lib/gcc/arm-none-eabi/9.2.1/../../../arm-none-eabi/lib/thumb/v7e-m+fp/hard/libc_nano.a(lib_a-nano-vfprintf_i.o)
 .debug_aranges
                0x0000000000000d50       0x20 /usr/lib/gcc/arm-none-eabi/9.2.1/../../../arm-none-eabi/lib/thumb/v7e-m+fp/hard/libc_nano.a(lib_a-memchr.o)
 .debug_aranges
                0x0000000000000d70       0x20 /usr/lib/gcc/arm-none-eabi/9.2.1/../../../arm-none-eabi/lib/thumb/v7e-m+fp/hard/libc_nano.a(lib_a-memmove.o)
 .debug_aranges
                0x0000000000000d90       0x20 /usr/lib/gcc/arm-none-eabi/9.2.1/../../../arm-none-eabi/lib/thumb/v7e-m+fp/hard/libc_nano.a(lib_a-nano-freer.o)
 .debug_aranges
                0x0000000000000db0       0x20 /usr/lib/gcc/arm-none-eabi/9.2.1/../../../arm-none-eabi/lib/thumb/v7e-m+fp/hard/libc_nano.a(lib_a-nano-mallocr.o)
 .debug_aranges
                0x0000000000000dd0       0x20 /usr/lib/gcc/arm-none-eabi/9.2.1/../../../arm-none-eabi/lib/thumb/v7e-m+fp/hard/libc_nano.a(lib_a-nano-reallocr.o)
 .debug_aranges
                0x0000000000000df0       0x20 /usr/lib/gcc/arm-none-eabi/9.2.1/../../../arm-none-eabi/lib/thumb/v7e-m+fp/hard/libc_nano.a(lib_a-sbrkr.o)
 .debug_aranges
                0x0000000000000e10       0x20 /usr/lib/gcc/arm-none-eabi/9.2.1/../../../arm-none-eabi/lib/thumb/v7e-m+fp/hard/libc_nano.a(lib_a-mlock.o)
 .debug_aranges
                0x0000000000000e30       0x20 /usr/lib/gcc/arm-none-eabi/9.2.1/../../../arm-none-eabi/lib/thumb/v7e-m+fp/hard/libc_nano.a(lib_a-nano-msizer.o)
 .debug_aranges
                0x0000000000000e50       0x20 /usr/lib/gcc/arm-none-eabi/9.2.1/../../../arm-none-eabi/lib/thumb/v7e-m+fp/hard/libc_nano.a(lib_a-reent.o)
 .debug_aranges
                0x0000000000000e70       0x20 /usr/lib/gcc/arm-none-eabi/9.2.1/thumb/v7e-m+fp/hard/libgcc.a(_aeabi_uldivmod.o)
 .debug_aranges
                0x0000000000000e90       0x20 /usr/lib/gcc/arm-none-eabi/9.2.1/thumb/v7e-m+fp/hard/libgcc.a(_udivmoddi4.o)
 .debug_aranges
                0x0000000000000eb0       0x20 /usr/lib/gcc/arm-none-eabi/9.2.1/thumb/v7e-m+fp/hard/libgcc.a(_dvmd_tls.o)

.debug_ranges   0x0000000000000000     0x8028
 .debug_ranges  0x0000000000000000      0x260 ./Core/Src/main.o
 .debug_ranges  0x0000000000000260       0x80 ./Core/Src/profiling.o
 .debug_ranges  0x00000000000002e0       0x90 ./Core/Src/stm32l4xx_hal_msp.o
 .debug_ranges  0x0000000000000370       0x40 ./Core/Src/stm32l4xx_it.o
 .debug_ranges  0x00000000000003b0       0x10 ./Core/Src/sysmem.o
 .debug_ranges  0x00000000000003c0       0x18 ./Core/Src/system_stm32l4xx.o
 .debug_ranges  0x00000000000003d8       0x20 ./Core/Startup/startup_stm32l4r5zitx.o
 .debug_ranges  0x00000000000003f8      0x118 ./Drivers/STM32L4xx_HAL_Driver/Src/stm32l4xx_hal.o
 .debug_ranges  0x0000000000000510      0x1c0 ./Drivers/STM32L4xx_HAL_Driver/Src/stm32l4xx_hal_cortex.o
 .debug_ranges  0x00000000000006d0       0x68 ./Drivers/STM32L4xx_HAL_Driver/Src/stm32l4xx_hal_gpio.o
 .debug_ranges  0x0000000000000738      0x280 ./Drivers/STM32L4xx_HAL_Driver/Src/stm32l4xx_hal_pcd.o
 .debug_ranges  0x00000000000009b8       0x48 ./Drivers/STM32L4xx_HAL_Driver/Src/stm32l4xx_hal_pcd_ex.o
 .debug_ranges  0x0000000000000a00      0x160 ./Drivers/STM32L4xx_HAL_Driver/Src/stm32l4xx_hal_pwr_ex.o
 .debug_ranges  0x0000000000000b60      0x130 ./Drivers/STM32L4xx_HAL_Driver/Src/stm32l4xx_hal_rcc.o
 .debug_ranges  0x0000000000000c90      0x138 ./Drivers/STM32L4xx_HAL_Driver/Src/stm32l4xx_hal_rcc_ex.o
 .debug_ranges  0x0000000000000dc8      0x920 ./Drivers/STM32L4xx_HAL_Driver/Src/stm32l4xx_hal_uart.o
 .debug_ranges  0x00000000000016e8       0xe8 ./Drivers/STM32L4xx_HAL_Driver/Src/stm32l4xx_hal_uart_ex.o
 .debug_ranges  0x00000000000017d0      0x320 ./Drivers/STM32L4xx_HAL_Driver/Src/stm32l4xx_ll_usb.o
 .debug_ranges  0x0000000000001af0      0x398 ../Core/Src/model.o(/home/matthias/Desktop/vmware-share/glow-profile-compile/scripting/workdir/build/model.o)
 .debug_ranges  0x0000000000001e88     0x5fb8 ../Core/Src/model.o(arm_cm4.o)
 .debug_ranges  0x0000000000007e40       0x38 /usr/lib/gcc/arm-none-eabi/9.2.1/../../../arm-none-eabi/lib/thumb/v7e-m+fp/hard/libc_nano.a(lib_a-nano-svfprintf.o)
 .debug_ranges  0x0000000000007e78       0x98 /usr/lib/gcc/arm-none-eabi/9.2.1/../../../arm-none-eabi/lib/thumb/v7e-m+fp/hard/libc_nano.a(lib_a-nano-vfprintf_i.o)
 .debug_ranges  0x0000000000007f10       0x18 /usr/lib/gcc/arm-none-eabi/9.2.1/../../../arm-none-eabi/lib/thumb/v7e-m+fp/hard/libc_nano.a(lib_a-nano-freer.o)
 .debug_ranges  0x0000000000007f28       0x38 /usr/lib/gcc/arm-none-eabi/9.2.1/../../../arm-none-eabi/lib/thumb/v7e-m+fp/hard/libc_nano.a(lib_a-nano-mallocr.o)
 .debug_ranges  0x0000000000007f60       0xc8 /usr/lib/gcc/arm-none-eabi/9.2.1/thumb/v7e-m+fp/hard/libgcc.a(_udivmoddi4.o)

.debug_macro    0x0000000000000000    0x29fd5
 .debug_macro   0x0000000000000000      0x381 ./Core/Src/main.o
 .debug_macro   0x0000000000000381      0xaa8 ./Core/Src/main.o
 .debug_macro   0x0000000000000e29      0x1a7 ./Core/Src/main.o
 .debug_macro   0x0000000000000fd0       0x2e ./Core/Src/main.o
 .debug_macro   0x0000000000000ffe       0x28 ./Core/Src/main.o
 .debug_macro   0x0000000000001026      0x34e ./Core/Src/main.o
 .debug_macro   0x0000000000001374       0x1c ./Core/Src/main.o
 .debug_macro   0x0000000000001390       0x22 ./Core/Src/main.o
 .debug_macro   0x00000000000013b2      0x101 ./Core/Src/main.o
 .debug_macro   0x00000000000014b3     0x1011 ./Core/Src/main.o
 .debug_macro   0x00000000000024c4      0x11f ./Core/Src/main.o
 .debug_macro   0x00000000000025e3    0x1cb71 ./Core/Src/main.o
 .debug_macro   0x000000000001f154       0x6d ./Core/Src/main.o
 .debug_macro   0x000000000001f1c1     0x38ed ./Core/Src/main.o
 .debug_macro   0x0000000000022aae      0x174 ./Core/Src/main.o
 .debug_macro   0x0000000000022c22       0x5c ./Core/Src/main.o
 .debug_macro   0x0000000000022c7e     0x1884 ./Core/Src/main.o
 .debug_macro   0x0000000000024502      0x7dc ./Core/Src/main.o
 .debug_macro   0x0000000000024cde      0x1b9 ./Core/Src/main.o
 .debug_macro   0x0000000000024e97      0x225 ./Core/Src/main.o
 .debug_macro   0x00000000000250bc      0x486 ./Core/Src/main.o
 .debug_macro   0x0000000000025542      0x1ce ./Core/Src/main.o
 .debug_macro   0x0000000000025710       0x43 ./Core/Src/main.o
 .debug_macro   0x0000000000025753      0x23d ./Core/Src/main.o
 .debug_macro   0x0000000000025990      0x241 ./Core/Src/main.o
 .debug_macro   0x0000000000025bd1      0x416 ./Core/Src/main.o
 .debug_macro   0x0000000000025fe7       0x1c ./Core/Src/main.o
 .debug_macro   0x0000000000026003       0xf2 ./Core/Src/main.o
 .debug_macro   0x00000000000260f5      0x1f4 ./Core/Src/main.o
 .debug_macro   0x00000000000262e9       0x97 ./Core/Src/main.o
 .debug_macro   0x0000000000026380      0x122 ./Core/Src/main.o
 .debug_macro   0x00000000000264a2      0x3f6 ./Core/Src/main.o
 .debug_macro   0x0000000000026898      0x67e ./Core/Src/main.o
 .debug_macro   0x0000000000026f16       0xa6 ./Core/Src/main.o
 .debug_macro   0x0000000000026fbc      0x432 ./Core/Src/main.o
 .debug_macro   0x00000000000273ee       0xd0 ./Core/Src/main.o
 .debug_macro   0x00000000000274be       0x22 ./Core/Src/main.o
 .debug_macro   0x00000000000274e0       0x46 ./Core/Src/main.o
 .debug_macro   0x0000000000027526       0x18 ./Core/Src/main.o
 .debug_macro   0x000000000002753e       0x94 ./Core/Src/main.o
 .debug_macro   0x00000000000275d2       0x3c ./Core/Src/main.o
 .debug_macro   0x000000000002760e       0x34 ./Core/Src/main.o
 .debug_macro   0x0000000000027642       0x16 ./Core/Src/main.o
 .debug_macro   0x0000000000027658       0x43 ./Core/Src/main.o
 .debug_macro   0x000000000002769b       0x57 ./Core/Src/main.o
 .debug_macro   0x00000000000276f2       0x34 ./Core/Src/main.o
 .debug_macro   0x0000000000027726       0x10 ./Core/Src/main.o
 .debug_macro   0x0000000000027736       0x52 ./Core/Src/main.o
 .debug_macro   0x0000000000027788       0x71 ./Core/Src/main.o
 .debug_macro   0x00000000000277f9       0x1c ./Core/Src/main.o
 .debug_macro   0x0000000000027815      0x12a ./Core/Src/main.o
 .debug_macro   0x000000000002793f      0x333 ./Core/Src/main.o
 .debug_macro   0x0000000000027c72       0x10 ./Core/Src/main.o
 .debug_macro   0x0000000000027c82       0x35 ./Core/Src/main.o
 .debug_macro   0x0000000000027cb7       0x46 ./Core/Src/main.o
 .debug_macro   0x0000000000027cfd       0x1c ./Core/Src/main.o
 .debug_macro   0x0000000000027d19       0x10 ./Core/Src/main.o
 .debug_macro   0x0000000000027d29       0x10 ./Core/Src/main.o
 .debug_macro   0x0000000000027d39       0x6a ./Core/Src/main.o
 .debug_macro   0x0000000000027da3       0x1c ./Core/Src/main.o
 .debug_macro   0x0000000000027dbf       0x52 ./Core/Src/main.o
 .debug_macro   0x0000000000027e11       0x22 ./Core/Src/main.o
 .debug_macro   0x0000000000027e33       0x10 ./Core/Src/main.o
 .debug_macro   0x0000000000027e43       0x40 ./Core/Src/main.o
 .debug_macro   0x0000000000027e83       0xd5 ./Core/Src/main.o
 .debug_macro   0x0000000000027f58       0x1c ./Core/Src/main.o
 .debug_macro   0x0000000000027f74       0x3d ./Core/Src/main.o
 .debug_macro   0x0000000000027fb1       0x16 ./Core/Src/main.o
 .debug_macro   0x0000000000027fc7      0x145 ./Core/Src/main.o
 .debug_macro   0x000000000002810c      0x33d ./Core/Src/profiling.o
 .debug_macro   0x0000000000028449       0x16 ./Core/Src/profiling.o
 .debug_macro   0x000000000002845f       0xd6 ./Core/Src/profiling.o
 .debug_macro   0x0000000000028535      0x1a4 ./Core/Src/stm32l4xx_hal_msp.o
 .debug_macro   0x00000000000286d9      0x1ae ./Core/Src/stm32l4xx_it.o
 .debug_macro   0x0000000000028887       0xdd ./Core/Src/sysmem.o
 .debug_macro   0x0000000000028964      0x23b ./Core/Src/sysmem.o
 .debug_macro   0x0000000000028b9f      0x195 ./Core/Src/system_stm32l4xx.o
 .debug_macro   0x0000000000028d34      0x1e3 ./Drivers/STM32L4xx_HAL_Driver/Src/stm32l4xx_hal.o
 .debug_macro   0x0000000000028f17      0x195 ./Drivers/STM32L4xx_HAL_Driver/Src/stm32l4xx_hal_cortex.o
 .debug_macro   0x00000000000290ac      0x19c ./Drivers/STM32L4xx_HAL_Driver/Src/stm32l4xx_hal_gpio.o
 .debug_macro   0x0000000000029248      0x1a1 ./Drivers/STM32L4xx_HAL_Driver/Src/stm32l4xx_hal_pcd.o
 .debug_macro   0x00000000000293e9      0x195 ./Drivers/STM32L4xx_HAL_Driver/Src/stm32l4xx_hal_pcd_ex.o
 .debug_macro   0x000000000002957e      0x1bf ./Drivers/STM32L4xx_HAL_Driver/Src/stm32l4xx_hal_pwr_ex.o
 .debug_macro   0x000000000002973d      0x1d7 ./Drivers/STM32L4xx_HAL_Driver/Src/stm32l4xx_hal_rcc.o
 .debug_macro   0x0000000000029914      0x1cb ./Drivers/STM32L4xx_HAL_Driver/Src/stm32l4xx_hal_rcc_ex.o
 .debug_macro   0x0000000000029adf      0x1c0 ./Drivers/STM32L4xx_HAL_Driver/Src/stm32l4xx_hal_uart.o
 .debug_macro   0x0000000000029c9f      0x1a1 ./Drivers/STM32L4xx_HAL_Driver/Src/stm32l4xx_hal_uart_ex.o
 .debug_macro   0x0000000000029e40      0x195 ./Drivers/STM32L4xx_HAL_Driver/Src/stm32l4xx_ll_usb.o

.debug_line     0x0000000000000000    0x22674
 .debug_line    0x0000000000000000      0xb71 ./Core/Src/main.o
 .debug_line    0x0000000000000b71      0x803 ./Core/Src/profiling.o
 .debug_line    0x0000000000001374      0x683 ./Core/Src/stm32l4xx_hal_msp.o
 .debug_line    0x00000000000019f7      0x4c3 ./Core/Src/stm32l4xx_it.o
 .debug_line    0x0000000000001eba      0x203 ./Core/Src/sysmem.o
 .debug_line    0x00000000000020bd      0x4d1 ./Core/Src/system_stm32l4xx.o
 .debug_line    0x000000000000258e       0x88 ./Core/Startup/startup_stm32l4r5zitx.o
 .debug_line    0x0000000000002616      0x8de ./Drivers/STM32L4xx_HAL_Driver/Src/stm32l4xx_hal.o
 .debug_line    0x0000000000002ef4      0xa0e ./Drivers/STM32L4xx_HAL_Driver/Src/stm32l4xx_hal_cortex.o
 .debug_line    0x0000000000003902      0x93f ./Drivers/STM32L4xx_HAL_Driver/Src/stm32l4xx_hal_gpio.o
 .debug_line    0x0000000000004241     0x1d9c ./Drivers/STM32L4xx_HAL_Driver/Src/stm32l4xx_hal_pcd.o
 .debug_line    0x0000000000005fdd      0x70f ./Drivers/STM32L4xx_HAL_Driver/Src/stm32l4xx_hal_pcd_ex.o
 .debug_line    0x00000000000066ec      0xe0e ./Drivers/STM32L4xx_HAL_Driver/Src/stm32l4xx_hal_pwr_ex.o
 .debug_line    0x00000000000074fa     0x12e9 ./Drivers/STM32L4xx_HAL_Driver/Src/stm32l4xx_hal_rcc.o
 .debug_line    0x00000000000087e3     0x1c0b ./Drivers/STM32L4xx_HAL_Driver/Src/stm32l4xx_hal_rcc_ex.o
 .debug_line    0x000000000000a3ee     0x6ad3 ./Drivers/STM32L4xx_HAL_Driver/Src/stm32l4xx_hal_uart.o
 .debug_line    0x0000000000010ec1     0x10ff ./Drivers/STM32L4xx_HAL_Driver/Src/stm32l4xx_hal_uart_ex.o
 .debug_line    0x0000000000011fc0     0x26f2 ./Drivers/STM32L4xx_HAL_Driver/Src/stm32l4xx_ll_usb.o
 .debug_line    0x00000000000146b2     0x10b3 ../Core/Src/model.o(/home/matthias/Desktop/vmware-share/glow-profile-compile/scripting/workdir/build/model.o)
 .debug_line    0x0000000000015765     0x9ea9 ../Core/Src/model.o(arm_cm4.o)
 .debug_line    0x000000000001f60e      0x108 /usr/lib/gcc/arm-none-eabi/9.2.1/../../../arm-none-eabi/lib/thumb/v7e-m+fp/hard/libc_nano.a(lib_a-errno.o)
 .debug_line    0x000000000001f716       0xe3 /usr/lib/gcc/arm-none-eabi/9.2.1/../../../arm-none-eabi/lib/thumb/v7e-m+fp/hard/libc_nano.a(lib_a-impure.o)
 .debug_line    0x000000000001f7f9      0x10d /usr/lib/gcc/arm-none-eabi/9.2.1/../../../arm-none-eabi/lib/thumb/v7e-m+fp/hard/libc_nano.a(lib_a-init.o)
 .debug_line    0x000000000001f906       0xbe /usr/lib/gcc/arm-none-eabi/9.2.1/../../../arm-none-eabi/lib/thumb/v7e-m+fp/hard/libc_nano.a(lib_a-memcpy.o)
 .debug_line    0x000000000001f9c4      0x26b /usr/lib/gcc/arm-none-eabi/9.2.1/../../../arm-none-eabi/lib/thumb/v7e-m+fp/hard/libc_nano.a(lib_a-memset.o)
 .debug_line    0x000000000001fc2f      0x22c /usr/lib/gcc/arm-none-eabi/9.2.1/../../../arm-none-eabi/lib/thumb/v7e-m+fp/hard/libc_nano.a(lib_a-sprintf.o)
 .debug_line    0x000000000001fe5b      0x884 /usr/lib/gcc/arm-none-eabi/9.2.1/../../../arm-none-eabi/lib/thumb/v7e-m+fp/hard/libc_nano.a(lib_a-nano-svfprintf.o)
 .debug_line    0x00000000000206df      0x790 /usr/lib/gcc/arm-none-eabi/9.2.1/../../../arm-none-eabi/lib/thumb/v7e-m+fp/hard/libc_nano.a(lib_a-nano-vfprintf_i.o)
 .debug_line    0x0000000000020e6f       0xa4 /usr/lib/gcc/arm-none-eabi/9.2.1/../../../arm-none-eabi/lib/thumb/v7e-m+fp/hard/libc_nano.a(lib_a-memchr.o)
 .debug_line    0x0000000000020f13      0x287 /usr/lib/gcc/arm-none-eabi/9.2.1/../../../arm-none-eabi/lib/thumb/v7e-m+fp/hard/libc_nano.a(lib_a-memmove.o)
 .debug_line    0x000000000002119a      0x2af /usr/lib/gcc/arm-none-eabi/9.2.1/../../../arm-none-eabi/lib/thumb/v7e-m+fp/hard/libc_nano.a(lib_a-nano-freer.o)
 .debug_line    0x0000000000021449      0x2f2 /usr/lib/gcc/arm-none-eabi/9.2.1/../../../arm-none-eabi/lib/thumb/v7e-m+fp/hard/libc_nano.a(lib_a-nano-mallocr.o)
 .debug_line    0x000000000002173b      0x1c5 /usr/lib/gcc/arm-none-eabi/9.2.1/../../../arm-none-eabi/lib/thumb/v7e-m+fp/hard/libc_nano.a(lib_a-nano-reallocr.o)
 .debug_line    0x0000000000021900      0x182 /usr/lib/gcc/arm-none-eabi/9.2.1/../../../arm-none-eabi/lib/thumb/v7e-m+fp/hard/libc_nano.a(lib_a-sbrkr.o)
 .debug_line    0x0000000000021a82      0x13d /usr/lib/gcc/arm-none-eabi/9.2.1/../../../arm-none-eabi/lib/thumb/v7e-m+fp/hard/libc_nano.a(lib_a-mlock.o)
 .debug_line    0x0000000000021bbf      0x166 /usr/lib/gcc/arm-none-eabi/9.2.1/../../../arm-none-eabi/lib/thumb/v7e-m+fp/hard/libc_nano.a(lib_a-nano-msizer.o)
 .debug_line    0x0000000000021d25      0x275 /usr/lib/gcc/arm-none-eabi/9.2.1/../../../arm-none-eabi/lib/thumb/v7e-m+fp/hard/libc_nano.a(lib_a-reent.o)
 .debug_line    0x0000000000021f9a       0x60 /usr/lib/gcc/arm-none-eabi/9.2.1/thumb/v7e-m+fp/hard/libgcc.a(_aeabi_uldivmod.o)
 .debug_line    0x0000000000021ffa      0x61a /usr/lib/gcc/arm-none-eabi/9.2.1/thumb/v7e-m+fp/hard/libgcc.a(_udivmoddi4.o)
 .debug_line    0x0000000000022614       0x60 /usr/lib/gcc/arm-none-eabi/9.2.1/thumb/v7e-m+fp/hard/libgcc.a(_dvmd_tls.o)

.debug_str      0x0000000000000000   0x105d0a
 .debug_str     0x0000000000000000    0xfbd0c ./Core/Src/main.o
                                      0xfc187 (size before relaxing)
 .debug_str     0x00000000000fbd0c      0x1d7 ./Core/Src/profiling.o
                                      0xfb869 (size before relaxing)
 .debug_str     0x00000000000fbee3      0x335 ./Core/Src/stm32l4xx_hal_msp.o
                                      0xf7b37 (size before relaxing)
 .debug_str     0x00000000000fc218       0xc9 ./Core/Src/stm32l4xx_it.o
                                      0xf6d8d (size before relaxing)
 .debug_str     0x00000000000fc2e1      0x4f1 ./Core/Src/sysmem.o
                                       0x6091 (size before relaxing)
 .debug_str     0x00000000000fc7d2       0xb8 ./Core/Src/system_stm32l4xx.o
                                      0xf6bbe (size before relaxing)
 .debug_str     0x00000000000fc88a       0x34 ./Core/Startup/startup_stm32l4r5zitx.o
                                         0x93 (size before relaxing)
 .debug_str     0x00000000000fc8be      0xa42 ./Drivers/STM32L4xx_HAL_Driver/Src/stm32l4xx_hal.o
                                      0xf773f (size before relaxing)
 .debug_str     0x00000000000fd300      0x344 ./Drivers/STM32L4xx_HAL_Driver/Src/stm32l4xx_hal_cortex.o
                                      0xf7445 (size before relaxing)
 .debug_str     0x00000000000fd644      0x131 ./Drivers/STM32L4xx_HAL_Driver/Src/stm32l4xx_hal_gpio.o
                                      0xf6d70 (size before relaxing)
 .debug_str     0x00000000000fd775      0x7d7 ./Drivers/STM32L4xx_HAL_Driver/Src/stm32l4xx_hal_pcd.o
                                      0xf75e0 (size before relaxing)
 .debug_str     0x00000000000fdf4c      0x187 ./Drivers/STM32L4xx_HAL_Driver/Src/stm32l4xx_hal_pcd_ex.o
                                      0xf6fc0 (size before relaxing)
 .debug_str     0x00000000000fe0d3      0x57a ./Drivers/STM32L4xx_HAL_Driver/Src/stm32l4xx_hal_pwr_ex.o
                                      0xf71bb (size before relaxing)
 .debug_str     0x00000000000fe64d      0x3b8 ./Drivers/STM32L4xx_HAL_Driver/Src/stm32l4xx_hal_rcc.o
                                      0xf7212 (size before relaxing)
 .debug_str     0x00000000000fea05      0x5ce ./Drivers/STM32L4xx_HAL_Driver/Src/stm32l4xx_hal_rcc_ex.o
                                      0xf761c (size before relaxing)
 .debug_str     0x00000000000fefd3      0x9da ./Drivers/STM32L4xx_HAL_Driver/Src/stm32l4xx_hal_uart.o
                                      0xf7b07 (size before relaxing)
 .debug_str     0x00000000000ff9ad      0x251 ./Drivers/STM32L4xx_HAL_Driver/Src/stm32l4xx_hal_uart_ex.o
                                      0xf730c (size before relaxing)
 .debug_str     0x00000000000ffbfe      0x459 ./Drivers/STM32L4xx_HAL_Driver/Src/stm32l4xx_ll_usb.o
                                      0xf74de (size before relaxing)
 .debug_str     0x0000000000100057     0x35ca ../Core/Src/model.o(/home/matthias/Desktop/vmware-share/glow-profile-compile/scripting/workdir/build/model.o)
                                       0x3967 (size before relaxing)
 .debug_str     0x0000000000103621      0x797 ../Core/Src/model.o(arm_cm4.o)
                                        0x9e1 (size before relaxing)
 .debug_str     0x0000000000103db8      0x124 /usr/lib/gcc/arm-none-eabi/9.2.1/../../../arm-none-eabi/lib/thumb/v7e-m+fp/hard/libc_nano.a(lib_a-errno.o)
                                        0x5f4 (size before relaxing)
 .debug_str     0x0000000000103edc       0xa0 /usr/lib/gcc/arm-none-eabi/9.2.1/../../../arm-none-eabi/lib/thumb/v7e-m+fp/hard/libc_nano.a(lib_a-impure.o)
                                        0x5e2 (size before relaxing)
 .debug_str     0x0000000000103f7c       0xf6 /usr/lib/gcc/arm-none-eabi/9.2.1/../../../arm-none-eabi/lib/thumb/v7e-m+fp/hard/libc_nano.a(lib_a-init.o)
                                        0x229 (size before relaxing)
 .debug_str     0x0000000000104072       0xaa /usr/lib/gcc/arm-none-eabi/9.2.1/../../../arm-none-eabi/lib/thumb/v7e-m+fp/hard/libc_nano.a(lib_a-memcpy.o)
                                         0xb6 (size before relaxing)
 .debug_str     0x000000000010411c      0x309 /usr/lib/gcc/arm-none-eabi/9.2.1/../../../arm-none-eabi/lib/thumb/v7e-m+fp/hard/libc_nano.a(lib_a-memset.o)
                                        0x90f (size before relaxing)
 .debug_str     0x0000000000104425      0x1b5 /usr/lib/gcc/arm-none-eabi/9.2.1/../../../arm-none-eabi/lib/thumb/v7e-m+fp/hard/libc_nano.a(lib_a-sprintf.o)
                                        0x75d (size before relaxing)
 .debug_str     0x00000000001045da      0x197 /usr/lib/gcc/arm-none-eabi/9.2.1/../../../arm-none-eabi/lib/thumb/v7e-m+fp/hard/libc_nano.a(lib_a-nano-svfprintf.o)
                                        0xc15 (size before relaxing)
 .debug_str     0x0000000000104771       0x94 /usr/lib/gcc/arm-none-eabi/9.2.1/../../../arm-none-eabi/lib/thumb/v7e-m+fp/hard/libc_nano.a(lib_a-nano-vfprintf_i.o)
                                        0xbac (size before relaxing)
 .debug_str     0x0000000000104805       0x3c /usr/lib/gcc/arm-none-eabi/9.2.1/../../../arm-none-eabi/lib/thumb/v7e-m+fp/hard/libc_nano.a(lib_a-memchr.o)
                                         0xaf (size before relaxing)
 .debug_str     0x0000000000104841       0x5f /usr/lib/gcc/arm-none-eabi/9.2.1/../../../arm-none-eabi/lib/thumb/v7e-m+fp/hard/libc_nano.a(lib_a-memmove.o)
                                        0x92e (size before relaxing)
 .debug_str     0x00000000001048a0      0x182 /usr/lib/gcc/arm-none-eabi/9.2.1/../../../arm-none-eabi/lib/thumb/v7e-m+fp/hard/libc_nano.a(lib_a-nano-freer.o)
                                        0x712 (size before relaxing)
 .debug_str     0x0000000000104a22       0x32 /usr/lib/gcc/arm-none-eabi/9.2.1/../../../arm-none-eabi/lib/thumb/v7e-m+fp/hard/libc_nano.a(lib_a-nano-mallocr.o)
                                        0x729 (size before relaxing)
 .debug_str     0x0000000000104a54       0x23 /usr/lib/gcc/arm-none-eabi/9.2.1/../../../arm-none-eabi/lib/thumb/v7e-m+fp/hard/libc_nano.a(lib_a-nano-reallocr.o)
                                        0x70f (size before relaxing)
 .debug_str     0x0000000000104a77       0x32 /usr/lib/gcc/arm-none-eabi/9.2.1/../../../arm-none-eabi/lib/thumb/v7e-m+fp/hard/libc_nano.a(lib_a-sbrkr.o)
                                        0x625 (size before relaxing)
 .debug_str     0x0000000000104aa9       0x4c /usr/lib/gcc/arm-none-eabi/9.2.1/../../../arm-none-eabi/lib/thumb/v7e-m+fp/hard/libc_nano.a(lib_a-mlock.o)
                                        0x60e (size before relaxing)
 .debug_str     0x0000000000104af5        0xf /usr/lib/gcc/arm-none-eabi/9.2.1/../../../arm-none-eabi/lib/thumb/v7e-m+fp/hard/libc_nano.a(lib_a-nano-msizer.o)
                                        0x6ed (size before relaxing)
 .debug_str     0x0000000000104b04       0x5e /usr/lib/gcc/arm-none-eabi/9.2.1/../../../arm-none-eabi/lib/thumb/v7e-m+fp/hard/libc_nano.a(lib_a-reent.o)
                                        0x61e (size before relaxing)