../Middlewares/tensorflow/tensorflow/lite/micro/kernels/if.cc:85:14:TfLiteStatus tflite::{anonymous}::Eval(TfLiteContext*, TfLiteNode*)	40	static
../Middlewares/tensorflow/tensorflow/lite/micro/kernels/if.cc:39:7:void* tflite::{anonymous}::Init(TfLiteContext*, const char*, size_t)	8	static
../Middlewares/tensorflow/tensorflow/lite/micro/kernels/if.cc:44:14:TfLiteStatus tflite::{anonymous}::Prepare(TfLiteContext*, TfLiteNode*)	56	static
../Middlewares/tensorflow/tensorflow/lite/micro/kernels/if.cc:117:23:TfLiteRegistration_V1 tflite::Register_IF()	16	static
