../Middlewares/tensorflow/tensorflow/lite/micro/kernels/mirror_pad.cc:59:5:int tflite::{anonymous}::GetFlatIndex(int, int, const TfLiteEvalTensor*, const TfLiteIntArray*, int*, int*, int)	36	static
../Middlewares/tensorflow/tensorflow/lite/kernels/op_macros.h:24:13:void AbortImpl()	8	static
../Middlewares/tensorflow/tensorflow/lite/micro/kernels/mirror_pad.cc:164:7:void* tflite::{anonymous}::Init(TfLiteContext*, const char*, size_t)	8	static
../Middlewares/tensorflow/tensorflow/lite/micro/kernels/mirror_pad.cc:169:14:TfLiteStatus tflite::{anonymous}::Prepare(TfLiteContext*, TfLiteNode*)	48	static
../Middlewares/tensorflow/tensorflow/lite/micro/kernels/mirror_pad.cc:103:14:TfLiteStatus tflite::{anonymous}::Eval(TfLiteContext*, TfLiteNode*)	72	static
../Middlewares/tensorflow/tensorflow/lite/micro/kernels/mirror_pad.cc:211:23:TfLiteRegistration_V1 tflite::Register_MIRROR_PAD()	16	static
