../Middlewares/tensorflow/tensorflow/lite/micro/kernels/round.cc:31:14:TfLiteStatus tflite::ops::micro::round::Prepare(TfLiteContext*, TfLiteNode*)	48	static
../Middlewares/tensorflow/tensorflow/lite/kernels/op_macros.h:24:13:void AbortImpl()	8	static
../Middlewares/tensorflow/tensorflow/lite/kernels/internal/reference/round.h:37:13:void tflite::reference_ops::Round(const tflite::RuntimeShape&, const float*, const tflite::RuntimeShape&, float*)	40	static
../Middlewares/tensorflow/tensorflow/lite/micro/kernels/round.cc:55:14:TfLiteStatus tflite::ops::micro::round::Eval(TfLiteContext*, TfLiteNode*)	72	static
../Middlewares/tensorflow/tensorflow/lite/micro/kernels/round.cc:70:23:TfLiteRegistration_V1 tflite::ops::micro::Register_ROUND()	16	static
