../Middlewares/tensorflow/tensorflow/lite/micro/kernels/while.cc:44:14:TfLiteStatus tflite::{anonymous}::Prepare(TfLiteContext*, TfLiteNode*)	48	static
../Middlewares/tensorflow/tensorflow/lite/micro/kernels/while.cc:77:14:TfLiteStatus tflite::{anonymous}::Eval(TfLiteContext*, TfLiteNode*)	40	static
../Middlewares/tensorflow/tensorflow/lite/micro/kernels/while.cc:39:7:void* tflite::{anonymous}::Init(TfLiteContext*, const char*, size_t)	8	static
../Middlewares/tensorflow/tensorflow/lite/micro/kernels/while.cc:129:23:TfLiteRegistration_V1 tflite::Register_WHILE()	16	static
