../Middlewares/tensorflow/tensorflow/lite/kernels/op_macros.h:24:13:void AbortImpl()	8	static
../Middlewares/tensorflow/tensorflow/lite/micro/kernels/expand_dims.cc:119:14:TfLiteStatus tflite::{anonymous}::Eval(TfLiteContext*, TfLiteNode*)	16	static
../Middlewares/tensorflow/tensorflow/lite/kernels/internal/runtime_shape.h:65:11:int32_t tflite::RuntimeShape::Dims(int) const	8	static
../Middlewares/tensorflow/tensorflow/lite/micro/kernels/expand_dims.cc:85:14:TfLiteStatus tflite::{anonymous}::Prepare(TfLiteContext*, TfLiteNode*)	120	static
../Middlewares/tensorflow/tensorflow/lite/micro/kernels/expand_dims.cc:145:23:TfLiteRegistration_V1 tflite::Register_EXPAND_DIMS()	16	static
