Archive member included to satisfy reference by file (symbol)

/home/matthias/STM32Cube/Repository/Packs/STMicroelectronics/X-CUBE-AI/8.1.0/Middlewares/ST/AI/Lib/GCC/ARMCortexM4/NetworkRuntime810_CM4_GCC.a(ai_platform.o)
                              network.o (ai_buffer_array_item_set_address)
/home/matthias/STM32Cube/Repository/Packs/STMicroelectronics/X-CUBE-AI/8.1.0/Middlewares/ST/AI/Lib/GCC/ARMCortexM4/NetworkRuntime810_CM4_GCC.a(ai_platform_interface.o)
                              network.o (ai_platform_get_weights_map)
/home/matthias/STM32Cube/Repository/Packs/STMicroelectronics/X-CUBE-AI/8.1.0/Middlewares/ST/AI/Lib/GCC/ARMCortexM4/NetworkRuntime810_CM4_GCC.a(core_common.o)
                              /home/matthias/STM32Cube/Repository/Packs/STMicroelectronics/X-CUBE-AI/8.1.0/Middlewares/ST/AI/Lib/GCC/ARMCortexM4/NetworkRuntime810_CM4_GCC.a(ai_platform_interface.o) (core_init)
/home/matthias/STM32Cube/Repository/Packs/STMicroelectronics/X-CUBE-AI/8.1.0/Middlewares/ST/AI/Lib/GCC/ARMCortexM4/NetworkRuntime810_CM4_GCC.a(core_mem_manager.o)
                              /home/matthias/STM32Cube/Repository/Packs/STMicroelectronics/X-CUBE-AI/8.1.0/Middlewares/ST/AI/Lib/GCC/ARMCortexM4/NetworkRuntime810_CM4_GCC.a(ai_platform_interface.o) (core_mem_alloc)
/home/matthias/STM32Cube/Repository/Packs/STMicroelectronics/X-CUBE-AI/8.1.0/Middlewares/ST/AI/Lib/GCC/ARMCortexM4/NetworkRuntime810_CM4_GCC.a(layers.o)
                              /home/matthias/STM32Cube/Repository/Packs/STMicroelectronics/X-CUBE-AI/8.1.0/Middlewares/ST/AI/Lib/GCC/ARMCortexM4/NetworkRuntime810_CM4_GCC.a(ai_platform_interface.o) (ai_check_custom_types)
/home/matthias/STM32Cube/Repository/Packs/STMicroelectronics/X-CUBE-AI/8.1.0/Middlewares/ST/AI/Lib/GCC/ARMCortexM4/NetworkRuntime810_CM4_GCC.a(layers_conv2d_rgb_sssa8_ch.o)
                              network.o (forward_conv2d_rgb_sssa8_ch)
/home/matthias/STM32Cube/Repository/Packs/STMicroelectronics/X-CUBE-AI/8.1.0/Middlewares/ST/AI/Lib/GCC/ARMCortexM4/NetworkRuntime810_CM4_GCC.a(layers_conv2d_stm32_integer.o)
                              /home/matthias/STM32Cube/Repository/Packs/STMicroelectronics/X-CUBE-AI/8.1.0/Middlewares/ST/AI/Lib/GCC/ARMCortexM4/NetworkRuntime810_CM4_GCC.a(layers.o) (get_conv2d_scratch_size)
/home/matthias/STM32Cube/Repository/Packs/STMicroelectronics/X-CUBE-AI/8.1.0/Middlewares/ST/AI/Lib/GCC/ARMCortexM4/NetworkRuntime810_CM4_GCC.a(layers_dw_sssa8_ch.o)
                              network.o (forward_dw_3x3_sssa8_ch)
/home/matthias/STM32Cube/Repository/Packs/STMicroelectronics/X-CUBE-AI/8.1.0/Middlewares/ST/AI/Lib/GCC/ARMCortexM4/NetworkRuntime810_CM4_GCC.a(layers_generic_float.o)
                              network.o (forward_pad)
/home/matthias/STM32Cube/Repository/Packs/STMicroelectronics/X-CUBE-AI/8.1.0/Middlewares/ST/AI/Lib/GCC/ARMCortexM4/NetworkRuntime810_CM4_GCC.a(layers_pad_generic.o)
                              /home/matthias/STM32Cube/Repository/Packs/STMicroelectronics/X-CUBE-AI/8.1.0/Middlewares/ST/AI/Lib/GCC/ARMCortexM4/NetworkRuntime810_CM4_GCC.a(layers_generic_float.o) (forward_pad_8bit_ch1st_3x3_constant)
/home/matthias/STM32Cube/Repository/Packs/STMicroelectronics/X-CUBE-AI/8.1.0/Middlewares/ST/AI/Lib/GCC/ARMCortexM4/NetworkRuntime810_CM4_GCC.a(layers_pool_stm32_integer.o)
                              network.o (forward_ap_integer_INT8)
/home/matthias/STM32Cube/Repository/Packs/STMicroelectronics/X-CUBE-AI/8.1.0/Middlewares/ST/AI/Lib/GCC/ARMCortexM4/NetworkRuntime810_CM4_GCC.a(layers_pw_sssa8_ch.o)
                              network.o (forward_pw_sssa8_ch)
/home/matthias/STM32Cube/Repository/Packs/STMicroelectronics/X-CUBE-AI/8.1.0/Middlewares/ST/AI/Lib/GCC/ARMCortexM4/NetworkRuntime810_CM4_GCC.a(forward_lite_conv2d_sssa8_ch.o)
                              /home/matthias/STM32Cube/Repository/Packs/STMicroelectronics/X-CUBE-AI/8.1.0/Middlewares/ST/AI/Lib/GCC/ARMCortexM4/NetworkRuntime810_CM4_GCC.a(layers_conv2d_rgb_sssa8_ch.o) (forward_lite_conv2d_rgb_sssa8_ch)
/home/matthias/STM32Cube/Repository/Packs/STMicroelectronics/X-CUBE-AI/8.1.0/Middlewares/ST/AI/Lib/GCC/ARMCortexM4/NetworkRuntime810_CM4_GCC.a(forward_lite_dw_sssa8_ch.o)
                              /home/matthias/STM32Cube/Repository/Packs/STMicroelectronics/X-CUBE-AI/8.1.0/Middlewares/ST/AI/Lib/GCC/ARMCortexM4/NetworkRuntime810_CM4_GCC.a(layers_dw_sssa8_ch.o) (st_dw_sssa8_ch_Wadapt_3x3_ch1st)
/home/matthias/STM32Cube/Repository/Packs/STMicroelectronics/X-CUBE-AI/8.1.0/Middlewares/ST/AI/Lib/GCC/ARMCortexM4/NetworkRuntime810_CM4_GCC.a(forward_lite_maxpool_is16os16.o)
                              /home/matthias/STM32Cube/Repository/Packs/STMicroelectronics/X-CUBE-AI/8.1.0/Middlewares/ST/AI/Lib/GCC/ARMCortexM4/NetworkRuntime810_CM4_GCC.a(layers_pool_stm32_integer.o) (forward_lite_maxpool_is16os16_scalepos)
[...]
Memory Configuration

Name             Origin             Length             Attributes
RAM              0x0000000020000000 0x0000000002000000 xrw
FLASH            0x0000000008000000 0x0000000002000000 xr
*default*        0x0000000000000000 0xffffffffffffffff

Linker script and memory map

LOAD /usr/lib/gcc/arm-none-eabi/9.2.1/thumb/v7e-m+fp/hard/crti.o
LOAD /usr/lib/gcc/arm-none-eabi/9.2.1/thumb/v7e-m+fp/hard/crtbegin.o
LOAD /usr/lib/gcc/arm-none-eabi/9.2.1/../../../arm-none-eabi/lib/thumb/v7e-m+fp/hard/crt0.o
START GROUP
LOAD /usr/lib/gcc/arm-none-eabi/9.2.1/../../../arm-none-eabi/lib/thumb/v7e-m+fp/hard/libm.a
END GROUP
LOAD startup_stm32xx.o
LOAD sysmem.o
LOAD stm32_app_main.o
LOAD network.o
LOAD network_data.o
LOAD network_data_params.o
LOAD syscalls.o
LOAD /home/matthias/STM32Cube/Repository/Packs/STMicroelectronics/X-CUBE-AI/8.1.0/Middlewares/ST/AI/Lib/GCC/ARMCortexM4/NetworkRuntime810_CM4_GCC.a
START GROUP
LOAD /usr/lib/gcc/arm-none-eabi/9.2.1/thumb/v7e-m+fp/hard/libgcc.a
LOAD /usr/lib/gcc/arm-none-eabi/9.2.1/../../../arm-none-eabi/lib/thumb/v7e-m+fp/hard/libc_nano.a
END GROUP
START GROUP
LOAD /usr/lib/gcc/arm-none-eabi/9.2.1/thumb/v7e-m+fp/hard/libgcc.a
LOAD /usr/lib/gcc/arm-none-eabi/9.2.1/../../../arm-none-eabi/lib/thumb/v7e-m+fp/hard/libc_nano.a
LOAD /usr/lib/gcc/arm-none-eabi/9.2.1/../../../arm-none-eabi/lib/thumb/v7e-m+fp/hard/libnosys.a
END GROUP
START GROUP
LOAD /usr/lib/gcc/arm-none-eabi/9.2.1/thumb/v7e-m+fp/hard/libgcc.a
LOAD /usr/lib/gcc/arm-none-eabi/9.2.1/../../../arm-none-eabi/lib/thumb/v7e-m+fp/hard/libc_nano.a
LOAD /usr/lib/gcc/arm-none-eabi/9.2.1/../../../arm-none-eabi/lib/thumb/v7e-m+fp/hard/libnosys.a
END GROUP
LOAD /usr/lib/gcc/arm-none-eabi/9.2.1/thumb/v7e-m+fp/hard/crtend.o
LOAD /usr/lib/gcc/arm-none-eabi/9.2.1/thumb/v7e-m+fp/hard/crtn.o
                0x0000000021000000                _estack = 0x21000000
                0x0000000000002000                _Min_Heap_Size = 0x2000
                0x0000000000001000                _Min_Stack_Size = 0x1000

.isr_vector     0x0000000008000000       0x40
                0x0000000008000000                . = ALIGN (0x4)
 *(.isr_vector)
 .isr_vector    0x0000000008000000       0x40 startup_stm32xx.o
                0x0000000008000000                g_pfnVectors
                0x0000000008000040                . = ALIGN (0x4)

.text           0x0000000008000040     0x756c
                0x0000000008000040                . = ALIGN (0x4)
 *(.text)
 .text          0x0000000008000040       0x88 /usr/lib/gcc/arm-none-eabi/9.2.1/thumb/v7e-m+fp/hard/crtbegin.o
 .text          0x00000000080000c8       0x28 /usr/lib/gcc/arm-none-eabi/9.2.1/thumb/v7e-m+fp/hard/libgcc.a(_fixsfdi.o)
                0x00000000080000c8                __aeabi_f2lz
                0x00000000080000c8                __fixsfdi
 .text          0x00000000080000f0       0x40 /usr/lib/gcc/arm-none-eabi/9.2.1/thumb/v7e-m+fp/hard/libgcc.a(_fixunssfdi.o)
                0x00000000080000f0                __aeabi_f2ulz
                0x00000000080000f0                __fixunssfdi
 .text          0x0000000008000130      0x254 /usr/lib/gcc/arm-none-eabi/9.2.1/thumb/v7e-m+fp/hard/libgcc.a(_arm_muldf3.o)
                0x0000000008000130                __aeabi_dmul
                0x0000000008000130                __muldf3
 .text          0x0000000008000384      0x378 /usr/lib/gcc/arm-none-eabi/9.2.1/thumb/v7e-m+fp/hard/libgcc.a(_arm_addsubdf3.o)
                0x0000000008000384                __aeabi_drsub
                0x000000000800038c                __aeabi_dsub
                0x000000000800038c                __subdf3
                0x0000000008000390                __adddf3
                0x0000000008000390                __aeabi_dadd
                0x0000000008000608                __aeabi_ui2d
                0x0000000008000608                __floatunsidf
                0x0000000008000628                __floatsidf
                0x0000000008000628                __aeabi_i2d
                0x000000000800064c                __extendsfdf2
                0x000000000800064c                __aeabi_f2d
                0x0000000008000690                __aeabi_ul2d
                0x0000000008000690                __floatundidf
                0x00000000080006a0                __floatdidf
                0x00000000080006a0                __aeabi_l2d
 .text          0x00000000080006fc       0x40 /usr/lib/gcc/arm-none-eabi/9.2.1/thumb/v7e-m+fp/hard/libgcc.a(_arm_fixunsdfsi.o)
                0x00000000080006fc                __fixunsdfsi
                0x00000000080006fc                __aeabi_d2uiz
 .text          0x000000000800073c       0x48 /usr/lib/gcc/arm-none-eabi/9.2.1/../../../arm-none-eabi/lib/thumb/v7e-m+fp/hard/libc_nano.a(lib_a-init.o)
                0x000000000800073c                __libc_init_array
 .text          0x0000000008000784       0xa0 /usr/lib/gcc/arm-none-eabi/9.2.1/../../../arm-none-eabi/lib/thumb/v7e-m+fp/hard/libc_nano.a(lib_a-memset.o)
                0x0000000008000784                memset
 *(.text*)
 .text.Reset_Handler
                0x0000000008000824       0x50 startup_stm32xx.o
                0x0000000008000824                Reset_Handler
 .text.Default_Handler
                0x0000000008000874        0x2 startup_stm32xx.o
                0x0000000008000874                DebugMon_Handler
                0x0000000008000874                HardFault_Handler
                0x0000000008000874                SysTick_Handler
                0x0000000008000874                PendSV_Handler
                0x0000000008000874                NMI_Handler
                0x0000000008000874                UsageFault_Handler
                0x0000000008000874                Default_Handler
                0x0000000008000874                MemManage_Handler
                0x0000000008000874                SVC_Handler
                0x0000000008000874                BusFault_Handler
 *fill*         0x0000000008000876        0x2 
 .text.aiInit   0x0000000008000878       0x44 stm32_app_main.o
                0x0000000008000878                aiInit
 .text.aiRun    0x00000000080008bc       0x20 stm32_app_main.o
                0x00000000080008bc                aiRun
 .text.main_loop
                0x00000000080008dc        0xc stm32_app_main.o
                0x00000000080008dc                main_loop
 .text.main     0x00000000080008e8        0x6 stm32_app_main.o
                0x00000000080008e8                main
 .text.SystemInit
                0x00000000080008ee        0x2 stm32_app_main.o
                0x00000000080008ee                SystemInit
 .text.network_configure_weights
                0x00000000080008f0      0x54c network.o
 .text.ai_network_get_error
                0x0000000008000e3c        0x8 network.o
                0x0000000008000e3c                ai_network_get_error
 .text.ai_network_create
                0x0000000008000e44       0x20 network.o
                0x0000000008000e44                ai_network_create
 .text.ai_network_inputs_get
                0x0000000008000e64       0x1c network.o
                0x0000000008000e64                ai_network_inputs_get
 .text.ai_network_outputs_get
                0x0000000008000e80       0x1c network.o
                0x0000000008000e80                ai_network_outputs_get
 .text.ai_network_init
                0x0000000008000e9c      0x3e0 network.o
                0x0000000008000e9c                ai_network_init
 .text.ai_network_create_and_init
                0x000000000800127c       0x84 network.o
                0x000000000800127c                ai_network_create_and_init
 .text.ai_network_run
                0x0000000008001300        0x8 network.o
                0x0000000008001300                ai_network_run
 .text.ai_network_data_params_get
                0x0000000008001308       0x34 network_data.o
                0x0000000008001308                ai_network_data_params_get
 .text.ai_buffer_get_size
                0x000000000800133c       0x68 /home/matthias/STM32Cube/Repository/Packs/STMicroelectronics/X-CUBE-AI/8.1.0/Middlewares/ST/AI/Lib/GCC/ARMCortexM4/NetworkRuntime810_CM4_GCC.a(ai_platform.o)
                0x000000000800133c                ai_buffer_get_size
 .text.ai_buffer_array_sane
                0x00000000080013a4       0x14 /home/matthias/STM32Cube/Repository/Packs/STMicroelectronics/X-CUBE-AI/8.1.0/Middlewares/ST/AI/Lib/GCC/ARMCortexM4/NetworkRuntime810_CM4_GCC.a(ai_platform.o)
                0x00000000080013a4                ai_buffer_array_sane
 .text.ai_buffer_array_item_set_address
                0x00000000080013b8       0x20 /home/matthias/STM32Cube/Repository/Packs/STMicroelectronics/X-CUBE-AI/8.1.0/Middlewares/ST/AI/Lib/GCC/ARMCortexM4/NetworkRuntime810_CM4_GCC.a(ai_platform.o)
                0x00000000080013b8                ai_buffer_array_item_set_address
 .text._ai_platform_acquire_crc
                0x00000000080013d8        0x4 /home/matthias/STM32Cube/Repository/Packs/STMicroelectronics/X-CUBE-AI/8.1.0/Middlewares/ST/AI/Lib/GCC/ARMCortexM4/NetworkRuntime810_CM4_GCC.a(ai_platform_interface.o)
                0x00000000080013d8                _ai_platform_acquire_crc
 .text._ai_platform_release_crc
                0x00000000080013dc        0x4 /home/matthias/STM32Cube/Repository/Packs/STMicroelectronics/X-CUBE-AI/8.1.0/Middlewares/ST/AI/Lib/GCC/ARMCortexM4/NetworkRuntime810_CM4_GCC.a(ai_platform_interface.o)
                0x00000000080013dc                _ai_platform_release_crc
 .text.ai_platform_get_weights_map
                0x00000000080013e0       0xa8 /home/matthias/STM32Cube/Repository/Packs/STMicroelectronics/X-CUBE-AI/8.1.0/Middlewares/ST/AI/Lib/GCC/ARMCortexM4/NetworkRuntime810_CM4_GCC.a(ai_platform_interface.o)
                0x00000000080013e0                ai_platform_get_weights_map
 .text.ai_platform_get_activations_map
                0x0000000008001488       0xa8 /home/matthias/STM32Cube/Repository/Packs/STMicroelectronics/X-CUBE-AI/8.1.0/Middlewares/ST/AI/Lib/GCC/ARMCortexM4/NetworkRuntime810_CM4_GCC.a(ai_platform_interface.o)
                0x0000000008001488                ai_platform_get_activations_map
 .text.ai_platform_bind_network_params
                0x0000000008001530       0x44 /home/matthias/STM32Cube/Repository/Packs/STMicroelectronics/X-CUBE-AI/8.1.0/Middlewares/ST/AI/Lib/GCC/ARMCortexM4/NetworkRuntime810_CM4_GCC.a(ai_platform_interface.o)
                0x0000000008001530                ai_platform_bind_network_params
 .text.ai_platform_network_get_error
                0x0000000008001574       0xdc /home/matthias/STM32Cube/Repository/Packs/STMicroelectronics/X-CUBE-AI/8.1.0/Middlewares/ST/AI/Lib/GCC/ARMCortexM4/NetworkRuntime810_CM4_GCC.a(ai_platform_interface.o)
                0x0000000008001574                ai_platform_network_get_error
 .text.ai_platform_network_set_error
                0x0000000008001650        0xc /home/matthias/STM32Cube/Repository/Packs/STMicroelectronics/X-CUBE-AI/8.1.0/Middlewares/ST/AI/Lib/GCC/ARMCortexM4/NetworkRuntime810_CM4_GCC.a(ai_platform_interface.o)
                0x0000000008001650                ai_platform_network_set_error
 .text.ai_platform_inputs_get
                0x000000000800165c      0x1ac /home/matthias/STM32Cube/Repository/Packs/STMicroelectronics/X-CUBE-AI/8.1.0/Middlewares/ST/AI/Lib/GCC/ARMCortexM4/NetworkRuntime810_CM4_GCC.a(ai_platform_interface.o)
                0x000000000800165c                ai_platform_inputs_get
 .text.ai_platform_outputs_get
                0x0000000008001808      0x1a0 /home/matthias/STM32Cube/Repository/Packs/STMicroelectronics/X-CUBE-AI/8.1.0/Middlewares/ST/AI/Lib/GCC/ARMCortexM4/NetworkRuntime810_CM4_GCC.a(ai_platform_interface.o)
                0x0000000008001808                ai_platform_outputs_get
 .text.ai_platform_network_create
                0x00000000080019a8      0x1ac /home/matthias/STM32Cube/Repository/Packs/STMicroelectronics/X-CUBE-AI/8.1.0/Middlewares/ST/AI/Lib/GCC/ARMCortexM4/NetworkRuntime810_CM4_GCC.a(ai_platform_interface.o)
                0x00000000080019a8                ai_platform_network_create
 .text.ai_platform_network_init
                0x0000000008001b54      0x1dc /home/matthias/STM32Cube/Repository/Packs/STMicroelectronics/X-CUBE-AI/8.1.0/Middlewares/ST/AI/Lib/GCC/ARMCortexM4/NetworkRuntime810_CM4_GCC.a(ai_platform_interface.o)
                0x0000000008001b54                ai_platform_network_init
 .text.ai_platform_network_post_init
                0x0000000008001d30      0x110 /home/matthias/STM32Cube/Repository/Packs/STMicroelectronics/X-CUBE-AI/8.1.0/Middlewares/ST/AI/Lib/GCC/ARMCortexM4/NetworkRuntime810_CM4_GCC.a(ai_platform_interface.o)
                0x0000000008001d30                ai_platform_network_post_init
 .text.ai_platform_network_process
                0x0000000008001e40      0x508 /home/matthias/STM32Cube/Repository/Packs/STMicroelectronics/X-CUBE-AI/8.1.0/Middlewares/ST/AI/Lib/GCC/ARMCortexM4/NetworkRuntime810_CM4_GCC.a(ai_platform_interface.o)
                0x0000000008001e40                ai_platform_network_process
 .text.core_init
                0x0000000008002348        0x4 /home/matthias/STM32Cube/Repository/Packs/STMicroelectronics/X-CUBE-AI/8.1.0/Middlewares/ST/AI/Lib/GCC/ARMCortexM4/NetworkRuntime810_CM4_GCC.a(core_common.o)
                0x0000000008002348                core_init
 .text.core_get_error
                0x000000000800234c        0xc /home/matthias/STM32Cube/Repository/Packs/STMicroelectronics/X-CUBE-AI/8.1.0/Middlewares/ST/AI/Lib/GCC/ARMCortexM4/NetworkRuntime810_CM4_GCC.a(core_common.o)
                0x000000000800234c                core_get_error
 .text.core_set_error
                0x0000000008002358       0x18 /home/matthias/STM32Cube/Repository/Packs/STMicroelectronics/X-CUBE-AI/8.1.0/Middlewares/ST/AI/Lib/GCC/ARMCortexM4/NetworkRuntime810_CM4_GCC.a(core_common.o)
                0x0000000008002358                core_set_error
 .text.ai_check_custom_types
                0x0000000008002370       0x54 /home/matthias/STM32Cube/Repository/Packs/STMicroelectronics/X-CUBE-AI/8.1.0/Middlewares/ST/AI/Lib/GCC/ARMCortexM4/NetworkRuntime810_CM4_GCC.a(layers.o)
                0x0000000008002370                ai_check_custom_types
 .text.ai_layers_init_all
                0x00000000080023c4       0x1c /home/matthias/STM32Cube/Repository/Packs/STMicroelectronics/X-CUBE-AI/8.1.0/Middlewares/ST/AI/Lib/GCC/ARMCortexM4/NetworkRuntime810_CM4_GCC.a(layers.o)
                0x00000000080023c4                ai_layers_init_all
 .text.ai_layers_post_init_all
                0x00000000080023e0       0x28 /home/matthias/STM32Cube/Repository/Packs/STMicroelectronics/X-CUBE-AI/8.1.0/Middlewares/ST/AI/Lib/GCC/ARMCortexM4/NetworkRuntime810_CM4_GCC.a(layers.o)
                0x00000000080023e0                ai_layers_post_init_all
 .text.ai_layers_forward_all
                0x0000000008002408       0x94 /home/matthias/STM32Cube/Repository/Packs/STMicroelectronics/X-CUBE-AI/8.1.0/Middlewares/ST/AI/Lib/GCC/ARMCortexM4/NetworkRuntime810_CM4_GCC.a(layers.o)
                0x0000000008002408                ai_layers_forward_all
 .text.func_dummy
                0x000000000800249c        0x4 /home/matthias/STM32Cube/Repository/Packs/STMicroelectronics/X-CUBE-AI/8.1.0/Middlewares/ST/AI/Lib/GCC/ARMCortexM4/NetworkRuntime810_CM4_GCC.a(layers_conv2d_rgb_sssa8_ch.o)
 .text.forward_conv2d_rgb_sssa8_ch
                0x00000000080024a0      0x25c /home/matthias/STM32Cube/Repository/Packs/STMicroelectronics/X-CUBE-AI/8.1.0/Middlewares/ST/AI/Lib/GCC/ARMCortexM4/NetworkRuntime810_CM4_GCC.a(layers_conv2d_rgb_sssa8_ch.o)
                0x00000000080024a0                forward_conv2d_rgb_sssa8_ch
 .text.forward_dense_integer_SSSA
                0x00000000080026fc      0x2f4 /home/matthias/STM32Cube/Repository/Packs/STMicroelectronics/X-CUBE-AI/8.1.0/Middlewares/ST/AI/Lib/GCC/ARMCortexM4/NetworkRuntime810_CM4_GCC.a(layers_conv2d_stm32_integer.o)
                0x00000000080026fc                forward_dense_integer_SSSA
 .text.func_dummy
                0x00000000080029f0        0x4 /home/matthias/STM32Cube/Repository/Packs/STMicroelectronics/X-CUBE-AI/8.1.0/Middlewares/ST/AI/Lib/GCC/ARMCortexM4/NetworkRuntime810_CM4_GCC.a(layers_dw_sssa8_ch.o)
 .text.forward_dw_3x3_sssa8_ch
                0x00000000080029f4      0x214 /home/matthias/STM32Cube/Repository/Packs/STMicroelectronics/X-CUBE-AI/8.1.0/Middlewares/ST/AI/Lib/GCC/ARMCortexM4/NetworkRuntime810_CM4_GCC.a(layers_dw_sssa8_ch.o)
                0x00000000080029f4                forward_dw_3x3_sssa8_ch
 .text.forward_pad
                0x0000000008002c08       0x20 /home/matthias/STM32Cube/Repository/Packs/STMicroelectronics/X-CUBE-AI/8.1.0/Middlewares/ST/AI/Lib/GCC/ARMCortexM4/NetworkRuntime810_CM4_GCC.a(layers_generic_float.o)
                0x0000000008002c08                forward_pad
 .text.forward_pad_8bit_ch1st_3x3_constant
                0x0000000008002c28       0x64 /home/matthias/STM32Cube/Repository/Packs/STMicroelectronics/X-CUBE-AI/8.1.0/Middlewares/ST/AI/Lib/GCC/ARMCortexM4/NetworkRuntime810_CM4_GCC.a(layers_pad_generic.o)
                0x0000000008002c28                forward_pad_8bit_ch1st_3x3_constant
 .text.forward_pad_constant
                0x0000000008002c8c       0x94 /home/matthias/STM32Cube/Repository/Packs/STMicroelectronics/X-CUBE-AI/8.1.0/Middlewares/ST/AI/Lib/GCC/ARMCortexM4/NetworkRuntime810_CM4_GCC.a(layers_pad_generic.o)
                0x0000000008002c8c                forward_pad_constant
 .text.forward_pad_edge
                0x0000000008002d20       0x84 /home/matthias/STM32Cube/Repository/Packs/STMicroelectronics/X-CUBE-AI/8.1.0/Middlewares/ST/AI/Lib/GCC/ARMCortexM4/NetworkRuntime810_CM4_GCC.a(layers_pad_generic.o)
                0x0000000008002d20                forward_pad_edge
 .text.forward_pad_reflect
                0x0000000008002da4       0xa4 /home/matthias/STM32Cube/Repository/Packs/STMicroelectronics/X-CUBE-AI/8.1.0/Middlewares/ST/AI/Lib/GCC/ARMCortexM4/NetworkRuntime810_CM4_GCC.a(layers_pad_generic.o)
                0x0000000008002da4                forward_pad_reflect
 .text.forward_ap_integer_INT8
                0x0000000008002e48      0x1e4 /home/matthias/STM32Cube/Repository/Packs/STMicroelectronics/X-CUBE-AI/8.1.0/Middlewares/ST/AI/Lib/GCC/ARMCortexM4/NetworkRuntime810_CM4_GCC.a(layers_pool_stm32_integer.o)
                0x0000000008002e48                forward_ap_integer_INT8
 .text.func_dummy
                0x000000000800302c        0x4 /home/matthias/STM32Cube/Repository/Packs/STMicroelectronics/X-CUBE-AI/8.1.0/Middlewares/ST/AI/Lib/GCC/ARMCortexM4/NetworkRuntime810_CM4_GCC.a(layers_pw_sssa8_ch.o)
 .text.forward_pw_sssa8_ch
                0x0000000008003030      0x2a4 /home/matthias/STM32Cube/Repository/Packs/STMicroelectronics/X-CUBE-AI/8.1.0/Middlewares/ST/AI/Lib/GCC/ARMCortexM4/NetworkRuntime810_CM4_GCC.a(layers_pw_sssa8_ch.o)
                0x0000000008003030                forward_pw_sssa8_ch
 .text.forward_lite_conv2d_rgb_sssa8_ch
                0x00000000080032d4      0x57c /home/matthias/STM32Cube/Repository/Packs/STMicroelectronics/X-CUBE-AI/8.1.0/Middlewares/ST/AI/Lib/GCC/ARMCortexM4/NetworkRuntime810_CM4_GCC.a(forward_lite_conv2d_sssa8_ch.o)
                0x00000000080032d4                forward_lite_conv2d_rgb_sssa8_ch
 .text.forward_lite_dw_3x3_sssa8_ch
                0x0000000008003850      0x834 /home/matthias/STM32Cube/Repository/Packs/STMicroelectronics/X-CUBE-AI/8.1.0/Middlewares/ST/AI/Lib/GCC/ARMCortexM4/NetworkRuntime810_CM4_GCC.a(forward_lite_dw_sssa8_ch.o)
                0x0000000008003850                forward_lite_dw_3x3_sssa8_ch
 .text.forward_lite_pw_sssa8_ch
                0x0000000008004084      0x170 /home/matthias/STM32Cube/Repository/Packs/STMicroelectronics/X-CUBE-AI/8.1.0/Middlewares/ST/AI/Lib/GCC/ARMCortexM4/NetworkRuntime810_CM4_GCC.a(forward_lite_pw_sssa8_ch.o)
                0x0000000008004084                forward_lite_pw_sssa8_ch
 .text.forward_lite_pad_8bit_ch1st_3x3_constant
                0x00000000080041f4      0x17c /home/matthias/STM32Cube/Repository/Packs/STMicroelectronics/X-CUBE-AI/8.1.0/Middlewares/ST/AI/Lib/GCC/ARMCortexM4/NetworkRuntime810_CM4_GCC.a(forward_lite_pad_generic.o)
                0x00000000080041f4                forward_lite_pad_8bit_ch1st_3x3_constant
 .text.forward_lite_pad_constant
                0x0000000008004370      0x144 /home/matthias/STM32Cube/Repository/Packs/STMicroelectronics/X-CUBE-AI/8.1.0/Middlewares/ST/AI/Lib/GCC/ARMCortexM4/NetworkRuntime810_CM4_GCC.a(forward_lite_pad_generic.o)
                0x0000000008004370                forward_lite_pad_constant
 .text.forward_lite_pad_edge
                0x00000000080044b4       0xe8 /home/matthias/STM32Cube/Repository/Packs/STMicroelectronics/X-CUBE-AI/8.1.0/Middlewares/ST/AI/Lib/GCC/ARMCortexM4/NetworkRuntime810_CM4_GCC.a(forward_lite_pad_generic.o)
                0x00000000080044b4                forward_lite_pad_edge
 .text.forward_lite_pad_reflect
                0x000000000800459c      0x14c /home/matthias/STM32Cube/Repository/Packs/STMicroelectronics/X-CUBE-AI/8.1.0/Middlewares/ST/AI/Lib/GCC/ARMCortexM4/NetworkRuntime810_CM4_GCC.a(forward_lite_pad_generic.o)
                0x000000000800459c                forward_lite_pad_reflect
 .text.align_factor
                0x00000000080046e8       0xa8 /home/matthias/STM32Cube/Repository/Packs/STMicroelectronics/X-CUBE-AI/8.1.0/Middlewares/ST/AI/Lib/GCC/ARMCortexM4/NetworkRuntime810_CM4_GCC.a(st_convolve_reference.o)
                0x00000000080046e8                align_factor
 .text.align_factor_ch
                0x0000000008004790       0x60 /home/matthias/STM32Cube/Repository/Packs/STMicroelectronics/X-CUBE-AI/8.1.0/Middlewares/ST/AI/Lib/GCC/ARMCortexM4/NetworkRuntime810_CM4_GCC.a(st_convolve_reference.o)
                0x0000000008004790                align_factor_ch
 .text.st_sssa8_ch_convolve_rank1upd
                0x00000000080047f0      0x11c /home/matthias/STM32Cube/Repository/Packs/STMicroelectronics/X-CUBE-AI/8.1.0/Middlewares/ST/AI/Lib/GCC/ARMCortexM4/NetworkRuntime810_CM4_GCC.a(st_sssa8_ch_convolve.o)
                0x00000000080047f0                st_sssa8_ch_convolve_rank1upd
 .text.st_sssa8_fully_connected
                0x000000000800490c      0x5f4 /home/matthias/STM32Cube/Repository/Packs/STMicroelectronics/X-CUBE-AI/8.1.0/Middlewares/ST/AI/Lib/GCC/ARMCortexM4/NetworkRuntime810_CM4_GCC.a(st_sssa8_dense.o)
                0x000000000800490c                st_sssa8_fully_connected
 .text.st_int8_fill
                0x0000000008004f00       0xb8 /home/matthias/STM32Cube/Repository/Packs/STMicroelectronics/X-CUBE-AI/8.1.0/Middlewares/ST/AI/Lib/GCC/ARMCortexM4/NetworkRuntime810_CM4_GCC.a(st_int8_fill.o)
                0x0000000008004f00                st_int8_fill
 .text.st_int8_copy
                0x0000000008004fb8      0x10c /home/matthias/STM32Cube/Repository/Packs/STMicroelectronics/X-CUBE-AI/8.1.0/Middlewares/ST/AI/Lib/GCC/ARMCortexM4/NetworkRuntime810_CM4_GCC.a(st_int8_fill.o)
                0x0000000008004fb8                st_int8_copy
 .text.st_int8_reordered_no_shift_zero
                0x00000000080050c4       0x6c /home/matthias/STM32Cube/Repository/Packs/STMicroelectronics/X-CUBE-AI/8.1.0/Middlewares/ST/AI/Lib/GCC/ARMCortexM4/NetworkRuntime810_CM4_GCC.a(st_int8_reordered_no_shift.o)
                0x00000000080050c4                st_int8_reordered_no_shift_zero
 .text.st_int8_to16_dual
                0x0000000008005130      0x1d4 /home/matthias/STM32Cube/Repository/Packs/STMicroelectronics/X-CUBE-AI/8.1.0/Middlewares/ST/AI/Lib/GCC/ARMCortexM4/NetworkRuntime810_CM4_GCC.a(st_int8_to16_no_shift.o)
                0x0000000008005130                st_int8_to16_dual
 .text.ai_padding_opt_init
                0x0000000008005304       0xb0 /home/matthias/STM32Cube/Repository/Packs/STMicroelectronics/X-CUBE-AI/8.1.0/Middlewares/ST/AI/Lib/GCC/ARMCortexM4/NetworkRuntime810_CM4_GCC.a(st_padding_opt.o)
                0x0000000008005304                ai_padding_opt_init
 .text.ai_padding_opt_phase1
                0x00000000080053b4       0x34 /home/matthias/STM32Cube/Repository/Packs/STMicroelectronics/X-CUBE-AI/8.1.0/Middlewares/ST/AI/Lib/GCC/ARMCortexM4/NetworkRuntime810_CM4_GCC.a(st_padding_opt.o)
                0x00000000080053b4                ai_padding_opt_phase1
 .text.st_sssa8_ch_nn_mat_mult_kernel_opt
                0x00000000080053e8      0x7f8 /home/matthias/STM32Cube/Repository/Packs/STMicroelectronics/X-CUBE-AI/8.1.0/Middlewares/ST/AI/Lib/GCC/ARMCortexM4/NetworkRuntime810_CM4_GCC.a(st_sssa8_ch_nn_mat_mult_kernel_opt.o)
                0x00000000080053e8                st_sssa8_ch_nn_mat_mult_kernel_opt
 .text.st_sssa8_ch_nn_mat_mult_kernel_single_opt
                0x0000000008005be0      0x474 /home/matthias/STM32Cube/Repository/Packs/STMicroelectronics/X-CUBE-AI/8.1.0/Middlewares/ST/AI/Lib/GCC/ARMCortexM4/NetworkRuntime810_CM4_GCC.a(st_sssa8_ch_nn_mat_mult_kernel_opt.o)
                0x0000000008005be0                st_sssa8_ch_nn_mat_mult_kernel_single_opt
 .text.weights_2channels_prefetch
                0x0000000008006054      0x1d4 /home/matthias/STM32Cube/Repository/Packs/STMicroelectronics/X-CUBE-AI/8.1.0/Middlewares/ST/AI/Lib/GCC/ARMCortexM4/NetworkRuntime810_CM4_GCC.a(st_sssa8_ch_nn_mat_mult_nt_t.o)
                0x0000000008006054                weights_2channels_prefetch
 .text.st_sssa8_ch_fullW_prefetch
                0x0000000008006228       0x80 /home/matthias/STM32Cube/Repository/Packs/STMicroelectronics/X-CUBE-AI/8.1.0/Middlewares/ST/AI/Lib/GCC/ARMCortexM4/NetworkRuntime810_CM4_GCC.a(st_sssa8_ch_nn_mat_mult_nt_t.o)
                0x0000000008006228                st_sssa8_ch_fullW_prefetch
 .text.st_sssa8_ch_nn_mat_mult_nt_t
                0x00000000080062a8      0xd68 /home/matthias/STM32Cube/Repository/Packs/STMicroelectronics/X-CUBE-AI/8.1.0/Middlewares/ST/AI/Lib/GCC/ARMCortexM4/NetworkRuntime810_CM4_GCC.a(st_sssa8_ch_nn_mat_mult_nt_t.o)
                0x00000000080062a8                st_sssa8_ch_nn_mat_mult_nt_t
 .text.st_int8_avepool
                0x0000000008007010      0x3fc /home/matthias/STM32Cube/Repository/Packs/STMicroelectronics/X-CUBE-AI/8.1.0/Middlewares/ST/AI/Lib/GCC/ARMCortexM4/NetworkRuntime810_CM4_GCC.a(st_int8_pool.o)
                0x0000000008007010                st_int8_avepool
 .text.ai_array_to_buffer_fmt
                0x000000000800740c       0xd8 /home/matthias/STM32Cube/Repository/Packs/STMicroelectronics/X-CUBE-AI/8.1.0/Middlewares/ST/AI/Lib/GCC/ARMCortexM4/NetworkRuntime810_CM4_GCC.a(ai_datatypes_format.o)
                0x000000000800740c                ai_array_to_buffer_fmt
 .text.ai_array_get_byte_size
                0x00000000080074e4       0x50 /home/matthias/STM32Cube/Repository/Packs/STMicroelectronics/X-CUBE-AI/8.1.0/Middlewares/ST/AI/Lib/GCC/ARMCortexM4/NetworkRuntime810_CM4_GCC.a(ai_datatypes_format.o)
                0x00000000080074e4                ai_array_get_byte_size
 .text.ai_array_get_data_byte_size
                0x0000000008007534       0x24 /home/matthias/STM32Cube/Repository/Packs/STMicroelectronics/X-CUBE-AI/8.1.0/Middlewares/ST/AI/Lib/GCC/ARMCortexM4/NetworkRuntime810_CM4_GCC.a(ai_datatypes_format.o)
                0x0000000008007534                ai_array_get_data_byte_size
 .text.ai_version_get
                0x0000000008007558        0xc /home/matthias/STM32Cube/Repository/Packs/STMicroelectronics/X-CUBE-AI/8.1.0/Middlewares/ST/AI/Lib/GCC/ARMCortexM4/NetworkRuntime810_CM4_GCC.a(ai_datatypes_internal.o)
                0x0000000008007558                ai_version_get
 .text.get_tensor_byte_size
                0x0000000008007564       0x30 /home/matthias/STM32Cube/Repository/Packs/STMicroelectronics/X-CUBE-AI/8.1.0/Middlewares/ST/AI/Lib/GCC/ARMCortexM4/NetworkRuntime810_CM4_GCC.a(ai_datatypes_internal.o)
                0x0000000008007564                get_tensor_byte_size
 *(.glue_7)
 .glue_7        0x0000000008007594        0x0 linker stubs
 *(.glue_7t)
 .glue_7t       0x0000000008007594        0x0 linker stubs
 *(.eh_frame)
 .eh_frame      0x0000000008007594        0x0 /usr/lib/gcc/arm-none-eabi/9.2.1/thumb/v7e-m+fp/hard/crtbegin.o
 *(.init)
 .init          0x0000000008007594        0x4 /usr/lib/gcc/arm-none-eabi/9.2.1/thumb/v7e-m+fp/hard/crti.o
                0x0000000008007594                _init
 .init          0x0000000008007598        0x8 /usr/lib/gcc/arm-none-eabi/9.2.1/thumb/v7e-m+fp/hard/crtn.o
 *(.fini)
 .fini          0x00000000080075a0        0x4 /usr/lib/gcc/arm-none-eabi/9.2.1/thumb/v7e-m+fp/hard/crti.o
                0x00000000080075a0                _fini
 .fini          0x00000000080075a4        0x8 /usr/lib/gcc/arm-none-eabi/9.2.1/thumb/v7e-m+fp/hard/crtn.o
                0x00000000080075ac                . = ALIGN (0x4)
                0x00000000080075ac                _etext = .

.vfp11_veneer   0x00000000080075ac        0x0
 .vfp11_veneer  0x00000000080075ac        0x0 linker stubs

.v4_bx          0x00000000080075ac        0x0
 .v4_bx         0x00000000080075ac        0x0 linker stubs

.iplt           0x00000000080075ac        0x0
 .iplt          0x00000000080075ac        0x0 /usr/lib/gcc/arm-none-eabi/9.2.1/thumb/v7e-m+fp/hard/crtbegin.o

.rodata         0x00000000080075c0     0xbc98
                0x00000000080075c0                . = ALIGN (0x4)
 *(.rodata)
 .rodata        0x00000000080075c0       0x10 network_data.o
 *(.rodata*)
 .rodata.__compound_literal.0
                0x00000000080075d0        0x4 network.o
 .rodata.__compound_literal.1
                0x00000000080075d4        0x1 network.o
 *fill*         0x00000000080075d5        0x3 
 .rodata.__compound_literal.10
                0x00000000080075d8        0x1 network.o
 *fill*         0x00000000080075d9        0x3 
 .rodata.__compound_literal.100
                0x00000000080075dc        0x1 network.o
 *fill*         0x00000000080075dd        0x3 
 .rodata.__compound_literal.101
                0x00000000080075e0        0x8 network.o
 .rodata.__compound_literal.102
                0x00000000080075e8        0x4 network.o
 .rodata.__compound_literal.103
                0x00000000080075ec        0x1 network.o
 *fill*         0x00000000080075ed        0x3 
 .rodata.__compound_literal.104
                0x00000000080075f0        0x8 network.o
 .rodata.__compound_literal.105
                0x00000000080075f8        0x4 network.o
 .rodata.__compound_literal.106
                0x00000000080075fc        0x1 network.o
 *fill*         0x00000000080075fd        0x3 
 .rodata.__compound_literal.107
                0x0000000008007600        0x8 network.o
 .rodata.__compound_literal.108
                0x0000000008007608        0x4 network.o
 .rodata.__compound_literal.109
                0x000000000800760c        0x1 network.o
 *fill*         0x000000000800760d        0x3 
 .rodata.__compound_literal.11
                0x0000000008007610        0x8 network.o
 .rodata.__compound_literal.110
                0x0000000008007618        0x8 network.o
 .rodata.__compound_literal.111
                0x0000000008007620        0x4 network.o
 .rodata.__compound_literal.112
                0x0000000008007624        0x1 network.o
 *fill*         0x0000000008007625        0x3 
 .rodata.__compound_literal.113
                0x0000000008007628        0x8 network.o
 .rodata.__compound_literal.114
                0x0000000008007630        0x4 network.o
 .rodata.__compound_literal.115
                0x0000000008007634        0x1 network.o
 *fill*         0x0000000008007635        0x3 
 .rodata.__compound_literal.116
                0x0000000008007638        0x8 network.o
 .rodata.__compound_literal.117
                0x0000000008007640        0x4 network.o
 .rodata.__compound_literal.118
                0x0000000008007644        0x1 network.o
 *fill*         0x0000000008007645        0x3 
 .rodata.__compound_literal.119
                0x0000000008007648        0x8 network.o
 .rodata.__compound_literal.12
                0x0000000008007650        0x4 network.o
 .rodata.__compound_literal.120
                0x0000000008007654        0x4 network.o
 .rodata.__compound_literal.121
                0x0000000008007658        0x1 network.o
 *fill*         0x0000000008007659        0x3 
 .rodata.__compound_literal.122
                0x000000000800765c        0x8 network.o
 .rodata.__compound_literal.123
                0x0000000008007664        0x4 network.o
 .rodata.__compound_literal.124
                0x0000000008007668        0x1 network.o
 *fill*         0x0000000008007669        0x3 
 .rodata.__compound_literal.125
                0x000000000800766c        0x8 network.o
 .rodata.__compound_literal.126
                0x0000000008007674        0x4 network.o
 .rodata.__compound_literal.127
                0x0000000008007678        0x1 network.o
 *fill*         0x0000000008007679        0x3 
 .rodata.__compound_literal.128
                0x000000000800767c        0x8 network.o
 .rodata.__compound_literal.129
                0x0000000008007684       0x20 network.o
 .rodata.__compound_literal.13
                0x00000000080076a4        0x1 network.o
 *fill*         0x00000000080076a5        0x3 
 .rodata.__compound_literal.130
                0x00000000080076a8        0x8 network.o
 .rodata.__compound_literal.131
                0x00000000080076b0        0x8 network.o
 .rodata.__compound_literal.132
                0x00000000080076b8       0x20 network.o
 .rodata.__compound_literal.133
                0x00000000080076d8        0x8 network.o
 .rodata.__compound_literal.134
                0x00000000080076e0        0x8 network.o
 .rodata.__compound_literal.135
                0x00000000080076e8       0x40 network.o
 .rodata.__compound_literal.136
                0x0000000008007728       0x10 network.o
 .rodata.__compound_literal.137
                0x0000000008007738        0x8 network.o
 .rodata.__compound_literal.138
                0x0000000008007740       0x40 network.o
 .rodata.__compound_literal.139
                0x0000000008007780       0x10 network.o
 .rodata.__compound_literal.14
                0x0000000008007790        0x8 network.o
 .rodata.__compound_literal.140
                0x0000000008007798        0x8 network.o
 .rodata.__compound_literal.141
                0x00000000080077a0       0x80 network.o
 .rodata.__compound_literal.142
                0x0000000008007820       0x20 network.o
 .rodata.__compound_literal.143
                0x0000000008007840        0x8 network.o
 .rodata.__compound_literal.144
                0x0000000008007848       0x80 network.o
 .rodata.__compound_literal.145
                0x00000000080078c8       0x20 network.o
 .rodata.__compound_literal.146
                0x00000000080078e8        0x8 network.o
 .rodata.__compound_literal.147
                0x00000000080078f0       0x80 network.o
 .rodata.__compound_literal.148
                0x0000000008007970       0x20 network.o
 .rodata.__compound_literal.149
                0x0000000008007990        0x8 network.o
 .rodata.__compound_literal.15
                0x0000000008007998        0x4 network.o
 .rodata.__compound_literal.150
                0x000000000800799c       0x80 network.o
 .rodata.__compound_literal.151
                0x0000000008007a1c       0x20 network.o
 .rodata.__compound_literal.152
                0x0000000008007a3c        0x8 network.o
 .rodata.__compound_literal.153
                0x0000000008007a44      0x100 network.o
 .rodata.__compound_literal.154
                0x0000000008007b44       0x40 network.o
 .rodata.__compound_literal.155
                0x0000000008007b84        0x8 network.o
 .rodata.__compound_literal.156
                0x0000000008007b8c      0x100 network.o
 .rodata.__compound_literal.157
                0x0000000008007c8c       0x40 network.o
 .rodata.__compound_literal.158
                0x0000000008007ccc        0x8 network.o
 .rodata.__compound_literal.159
                0x0000000008007cd4       0xec network.o
 .rodata.__compound_literal.16
                0x0000000008007dc0        0x1 network.o
 *fill*         0x0000000008007dc1        0x3 
 .rodata.__compound_literal.160
                0x0000000008007dc4       0x3b network.o
 *fill*         0x0000000008007dff        0x1 
 .rodata.__compound_literal.161
                0x0000000008007e00        0x8 network.o
 .rodata.__compound_literal.162
                0x0000000008007e08       0xec network.o
 .rodata.__compound_literal.163
                0x0000000008007ef4       0x3b network.o
 *fill*         0x0000000008007f2f        0x1 
 .rodata.__compound_literal.164
                0x0000000008007f30        0x8 network.o
 .rodata.__compound_literal.165
                0x0000000008007f38      0x1a8 network.o
 .rodata.__compound_literal.166
                0x00000000080080e0       0x6a network.o
 *fill*         0x000000000800814a        0x2 
 .rodata.__compound_literal.167
                0x000000000800814c        0x8 network.o
 .rodata.__compound_literal.168
                0x0000000008008154      0x1a8 network.o
 .rodata.__compound_literal.169
                0x00000000080082fc       0x6a network.o
 *fill*         0x0000000008008366        0x2 
 .rodata.__compound_literal.17
                0x0000000008008368        0x8 network.o
 .rodata.__compound_literal.170
                0x0000000008008370        0x8 network.o
 .rodata.__compound_literal.171
                0x0000000008008378       0xf8 network.o
 .rodata.__compound_literal.172
                0x0000000008008470       0x3e network.o
 *fill*         0x00000000080084ae        0x2 
 .rodata.__compound_literal.173
                0x00000000080084b0        0x8 network.o
 .rodata.__compound_literal.174
                0x00000000080084b8       0xf8 network.o
 .rodata.__compound_literal.175
                0x00000000080085b0       0x3e network.o
 *fill*         0x00000000080085ee        0x2 
 .rodata.__compound_literal.176
                0x00000000080085f0        0x8 network.o
 .rodata.__compound_literal.177
                0x00000000080085f8       0x90 network.o
 .rodata.__compound_literal.178
                0x0000000008008688       0x24 network.o
 .rodata.__compound_literal.179
                0x00000000080086ac        0x8 network.o
 .rodata.__compound_literal.18
                0x00000000080086b4        0x4 network.o
 .rodata.__compound_literal.180
                0x00000000080086b8       0x90 network.o
 .rodata.__compound_literal.181
                0x0000000008008748       0x24 network.o
 .rodata.__compound_literal.182
                0x000000000800876c        0x8 network.o
 .rodata.__compound_literal.183
                0x0000000008008774       0x68 network.o
 .rodata.__compound_literal.184
                0x00000000080087dc       0x1a network.o
 *fill*         0x00000000080087f6        0x2 
 .rodata.__compound_literal.185
                0x00000000080087f8        0x8 network.o
 .rodata.__compound_literal.186
                0x0000000008008800       0x68 network.o
 .rodata.__compound_literal.187
                0x0000000008008868       0x1a network.o
 *fill*         0x0000000008008882        0x2 
 .rodata.__compound_literal.188
                0x0000000008008884        0x8 network.o
 .rodata.__compound_literal.189
                0x000000000800888c       0x3c network.o
 .rodata.__compound_literal.19
                0x00000000080088c8        0x1 network.o
 *fill*         0x00000000080088c9        0x3 
 .rodata.__compound_literal.190
                0x00000000080088cc        0xf network.o
 *fill*         0x00000000080088db        0x1 
 .rodata.__compound_literal.191
                0x00000000080088dc        0x8 network.o
 .rodata.__compound_literal.192
                0x00000000080088e4       0x3c network.o
 .rodata.__compound_literal.193
                0x0000000008008920        0xf network.o
 *fill*         0x000000000800892f        0x1 
 .rodata.__compound_literal.194
                0x0000000008008930        0x8 network.o
 .rodata.__compound_literal.195
                0x0000000008008938       0x64 network.o
 .rodata.__compound_literal.196
                0x000000000800899c       0x19 network.o
 *fill*         0x00000000080089b5        0x3 
 .rodata.__compound_literal.197
                0x00000000080089b8        0x8 network.o
 .rodata.__compound_literal.198
                0x00000000080089c0       0x64 network.o
 .rodata.__compound_literal.199
                0x0000000008008a24       0x19 network.o
 *fill*         0x0000000008008a3d        0x3 
 .rodata.__compound_literal.2
                0x0000000008008a40        0x8 network.o
 .rodata.__compound_literal.20
                0x0000000008008a48        0x8 network.o
 .rodata.__compound_literal.200
                0x0000000008008a50        0x8 network.o
 .rodata.__compound_literal.201
                0x0000000008008a58       0x4c network.o
 .rodata.__compound_literal.202
                0x0000000008008aa4       0x13 network.o
 *fill*         0x0000000008008ab7        0x1 
 .rodata.__compound_literal.203
                0x0000000008008ab8        0x8 network.o
 .rodata.__compound_literal.204
                0x0000000008008ac0       0x4c network.o
 .rodata.__compound_literal.205
                0x0000000008008b0c       0x13 network.o
 *fill*         0x0000000008008b1f        0x1 
 .rodata.__compound_literal.206
                0x0000000008008b20        0x8 network.o
 .rodata.__compound_literal.207
                0x0000000008008b28      0x400 network.o
 .rodata.__compound_literal.208
                0x0000000008008f28      0x100 network.o
 .rodata.__compound_literal.209
                0x0000000008009028        0x8 network.o
 .rodata.__compound_literal.21
                0x0000000008009030        0x4 network.o
 .rodata.__compound_literal.210
                0x0000000008009034        0x4 network.o
 .rodata.__compound_literal.211
                0x0000000008009038        0x1 network.o
 *fill*         0x0000000008009039        0x3 
 .rodata.__compound_literal.212
                0x000000000800903c        0x8 network.o
 .rodata.__compound_literal.22
                0x0000000008009044        0x1 network.o
 *fill*         0x0000000008009045        0x3 
 .rodata.__compound_literal.23
                0x0000000008009048        0x8 network.o
 .rodata.__compound_literal.24
                0x0000000008009050        0x4 network.o
 .rodata.__compound_literal.25
                0x0000000008009054        0x1 network.o
 *fill*         0x0000000008009055        0x3 
 .rodata.__compound_literal.26
                0x0000000008009058        0x8 network.o
 .rodata.__compound_literal.27
                0x0000000008009060        0x4 network.o
 .rodata.__compound_literal.28
                0x0000000008009064        0x1 network.o
 *fill*         0x0000000008009065        0x3 
 .rodata.__compound_literal.29
                0x0000000008009068        0x8 network.o
 .rodata.__compound_literal.3
                0x0000000008009070        0x4 network.o
 .rodata.__compound_literal.30
                0x0000000008009074        0x4 network.o
 .rodata.__compound_literal.31
                0x0000000008009078        0x1 network.o
 *fill*         0x0000000008009079        0x3 
 .rodata.__compound_literal.32
                0x000000000800907c        0x8 network.o
 .rodata.__compound_literal.33
                0x0000000008009084        0x4 network.o
 .rodata.__compound_literal.34
                0x0000000008009088        0x1 network.o
 *fill*         0x0000000008009089        0x3 
 .rodata.__compound_literal.35
                0x000000000800908c        0x8 network.o
 .rodata.__compound_literal.36
                0x0000000008009094        0x4 network.o
 .rodata.__compound_literal.37
                0x0000000008009098        0x1 network.o
 *fill*         0x0000000008009099        0x3 
 .rodata.__compound_literal.38
                0x000000000800909c        0x8 network.o
 .rodata.__compound_literal.39
                0x00000000080090a4        0x4 network.o
 .rodata.__compound_literal.4
                0x00000000080090a8        0x1 network.o
 *fill*         0x00000000080090a9        0x3 
 .rodata.__compound_literal.40
                0x00000000080090ac        0x1 network.o
 *fill*         0x00000000080090ad        0x3 
 .rodata.__compound_literal.41
                0x00000000080090b0        0x8 network.o
 .rodata.__compound_literal.42
                0x00000000080090b8        0x4 network.o
 .rodata.__compound_literal.43
                0x00000000080090bc        0x1 network.o
 *fill*         0x00000000080090bd        0x3 
 .rodata.__compound_literal.44
                0x00000000080090c0        0x8 network.o
 .rodata.__compound_literal.45
                0x00000000080090c8        0x4 network.o
 .rodata.__compound_literal.46
                0x00000000080090cc        0x1 network.o
 *fill*         0x00000000080090cd        0x3 
 .rodata.__compound_literal.47
                0x00000000080090d0        0x8 network.o
 .rodata.__compound_literal.48
                0x00000000080090d8        0x4 network.o
 .rodata.__compound_literal.49
                0x00000000080090dc        0x1 network.o
 *fill*         0x00000000080090dd        0x3 
 .rodata.__compound_literal.5
                0x00000000080090e0        0x8 network.o
 .rodata.__compound_literal.50
                0x00000000080090e8        0x8 network.o
 .rodata.__compound_literal.51
                0x00000000080090f0        0x4 network.o
 .rodata.__compound_literal.52
                0x00000000080090f4        0x1 network.o
 *fill*         0x00000000080090f5        0x3 
 .rodata.__compound_literal.53
                0x00000000080090f8        0x8 network.o
 .rodata.__compound_literal.54
                0x0000000008009100        0x4 network.o
 .rodata.__compound_literal.55
                0x0000000008009104        0x1 network.o
 *fill*         0x0000000008009105        0x3 
 .rodata.__compound_literal.56
                0x0000000008009108        0x8 network.o
 .rodata.__compound_literal.57
                0x0000000008009110        0x4 network.o
 .rodata.__compound_literal.58
                0x0000000008009114        0x1 network.o
 *fill*         0x0000000008009115        0x3 
 .rodata.__compound_literal.59
                0x0000000008009118        0x8 network.o
 .rodata.__compound_literal.6
                0x0000000008009120        0x4 network.o
 .rodata.__compound_literal.60
                0x0000000008009124        0x4 network.o
 .rodata.__compound_literal.61
                0x0000000008009128        0x1 network.o
 *fill*         0x0000000008009129        0x3 
 .rodata.__compound_literal.62
                0x000000000800912c        0x8 network.o
 .rodata.__compound_literal.63
                0x0000000008009134        0x4 network.o
 .rodata.__compound_literal.64
                0x0000000008009138        0x1 network.o
 *fill*         0x0000000008009139        0x3 
 .rodata.__compound_literal.65
                0x000000000800913c        0x8 network.o
 .rodata.__compound_literal.66
                0x0000000008009144        0x4 network.o
 .rodata.__compound_literal.67
                0x0000000008009148        0x1 network.o
 *fill*         0x0000000008009149        0x3 
 .rodata.__compound_literal.68
                0x000000000800914c        0x8 network.o
 .rodata.__compound_literal.69
                0x0000000008009154        0x4 network.o
 .rodata.__compound_literal.7
                0x0000000008009158        0x1 network.o
 *fill*         0x0000000008009159        0x3 
 .rodata.__compound_literal.70
                0x000000000800915c        0x1 network.o
 *fill*         0x000000000800915d        0x3 
 .rodata.__compound_literal.71
                0x0000000008009160        0x8 network.o
 .rodata.__compound_literal.72
                0x0000000008009168        0x4 network.o
 .rodata.__compound_literal.73
                0x000000000800916c        0x1 network.o
 *fill*         0x000000000800916d        0x3 
 .rodata.__compound_literal.74
                0x0000000008009170        0x8 network.o
 .rodata.__compound_literal.75
                0x0000000008009178        0x4 network.o
 .rodata.__compound_literal.76
                0x000000000800917c        0x1 network.o
 *fill*         0x000000000800917d        0x3 
 .rodata.__compound_literal.77
                0x0000000008009180        0x8 network.o
 .rodata.__compound_literal.78
                0x0000000008009188        0x4 network.o
 .rodata.__compound_literal.79
                0x000000000800918c        0x1 network.o
 *fill*         0x000000000800918d        0x3 
 .rodata.__compound_literal.8
                0x0000000008009190        0x8 network.o
 .rodata.__compound_literal.80
                0x0000000008009198        0x8 network.o
 .rodata.__compound_literal.81
                0x00000000080091a0        0x4 network.o
 .rodata.__compound_literal.82
                0x00000000080091a4        0x1 network.o
 *fill*         0x00000000080091a5        0x3 
 .rodata.__compound_literal.83
                0x00000000080091a8        0x8 network.o
 .rodata.__compound_literal.84
                0x00000000080091b0        0x4 network.o
 .rodata.__compound_literal.85
                0x00000000080091b4        0x1 network.o
 *fill*         0x00000000080091b5        0x3 
 .rodata.__compound_literal.86
                0x00000000080091b8        0x8 network.o
 .rodata.__compound_literal.87
                0x00000000080091c0        0x4 network.o
 .rodata.__compound_literal.88
                0x00000000080091c4        0x1 network.o
 *fill*         0x00000000080091c5        0x3 
 .rodata.__compound_literal.89
                0x00000000080091c8        0x8 network.o
 .rodata.__compound_literal.9
                0x00000000080091d0        0x4 network.o
 .rodata.__compound_literal.90
                0x00000000080091d4        0x4 network.o
 .rodata.__compound_literal.91
                0x00000000080091d8        0x1 network.o
 *fill*         0x00000000080091d9        0x3 
 .rodata.__compound_literal.92
                0x00000000080091dc        0x8 network.o
 .rodata.__compound_literal.93
                0x00000000080091e4        0x4 network.o
 .rodata.__compound_literal.94
                0x00000000080091e8        0x1 network.o
 *fill*         0x00000000080091e9        0x3 
 .rodata.__compound_literal.95
                0x00000000080091ec        0x8 network.o
 .rodata.__compound_literal.96
                0x00000000080091f4        0x4 network.o
 .rodata.__compound_literal.97
                0x00000000080091f8        0x1 network.o
 *fill*         0x00000000080091f9        0x3 
 .rodata.__compound_literal.98
                0x00000000080091fc        0x8 network.o
 .rodata.__compound_literal.99
                0x0000000008009204        0x4 network.o
 .rodata.conv2d_0_chain
                0x0000000008009208        0x8 network.o
 .rodata.conv2d_0_output_array_intq
                0x0000000008009210        0x8 network.o
 .rodata.conv2d_0_weights_array_intq
                0x0000000008009218        0x8 network.o
 .rodata.conv2d_10_chain
                0x0000000008009220        0x8 network.o
 .rodata.conv2d_10_output_array_intq
                0x0000000008009228        0x8 network.o
 .rodata.conv2d_10_weights_array_intq
                0x0000000008009230        0x8 network.o
 .rodata.conv2d_11_chain
                0x0000000008009238        0x8 network.o
 .rodata.conv2d_11_output_array_intq
                0x0000000008009240        0x8 network.o
 .rodata.conv2d_11_pad_before_chain
                0x0000000008009248        0x8 network.o
 .rodata.conv2d_11_pad_before_output_array_intq
                0x0000000008009250        0x8 network.o
 .rodata.conv2d_11_pad_before_value
                0x0000000008009258       0x10 network.o
 .rodata.conv2d_11_pad_before_value_data
                0x0000000008009268        0x1 network.o
 *fill*         0x0000000008009269        0x3 
 .rodata.conv2d_11_weights_array_intq
                0x000000000800926c        0x8 network.o
 .rodata.conv2d_12_chain
                0x0000000008009274        0x8 network.o
 .rodata.conv2d_12_output_array_intq
                0x000000000800927c        0x8 network.o
 .rodata.conv2d_12_weights_array_intq
                0x0000000008009284        0x8 network.o
 .rodata.conv2d_13_chain
                0x000000000800928c        0x8 network.o
 .rodata.conv2d_13_output_array_intq
                0x0000000008009294        0x8 network.o
 .rodata.conv2d_13_pad_before_chain
                0x000000000800929c        0x8 network.o
 .rodata.conv2d_13_pad_before_output_array_intq
                0x00000000080092a4        0x8 network.o
 .rodata.conv2d_13_pad_before_value
                0x00000000080092ac       0x10 network.o
 .rodata.conv2d_13_pad_before_value_data
                0x00000000080092bc        0x1 network.o
 *fill*         0x00000000080092bd        0x3 
 .rodata.conv2d_13_weights_array_intq
                0x00000000080092c0        0x8 network.o
 .rodata.conv2d_14_chain
                0x00000000080092c8        0x8 network.o
 .rodata.conv2d_14_output_array_intq
                0x00000000080092d0        0x8 network.o
 .rodata.conv2d_14_weights_array_intq
                0x00000000080092d8        0x8 network.o
 .rodata.conv2d_15_chain
                0x00000000080092e0        0x8 network.o
 .rodata.conv2d_15_output_array_intq
                0x00000000080092e8        0x8 network.o
 .rodata.conv2d_15_pad_before_chain
                0x00000000080092f0        0x8 network.o
 .rodata.conv2d_15_pad_before_output_array_intq
                0x00000000080092f8        0x8 network.o
 .rodata.conv2d_15_pad_before_value
                0x0000000008009300       0x10 network.o
 .rodata.conv2d_15_pad_before_value_data
                0x0000000008009310        0x1 network.o
 *fill*         0x0000000008009311        0x3 
 .rodata.conv2d_15_weights_array_intq
                0x0000000008009314        0x8 network.o
 .rodata.conv2d_16_chain
                0x000000000800931c        0x8 network.o
 .rodata.conv2d_16_output_array_intq
                0x0000000008009324        0x8 network.o
 .rodata.conv2d_16_weights_array_intq
                0x000000000800932c        0x8 network.o
 .rodata.conv2d_17_chain
                0x0000000008009334        0x8 network.o
 .rodata.conv2d_17_output_array_intq
                0x000000000800933c        0x8 network.o
 .rodata.conv2d_17_pad_before_chain
                0x0000000008009344        0x8 network.o
 .rodata.conv2d_17_pad_before_output_array_intq
                0x000000000800934c        0x8 network.o
 .rodata.conv2d_17_pad_before_value
                0x0000000008009354       0x10 network.o
 .rodata.conv2d_17_pad_before_value_data
                0x0000000008009364        0x1 network.o
 *fill*         0x0000000008009365        0x3 
 .rodata.conv2d_17_weights_array_intq
                0x0000000008009368        0x8 network.o
 .rodata.conv2d_18_chain
                0x0000000008009370        0x8 network.o
 .rodata.conv2d_18_output_array_intq
                0x0000000008009378        0x8 network.o
 .rodata.conv2d_18_weights_array_intq
                0x0000000008009380        0x8 network.o
 .rodata.conv2d_19_chain
                0x0000000008009388        0x8 network.o
 .rodata.conv2d_19_output_array_intq
                0x0000000008009390        0x8 network.o
 .rodata.conv2d_19_pad_before_chain
                0x0000000008009398        0x8 network.o
 .rodata.conv2d_19_pad_before_output_array_intq
                0x00000000080093a0        0x8 network.o
 .rodata.conv2d_19_pad_before_value
                0x00000000080093a8       0x10 network.o
 .rodata.conv2d_19_pad_before_value_data
                0x00000000080093b8        0x1 network.o
 *fill*         0x00000000080093b9        0x3 
 .rodata.conv2d_19_weights_array_intq
                0x00000000080093bc        0x8 network.o
 .rodata.conv2d_1_chain
                0x00000000080093c4        0x8 network.o
 .rodata.conv2d_1_output_array_intq
                0x00000000080093cc        0x8 network.o
 .rodata.conv2d_1_pad_before_chain
                0x00000000080093d4        0x8 network.o
 .rodata.conv2d_1_pad_before_output_array_intq
                0x00000000080093dc        0x8 network.o
 .rodata.conv2d_1_pad_before_value
                0x00000000080093e4       0x10 network.o
 .rodata.conv2d_1_pad_before_value_data
                0x00000000080093f4        0x1 network.o
 *fill*         0x00000000080093f5        0x3 
 .rodata.conv2d_1_weights_array_intq
                0x00000000080093f8        0x8 network.o
 .rodata.conv2d_20_chain
                0x0000000008009400        0x8 network.o
 .rodata.conv2d_20_output_array_intq
                0x0000000008009408        0x8 network.o
 .rodata.conv2d_20_weights_array_intq
                0x0000000008009410        0x8 network.o
 .rodata.conv2d_21_chain
                0x0000000008009418        0x8 network.o
 .rodata.conv2d_21_output_array_intq
                0x0000000008009420        0x8 network.o
 .rodata.conv2d_21_pad_before_chain
                0x0000000008009428        0x8 network.o
 .rodata.conv2d_21_pad_before_output_array_intq
                0x0000000008009430        0x8 network.o
 .rodata.conv2d_21_pad_before_value
                0x0000000008009438       0x10 network.o
 .rodata.conv2d_21_pad_before_value_data
                0x0000000008009448        0x1 network.o
 *fill*         0x0000000008009449        0x3 
 .rodata.conv2d_21_weights_array_intq
                0x000000000800944c        0x8 network.o
 .rodata.conv2d_22_chain
                0x0000000008009454        0x8 network.o
 .rodata.conv2d_22_output_array_intq
                0x000000000800945c        0x8 network.o
 .rodata.conv2d_22_weights_array_intq
                0x0000000008009464        0x8 network.o
 .rodata.conv2d_23_chain
                0x000000000800946c        0x8 network.o
 .rodata.conv2d_23_output_array_intq
                0x0000000008009474        0x8 network.o
 .rodata.conv2d_23_pad_before_chain
                0x000000000800947c        0x8 network.o
 .rodata.conv2d_23_pad_before_output_array_intq
                0x0000000008009484        0x8 network.o
 .rodata.conv2d_23_pad_before_value
                0x000000000800948c       0x10 network.o
 .rodata.conv2d_23_pad_before_value_data
                0x000000000800949c        0x1 network.o
 *fill*         0x000000000800949d        0x3 
 .rodata.conv2d_23_weights_array_intq
                0x00000000080094a0        0x8 network.o
 .rodata.conv2d_24_chain
                0x00000000080094a8        0x8 network.o
 .rodata.conv2d_24_output_array_intq
                0x00000000080094b0        0x8 network.o
 .rodata.conv2d_24_weights_array_intq
                0x00000000080094b8        0x8 network.o
 .rodata.conv2d_25_chain
                0x00000000080094c0        0x8 network.o
 .rodata.conv2d_25_output_array_intq
                0x00000000080094c8        0x8 network.o
 .rodata.conv2d_25_pad_before_chain
                0x00000000080094d0        0x8 network.o
 .rodata.conv2d_25_pad_before_output_array_intq
                0x00000000080094d8        0x8 network.o
 .rodata.conv2d_25_pad_before_value
                0x00000000080094e0       0x10 network.o
 .rodata.conv2d_25_pad_before_value_data
                0x00000000080094f0        0x1 network.o
 *fill*         0x00000000080094f1        0x3 
 .rodata.conv2d_25_weights_array_intq
                0x00000000080094f4        0x8 network.o
 .rodata.conv2d_26_chain
                0x00000000080094fc        0x8 network.o
 .rodata.conv2d_26_output_array_intq
                0x0000000008009504        0x8 network.o
 .rodata.conv2d_26_weights_array_intq
                0x000000000800950c        0x8 network.o
 .rodata.conv2d_2_chain
                0x0000000008009514        0x8 network.o
 .rodata.conv2d_2_output_array_intq
                0x000000000800951c        0x8 network.o
 .rodata.conv2d_2_weights_array_intq
                0x0000000008009524        0x8 network.o
 .rodata.conv2d_3_chain
                0x000000000800952c        0x8 network.o
 .rodata.conv2d_3_output_array_intq
                0x0000000008009534        0x8 network.o
 .rodata.conv2d_3_pad_before_chain
                0x000000000800953c        0x8 network.o
 .rodata.conv2d_3_pad_before_output_array_intq
                0x0000000008009544        0x8 network.o
 .rodata.conv2d_3_pad_before_value
                0x000000000800954c       0x10 network.o
 .rodata.conv2d_3_pad_before_value_data
                0x000000000800955c        0x1 network.o
 *fill*         0x000000000800955d        0x3 
 .rodata.conv2d_3_weights_array_intq
                0x0000000008009560        0x8 network.o
 .rodata.conv2d_4_chain
                0x0000000008009568        0x8 network.o
 .rodata.conv2d_4_output_array_intq
                0x0000000008009570        0x8 network.o
 .rodata.conv2d_4_weights_array_intq
                0x0000000008009578        0x8 network.o
 .rodata.conv2d_5_chain
                0x0000000008009580        0x8 network.o
 .rodata.conv2d_5_output_array_intq
                0x0000000008009588        0x8 network.o
 .rodata.conv2d_5_pad_before_chain
                0x0000000008009590        0x8 network.o
 .rodata.conv2d_5_pad_before_output_array_intq
                0x0000000008009598        0x8 network.o
 .rodata.conv2d_5_pad_before_value
                0x00000000080095a0       0x10 network.o
 .rodata.conv2d_5_pad_before_value_data
                0x00000000080095b0        0x1 network.o
 *fill*         0x00000000080095b1        0x3 
 .rodata.conv2d_5_weights_array_intq
                0x00000000080095b4        0x8 network.o
 .rodata.conv2d_6_chain
                0x00000000080095bc        0x8 network.o
 .rodata.conv2d_6_output_array_intq
                0x00000000080095c4        0x8 network.o
 .rodata.conv2d_6_weights_array_intq
                0x00000000080095cc        0x8 network.o
 .rodata.conv2d_7_chain
                0x00000000080095d4        0x8 network.o
 .rodata.conv2d_7_output_array_intq
                0x00000000080095dc        0x8 network.o
 .rodata.conv2d_7_pad_before_chain
                0x00000000080095e4        0x8 network.o
 .rodata.conv2d_7_pad_before_output_array_intq
                0x00000000080095ec        0x8 network.o
 .rodata.conv2d_7_pad_before_value
                0x00000000080095f4       0x10 network.o
 .rodata.conv2d_7_pad_before_value_data
                0x0000000008009604        0x1 network.o
 *fill*         0x0000000008009605        0x3 
 .rodata.conv2d_7_weights_array_intq
                0x0000000008009608        0x8 network.o
 .rodata.conv2d_8_chain
                0x0000000008009610        0x8 network.o
 .rodata.conv2d_8_output_array_intq
                0x0000000008009618        0x8 network.o
 .rodata.conv2d_8_weights_array_intq
                0x0000000008009620        0x8 network.o
 .rodata.conv2d_9_chain
                0x0000000008009628        0x8 network.o
 .rodata.conv2d_9_output_array_intq
                0x0000000008009630        0x8 network.o
 .rodata.conv2d_9_pad_before_chain
                0x0000000008009638        0x8 network.o
 .rodata.conv2d_9_pad_before_output_array_intq
                0x0000000008009640        0x8 network.o
 .rodata.conv2d_9_pad_before_value
                0x0000000008009648       0x10 network.o
 .rodata.conv2d_9_pad_before_value_data
                0x0000000008009658        0x1 network.o
 *fill*         0x0000000008009659        0x3 
 .rodata.conv2d_9_weights_array_intq
                0x000000000800965c        0x8 network.o
 .rodata.gemm_29_chain
                0x0000000008009664        0x8 network.o
 .rodata.gemm_29_output_array_intq
                0x000000000800966c        0x8 network.o
 .rodata.gemm_29_weights_array_intq
                0x0000000008009674        0x8 network.o
 .rodata.pool_27_chain
                0x000000000800967c        0x8 network.o
 .rodata.pool_27_output_array_intq
                0x0000000008009684        0x8 network.o
 .rodata.serving_default_input_10_output_array_intq
                0x000000000800968c        0x8 network.o
 *fill*         0x0000000008009694        0xc 
 .rodata.s_network_weights_array_u64
                0x00000000080096a0     0x9bb8 network_data_params.o
                0x00000000080096a0                s_network_weights_array_u64
                0x0000000008013258                . = ALIGN (0x4)

.rel.dyn        0x0000000008013258        0x0
 .rel.iplt      0x0000000008013258        0x0 /usr/lib/gcc/arm-none-eabi/9.2.1/thumb/v7e-m+fp/hard/crtbegin.o

.ARM.extab      0x0000000008013258        0x0
                0x0000000008013258                . = ALIGN (0x4)
 *(.ARM.extab* .gnu.linkonce.armextab.*)
                0x0000000008013258                . = ALIGN (0x4)

.ARM            0x0000000008013258        0x0
                0x0000000008013258                . = ALIGN (0x4)
                0x0000000008013258                __exidx_start = .
 *(.ARM.exidx*)
                0x0000000008013258                __exidx_end = .
                0x0000000008013258                . = ALIGN (0x4)

.preinit_array  0x0000000008013258        0x0
                0x0000000008013258                . = ALIGN (0x4)
                0x0000000008013258                PROVIDE (__preinit_array_start = .)
 *(.preinit_array*)
                0x0000000008013258                PROVIDE (__preinit_array_end = .)
                0x0000000008013258                . = ALIGN (0x4)

.init_array     0x0000000008013258        0x4
                0x0000000008013258                . = ALIGN (0x4)
                0x0000000008013258                PROVIDE (__init_array_start = .)
 *(SORT_BY_NAME(.init_array.*))
 *(.init_array*)
 .init_array    0x0000000008013258        0x4 /usr/lib/gcc/arm-none-eabi/9.2.1/thumb/v7e-m+fp/hard/crtbegin.o
                0x000000000801325c                PROVIDE (__init_array_end = .)
                0x000000000801325c                . = ALIGN (0x4)

.fini_array     0x000000000801325c        0x4
                0x000000000801325c                . = ALIGN (0x4)
                0x000000000801325c                PROVIDE (__fini_array_start = .)
 *(SORT_BY_NAME(.fini_array.*))
 *(.fini_array*)
 .fini_array    0x000000000801325c        0x4 /usr/lib/gcc/arm-none-eabi/9.2.1/thumb/v7e-m+fp/hard/crtbegin.o
                0x0000000008013260                PROVIDE (__fini_array_end = .)
                0x0000000008013260                . = ALIGN (0x4)
                0x0000000008013260                _sidata = LOADADDR (.data)

.data           0x0000000020000000     0x3c70 load address 0x0000000008013260
                0x0000000020000000                . = ALIGN (0x4)
                0x0000000020000000                _sdata = .
 *(.data)
 *(.data*)
 .data.__compound_literal.213
                0x0000000020000000       0x10 network.o
 .data.__compound_literal.214
                0x0000000020000010       0x10 network.o
 .data.__compound_literal.215
                0x0000000020000020       0x10 network.o
 .data.__compound_literal.216
                0x0000000020000030       0x10 network.o
 .data.__compound_literal.217
                0x0000000020000040       0x10 network.o
 .data.__compound_literal.218
                0x0000000020000050       0x10 network.o
 .data.__compound_literal.219
                0x0000000020000060       0x10 network.o
 .data.__compound_literal.220
                0x0000000020000070       0x10 network.o
 .data.__compound_literal.221
                0x0000000020000080       0x10 network.o
 .data.__compound_literal.222
                0x0000000020000090       0x10 network.o
 .data.__compound_literal.223
                0x00000000200000a0       0x10 network.o
 .data.__compound_literal.224
                0x00000000200000b0       0x10 network.o
 .data.__compound_literal.225
                0x00000000200000c0       0x10 network.o
 .data.__compound_literal.226
                0x00000000200000d0       0x10 network.o
 .data.__compound_literal.227
                0x00000000200000e0       0x10 network.o
 .data.__compound_literal.228
                0x00000000200000f0       0x10 network.o
 .data.__compound_literal.229
                0x0000000020000100       0x10 network.o
 .data.__compound_literal.230
                0x0000000020000110       0x10 network.o
 .data.__compound_literal.231
                0x0000000020000120       0x10 network.o
 .data.__compound_literal.232
                0x0000000020000130       0x10 network.o
 .data.__compound_literal.233
                0x0000000020000140       0x10 network.o
 .data.__compound_literal.234
                0x0000000020000150       0x10 network.o
 .data.__compound_literal.235
                0x0000000020000160       0x10 network.o
 .data.__compound_literal.236
                0x0000000020000170       0x10 network.o
 .data.__compound_literal.237
                0x0000000020000180       0x10 network.o
 .data.__compound_literal.238
                0x0000000020000190       0x10 network.o
 .data.__compound_literal.239
                0x00000000200001a0       0x10 network.o
 .data.__compound_literal.240
                0x00000000200001b0       0x10 network.o
 .data.__compound_literal.241
                0x00000000200001c0       0x10 network.o
 .data.__compound_literal.242
                0x00000000200001d0       0x10 network.o
 .data.__compound_literal.243
                0x00000000200001e0       0x10 network.o
 .data.__compound_literal.244
                0x00000000200001f0       0x10 network.o
 .data.__compound_literal.245
                0x0000000020000200       0x10 network.o
 .data.__compound_literal.246
                0x0000000020000210       0x10 network.o
 .data.__compound_literal.247
                0x0000000020000220       0x10 network.o
 .data.__compound_literal.248
                0x0000000020000230       0x10 network.o
 .data.__compound_literal.249
                0x0000000020000240       0x10 network.o
 .data.__compound_literal.250
                0x0000000020000250       0x10 network.o
 .data.__compound_literal.251
                0x0000000020000260       0x10 network.o
 .data.__compound_literal.252
                0x0000000020000270       0x10 network.o
 .data.__compound_literal.253
                0x0000000020000280       0x10 network.o
 .data.__compound_literal.254
                0x0000000020000290       0x10 network.o
 .data.__compound_literal.255
                0x00000000200002a0       0x10 network.o
 .data.__compound_literal.256
                0x00000000200002b0       0x10 network.o
 .data.__compound_literal.257
                0x00000000200002c0       0x10 network.o
 .data.__compound_literal.258
                0x00000000200002d0       0x10 network.o
 .data.__compound_literal.259
                0x00000000200002e0       0x10 network.o
 .data.__compound_literal.260
                0x00000000200002f0       0x10 network.o
 .data.__compound_literal.261
                0x0000000020000300       0x10 network.o
 .data.__compound_literal.262
                0x0000000020000310       0x10 network.o
 .data.__compound_literal.263
                0x0000000020000320       0x10 network.o
 .data.__compound_literal.264
                0x0000000020000330       0x10 network.o
 .data.__compound_literal.265
                0x0000000020000340       0x10 network.o
 .data.__compound_literal.266
                0x0000000020000350       0x10 network.o
 .data.__compound_literal.267
                0x0000000020000360       0x10 network.o
 .data.__compound_literal.268
                0x0000000020000370       0x10 network.o
 .data.__compound_literal.269
                0x0000000020000380       0x10 network.o
 .data.__compound_literal.270
                0x0000000020000390       0x10 network.o
 .data.__compound_literal.271
                0x00000000200003a0       0x10 network.o
 .data.__compound_literal.272
                0x00000000200003b0       0x10 network.o
 .data.__compound_literal.273
                0x00000000200003c0       0x10 network.o
 .data.__compound_literal.274
                0x00000000200003d0       0x10 network.o
 .data.__compound_literal.275
                0x00000000200003e0       0x10 network.o
 .data.__compound_literal.276
                0x00000000200003f0       0x10 network.o
 .data.__compound_literal.277
                0x0000000020000400       0x10 network.o
 .data.__compound_literal.278
                0x0000000020000410       0x10 network.o
 .data.__compound_literal.279
                0x0000000020000420       0x10 network.o
 .data.__compound_literal.280
                0x0000000020000430       0x10 network.o
 .data.__compound_literal.281
                0x0000000020000440       0x10 network.o
 .data.__compound_literal.282
                0x0000000020000450       0x10 network.o
 .data.__compound_literal.283
                0x0000000020000460       0x10 network.o
 .data.__compound_literal.284
                0x0000000020000470       0x10 network.o
 .data.__compound_literal.285
                0x0000000020000480       0x10 network.o
 .data.__compound_literal.286
                0x0000000020000490       0x10 network.o
 .data.__compound_literal.287
                0x00000000200004a0       0x10 network.o
 .data.__compound_literal.288
                0x00000000200004b0       0x10 network.o
 .data.__compound_literal.289
                0x00000000200004c0       0x10 network.o
 .data.__compound_literal.290
                0x00000000200004d0       0x10 network.o
 .data.__compound_literal.291
                0x00000000200004e0       0x10 network.o
 .data.__compound_literal.292
                0x00000000200004f0       0x10 network.o
 .data.__compound_literal.293
                0x0000000020000500       0x10 network.o
 .data.__compound_literal.294
                0x0000000020000510       0x10 network.o
 .data.__compound_literal.295
                0x0000000020000520       0x10 network.o
 .data.__compound_literal.296
                0x0000000020000530       0x10 network.o
 .data.__compound_literal.297
                0x0000000020000540       0x10 network.o
 .data.__compound_literal.298
                0x0000000020000550       0x10 network.o
 .data.__compound_literal.299
                0x0000000020000560       0x10 network.o
 .data.__compound_literal.300
                0x0000000020000570       0x10 network.o
 .data.__compound_literal.301
                0x0000000020000580       0x10 network.o
 .data.__compound_literal.302
                0x0000000020000590       0x10 network.o
 .data.__compound_literal.303
                0x00000000200005a0       0x10 network.o
 .data.__compound_literal.304
                0x00000000200005b0       0x10 network.o
 .data.__compound_literal.305
                0x00000000200005c0       0x10 network.o
 .data.__compound_literal.306
                0x00000000200005d0       0x10 network.o
 .data.__compound_literal.307
                0x00000000200005e0       0x10 network.o
 .data.__compound_literal.308
                0x00000000200005f0       0x10 network.o
 .data.__compound_literal.309
                0x0000000020000600       0x10 network.o
 .data.__compound_literal.310
                0x0000000020000610       0x10 network.o
 .data.__compound_literal.311
                0x0000000020000620       0x10 network.o
 .data.__compound_literal.312
                0x0000000020000630       0x10 network.o
 .data.__compound_literal.313
                0x0000000020000640       0x10 network.o
 .data.__compound_literal.314
                0x0000000020000650       0x10 network.o
 .data.__compound_literal.315
                0x0000000020000660       0x10 network.o
 .data.__compound_literal.316
                0x0000000020000670       0x10 network.o
 .data.__compound_literal.317
                0x0000000020000680       0x10 network.o
 .data.__compound_literal.318
                0x0000000020000690       0x10 network.o
 .data.__compound_literal.319
                0x00000000200006a0       0x10 network.o
 .data.__compound_literal.320
                0x00000000200006b0       0x10 network.o
 .data.__compound_literal.321
                0x00000000200006c0       0x10 network.o
 .data.__compound_literal.322
                0x00000000200006d0       0x10 network.o
 .data.__compound_literal.323
                0x00000000200006e0       0x10 network.o
 .data.__compound_literal.324
                0x00000000200006f0       0x10 network.o
 .data.__compound_literal.325
                0x0000000020000700       0x10 network.o
 .data.__compound_literal.326
                0x0000000020000710       0x10 network.o
 .data.__compound_literal.327
                0x0000000020000720       0x10 network.o
 .data.__compound_literal.328
                0x0000000020000730       0x10 network.o
 .data.__compound_literal.329
                0x0000000020000740       0x10 network.o
 .data.__compound_literal.330
                0x0000000020000750       0x10 network.o
 .data.__compound_literal.331
                0x0000000020000760       0x10 network.o
 .data.__compound_literal.332
                0x0000000020000770       0x10 network.o
 .data.__compound_literal.333
                0x0000000020000780       0x10 network.o
 .data.__compound_literal.334
                0x0000000020000790       0x10 network.o
 .data.__compound_literal.335
                0x00000000200007a0       0x10 network.o
 .data.__compound_literal.336
                0x00000000200007b0       0x10 network.o
 .data.__compound_literal.337
                0x00000000200007c0       0x10 network.o
 .data.__compound_literal.338
                0x00000000200007d0       0x10 network.o
 .data.__compound_literal.339
                0x00000000200007e0       0x10 network.o
 .data.__compound_literal.340
                0x00000000200007f0       0x10 network.o
 .data.__compound_literal.341
                0x0000000020000800       0x10 network.o
 .data.__compound_literal.342
                0x0000000020000810       0x10 network.o
 .data.__compound_literal.343
                0x0000000020000820       0x10 network.o
 .data.__compound_literal.344
                0x0000000020000830       0x10 network.o
 .data.__compound_literal.345
                0x0000000020000840       0x10 network.o
 .data.__compound_literal.346
                0x0000000020000850       0x10 network.o
 .data.__compound_literal.347
                0x0000000020000860       0x10 network.o
 .data.__compound_literal.348
                0x0000000020000870       0x10 network.o
 .data.__compound_literal.349
                0x0000000020000880       0x10 network.o
 .data.__compound_literal.350
                0x0000000020000890       0x10 network.o
 .data.__compound_literal.351
                0x00000000200008a0       0x10 network.o
 .data.__compound_literal.352
                0x00000000200008b0       0x10 network.o
 .data.__compound_literal.353
                0x00000000200008c0       0x10 network.o
 .data.__compound_literal.354
                0x00000000200008d0       0x10 network.o
 .data.__compound_literal.355
                0x00000000200008e0       0x10 network.o
 .data.__compound_literal.356
                0x00000000200008f0       0x10 network.o
 .data.__compound_literal.357
                0x0000000020000900       0x10 network.o
 .data.__compound_literal.358
                0x0000000020000910       0x10 network.o
 .data.__compound_literal.359
                0x0000000020000920       0x10 network.o
 .data.__compound_literal.360
                0x0000000020000930       0x10 network.o
 .data.__compound_literal.361
                0x0000000020000940       0x10 network.o
 .data.__compound_literal.362
                0x0000000020000950       0x10 network.o
 .data.__compound_literal.363
                0x0000000020000960       0x10 network.o
 .data.__compound_literal.364
                0x0000000020000970       0x10 network.o
 .data.__compound_literal.365
                0x0000000020000980       0x10 network.o
 .data.__compound_literal.366
                0x0000000020000990       0x10 network.o
 .data.__compound_literal.367
                0x00000000200009a0       0x10 network.o
 .data.__compound_literal.368
                0x00000000200009b0       0x10 network.o
 .data.__compound_literal.369
                0x00000000200009c0       0x10 network.o
 .data.__compound_literal.370
                0x00000000200009d0       0x10 network.o
 .data.__compound_literal.371
                0x00000000200009e0       0x10 network.o
 .data.__compound_literal.372
                0x00000000200009f0       0x10 network.o
 .data.__compound_literal.373
                0x0000000020000a00       0x10 network.o
 .data.__compound_literal.374
                0x0000000020000a10       0x10 network.o
 .data.__compound_literal.375
                0x0000000020000a20       0x10 network.o
 .data.__compound_literal.376
                0x0000000020000a30       0x10 network.o
 .data.__compound_literal.377
                0x0000000020000a40       0x10 network.o
 .data.__compound_literal.378
                0x0000000020000a50       0x10 network.o
 .data.__compound_literal.379
                0x0000000020000a60       0x10 network.o
 .data.__compound_literal.380
                0x0000000020000a70       0x10 network.o
 .data.__compound_literal.381
                0x0000000020000a80       0x10 network.o
 .data.__compound_literal.382
                0x0000000020000a90       0x10 network.o
 .data.__compound_literal.383
                0x0000000020000aa0       0x10 network.o
 .data.__compound_literal.384
                0x0000000020000ab0       0x10 network.o
 .data.__compound_literal.385
                0x0000000020000ac0       0x10 network.o
 .data.__compound_literal.386
                0x0000000020000ad0       0x10 network.o
 .data.__compound_literal.387
                0x0000000020000ae0       0x10 network.o
 .data.__compound_literal.388
                0x0000000020000af0       0x10 network.o
 .data.__compound_literal.389
                0x0000000020000b00       0x10 network.o
 .data.__compound_literal.390
                0x0000000020000b10       0x10 network.o
 .data.__compound_literal.391
                0x0000000020000b20       0x10 network.o
 .data.__compound_literal.392
                0x0000000020000b30       0x10 network.o
 .data.__compound_literal.393
                0x0000000020000b40       0x10 network.o
 .data.__compound_literal.394
                0x0000000020000b50       0x10 network.o
 .data.__compound_literal.395
                0x0000000020000b60       0x10 network.o
 .data.__compound_literal.396
                0x0000000020000b70       0x10 network.o
 .data.__compound_literal.397
                0x0000000020000b80       0x10 network.o
 .data.__compound_literal.398
                0x0000000020000b90       0x10 network.o
 .data.__compound_literal.399
                0x0000000020000ba0       0x10 network.o
 .data.__compound_literal.400
                0x0000000020000bb0       0x10 network.o
 .data.__compound_literal.401
                0x0000000020000bc0       0x10 network.o
 .data.__compound_literal.402
                0x0000000020000bd0       0x10 network.o
 .data.__compound_literal.403
                0x0000000020000be0       0x10 network.o
 .data.__compound_literal.404
                0x0000000020000bf0       0x10 network.o
 .data.__compound_literal.405
                0x0000000020000c00       0x10 network.o
 .data.__compound_literal.406
                0x0000000020000c10       0x10 network.o
 .data.__compound_literal.407
                0x0000000020000c20       0x10 network.o
 .data.__compound_literal.408
                0x0000000020000c30       0x10 network.o
 .data.__compound_literal.409
                0x0000000020000c40       0x10 network.o
 .data.__compound_literal.410
                0x0000000020000c50       0x10 network.o
 .data.__compound_literal.411
                0x0000000020000c60       0x10 network.o
 .data.__compound_literal.412
                0x0000000020000c70       0x10 network.o
 .data.__compound_literal.413
                0x0000000020000c80       0x10 network.o
 .data.__compound_literal.414
                0x0000000020000c90       0x10 network.o
 .data.__compound_literal.415
                0x0000000020000ca0       0x10 network.o
 .data.__compound_literal.416
                0x0000000020000cb0       0x10 network.o
 .data.__compound_literal.417
                0x0000000020000cc0       0x10 network.o
 .data.__compound_literal.418
                0x0000000020000cd0       0x10 network.o
 .data.__compound_literal.419
                0x0000000020000ce0       0x10 network.o
 .data.__compound_literal.420
                0x0000000020000cf0       0x10 network.o
 .data.__compound_literal.421
                0x0000000020000d00       0x10 network.o
 .data.__compound_literal.422
                0x0000000020000d10       0x10 network.o
 .data.__compound_literal.423
                0x0000000020000d20       0x10 network.o
 .data.__compound_literal.424
                0x0000000020000d30       0x10 network.o
 .data.__compound_literal.425
                0x0000000020000d40       0x10 network.o
 .data.__compound_literal.426
                0x0000000020000d50       0x10 network.o
 .data.__compound_literal.427
                0x0000000020000d60       0x10 network.o
 .data.__compound_literal.428
                0x0000000020000d70       0x10 network.o
 .data.__compound_literal.429
                0x0000000020000d80       0x10 network.o
 .data.__compound_literal.430
                0x0000000020000d90       0x10 network.o
 .data.__compound_literal.431
                0x0000000020000da0       0x10 network.o
 .data.__compound_literal.432
                0x0000000020000db0       0x10 network.o
 .data.__compound_literal.433
                0x0000000020000dc0       0x10 network.o
 .data.__compound_literal.434
                0x0000000020000dd0       0x10 network.o
 .data.__compound_literal.435
                0x0000000020000de0       0x10 network.o
 .data.__compound_literal.436
                0x0000000020000df0       0x10 network.o
 .data.__compound_literal.437
                0x0000000020000e00       0x10 network.o
 .data.__compound_literal.438
                0x0000000020000e10       0x10 network.o
 .data.__compound_literal.439
                0x0000000020000e20       0x10 network.o
 .data.__compound_literal.440
                0x0000000020000e30       0x10 network.o
 .data.__compound_literal.441
                0x0000000020000e40       0x10 network.o
 .data.__compound_literal.442
                0x0000000020000e50       0x10 network.o
 .data.__compound_literal.443
                0x0000000020000e60       0x10 network.o
 .data.__compound_literal.444
                0x0000000020000e70       0x10 network.o
 .data.__compound_literal.445
                0x0000000020000e80       0x10 network.o
 .data.__compound_literal.446
                0x0000000020000e90       0x10 network.o
 .data.__compound_literal.447
                0x0000000020000ea0       0x10 network.o
 .data.__compound_literal.448
                0x0000000020000eb0       0x10 network.o
 .data.__compound_literal.449
                0x0000000020000ec0       0x10 network.o
 .data.__compound_literal.450
                0x0000000020000ed0       0x10 network.o
 .data.__compound_literal.451
                0x0000000020000ee0       0x10 network.o
 .data.__compound_literal.452
                0x0000000020000ef0       0x10 network.o
 .data.__compound_literal.453
                0x0000000020000f00       0x10 network.o
 .data.__compound_literal.454
                0x0000000020000f10       0x10 network.o
 .data.__compound_literal.455
                0x0000000020000f20       0x10 network.o
 .data.__compound_literal.456
                0x0000000020000f30       0x10 network.o
 .data.__compound_literal.457
                0x0000000020000f40       0x10 network.o
 .data.__compound_literal.458
                0x0000000020000f50       0x10 network.o
 .data.__compound_literal.459
                0x0000000020000f60       0x10 network.o
 .data.__compound_literal.460
                0x0000000020000f70       0x10 network.o
 .data.__compound_literal.461
                0x0000000020000f80       0x10 network.o
 .data.__compound_literal.462
                0x0000000020000f90       0x10 network.o
 .data.__compound_literal.463
                0x0000000020000fa0       0x10 network.o
 .data.__compound_literal.464
                0x0000000020000fb0       0x10 network.o
 .data.__compound_literal.465
                0x0000000020000fc0       0x10 network.o
 .data.__compound_literal.466
                0x0000000020000fd0       0x10 network.o
 .data.__compound_literal.467
                0x0000000020000fe0        0x4 network.o
 .data.__compound_literal.468
                0x0000000020000fe4        0x4 network.o
 .data.__compound_literal.469
                0x0000000020000fe8        0x8 network.o
 .data.__compound_literal.470
                0x0000000020000ff0        0x4 network.o
 .data.__compound_literal.471
                0x0000000020000ff4       0x30 network.o
 .data.__compound_literal.472
                0x0000000020001024        0x4 network.o
 .data.__compound_literal.473
                0x0000000020001028        0x4 network.o
 .data.__compound_literal.476
                0x000000002000102c       0x30 network.o
 .data.__compound_literal.478
                0x000000002000105c        0x4 network.o
 .data.__compound_literal.479
                0x0000000020001060        0x4 network.o
 .data.__compound_literal.480
                0x0000000020001064        0xc network.o
 .data.__compound_literal.481
                0x0000000020001070        0x4 network.o
 .data.__compound_literal.482
                0x0000000020001074       0x30 network.o
 .data.__compound_literal.484
                0x00000000200010a4        0x4 network.o
 .data.__compound_literal.485
                0x00000000200010a8        0x4 network.o
 .data.__compound_literal.486
                0x00000000200010ac        0xc network.o
 .data.__compound_literal.487
                0x00000000200010b8        0x4 network.o
 .data.__compound_literal.488
                0x00000000200010bc       0x30 network.o
 .data.__compound_literal.490
                0x00000000200010ec        0x4 network.o
 .data.__compound_literal.491
                0x00000000200010f0        0x4 network.o
 .data.__compound_literal.494
                0x00000000200010f4       0x30 network.o
 .data.__compound_literal.495
                0x0000000020001124       0x10 network.o
 .data.__compound_literal.496
                0x0000000020001134        0x4 network.o
 .data.__compound_literal.497
                0x0000000020001138        0x4 network.o
 .data.__compound_literal.498
                0x000000002000113c        0xc network.o
 .data.__compound_literal.499
                0x0000000020001148        0x4 network.o
 .data.__compound_literal.500
                0x000000002000114c       0x30 network.o
 .data.__compound_literal.502
                0x000000002000117c        0x4 network.o
 .data.__compound_literal.503
                0x0000000020001180        0x4 network.o
 .data.__compound_literal.504
                0x0000000020001184        0xc network.o
 .data.__compound_literal.505
                0x0000000020001190        0x4 network.o
 .data.__compound_literal.506
                0x0000000020001194       0x30 network.o
 .data.__compound_literal.508
                0x00000000200011c4        0x4 network.o
 .data.__compound_literal.509
                0x00000000200011c8        0x4 network.o
 .data.__compound_literal.512
                0x00000000200011cc       0x30 network.o
 .data.__compound_literal.513
                0x00000000200011fc       0x10 network.o
 .data.__compound_literal.514
                0x000000002000120c        0x4 network.o
 .data.__compound_literal.515
                0x0000000020001210        0x4 network.o
 .data.__compound_literal.516
                0x0000000020001214        0xc network.o
 .data.__compound_literal.517
                0x0000000020001220        0x4 network.o
 .data.__compound_literal.518
                0x0000000020001224       0x30 network.o
 .data.__compound_literal.520
                0x0000000020001254        0x4 network.o
 .data.__compound_literal.521
                0x0000000020001258        0x4 network.o
 .data.__compound_literal.522
                0x000000002000125c        0xc network.o
 .data.__compound_literal.523
                0x0000000020001268        0x4 network.o
 .data.__compound_literal.524
                0x000000002000126c       0x30 network.o
 .data.__compound_literal.526
                0x000000002000129c        0x4 network.o
 .data.__compound_literal.527
                0x00000000200012a0        0x4 network.o
 .data.__compound_literal.530
                0x00000000200012a4       0x30 network.o
 .data.__compound_literal.531
                0x00000000200012d4       0x10 network.o
 .data.__compound_literal.532
                0x00000000200012e4        0x4 network.o
 .data.__compound_literal.533
                0x00000000200012e8        0x4 network.o
 .data.__compound_literal.534
                0x00000000200012ec        0xc network.o
 .data.__compound_literal.535
                0x00000000200012f8        0x4 network.o
 .data.__compound_literal.536
                0x00000000200012fc       0x30 network.o
 .data.__compound_literal.538
                0x000000002000132c        0x4 network.o
 .data.__compound_literal.539
                0x0000000020001330        0x4 network.o
 .data.__compound_literal.540
                0x0000000020001334        0xc network.o
 .data.__compound_literal.541
                0x0000000020001340        0x4 network.o
 .data.__compound_literal.542
                0x0000000020001344       0x30 network.o
 .data.__compound_literal.544
                0x0000000020001374        0x4 network.o
 .data.__compound_literal.545
                0x0000000020001378        0x4 network.o
 .data.__compound_literal.548
                0x000000002000137c       0x30 network.o
 .data.__compound_literal.549
                0x00000000200013ac       0x10 network.o
 .data.__compound_literal.550
                0x00000000200013bc        0x4 network.o
 .data.__compound_literal.551
                0x00000000200013c0        0x4 network.o
 .data.__compound_literal.552
                0x00000000200013c4        0xc network.o
 .data.__compound_literal.553
                0x00000000200013d0        0x4 network.o
 .data.__compound_literal.554
                0x00000000200013d4       0x30 network.o
 .data.__compound_literal.556
                0x0000000020001404        0x4 network.o
 .data.__compound_literal.557
                0x0000000020001408        0x4 network.o
 .data.__compound_literal.558
                0x000000002000140c        0xc network.o