../X-CUBE-AI/App/aiTestUtility.h:142:20:_mon_alloc_reset	8	static
../X-CUBE-AI/App/aiSystemPerformance_TFLM.c:504:12:aiTestConsole	16	static
../X-CUBE-AI/App/aiSystemPerformance_TFLM.c:152:12:_observer_node_cb	16	static
../X-CUBE-AI/App/aiSystemPerformance_TFLM.c:144:17:_current_time_ticks_cb	24	static
../X-CUBE-AI/App/aiSystemPerformance_TFLM.c:106:5:tflm_io_write	8	static
../X-CUBE-AI/App/aiSystemPerformance_TFLM.c:120:6:log_tensor	48	static
../X-CUBE-AI/App/aiSystemPerformance_TFLM.c:538:5:aiSystemPerformanceInit	104	static
../X-CUBE-AI/App/aiSystemPerformance_TFLM.c:557:5:aiSystemPerformanceProcess	160	static,ignoring_inline_asm
../X-CUBE-AI/App/aiSystemPerformance_TFLM.c:632:6:aiSystemPerformanceDeInit	8	static
