../Middlewares/tensorflow/tensorflow/lite/micro/arena_allocator/persistent_arena_buffer_allocator.cc:28:1:virtual tflite::PersistentArenaBufferAllocator::~PersistentArenaBufferAllocator()	0	static
../Middlewares/tensorflow/tensorflow/lite/micro/arena_allocator/persistent_arena_buffer_allocator.cc:48:8:virtual size_t tflite::PersistentArenaBufferAllocator::GetPersistentUsedBytes() const	0	static
../Middlewares/tensorflow/tensorflow/lite/micro/arena_allocator/persistent_arena_buffer_allocator.cc:30:10:virtual uint8_t* tflite::PersistentArenaBufferAllocator::AllocatePersistentBuffer(size_t, size_t)	16	static
../Middlewares/tensorflow/tensorflow/lite/micro/arena_allocator/persistent_arena_buffer_allocator.cc:22:1:tflite::PersistentArenaBufferAllocator::PersistentArenaBufferAllocator(uint8_t*, size_t)	8	static
