../Middlewares/tensorflow/third_party/flatbuffers/include/flatbuffers/flexbuffers.h:870:26:int flexbuffers::KeyCompare(const void*, const void*) [with T = long unsigned int]	0	static
../Middlewares/tensorflow/third_party/flatbuffers/include/flatbuffers/flexbuffers.h:870:26:int flexbuffers::KeyCompare(const void*, const void*) [with T = long long unsigned int]	0	static
../Middlewares/tensorflow/third_party/flatbuffers/include/flatbuffers/flexbuffers.h:870:26:int flexbuffers::KeyCompare(const void*, const void*) [with T = unsigned char]	0	static
../Middlewares/tensorflow/third_party/flatbuffers/include/flatbuffers/flexbuffers.h:870:26:int flexbuffers::KeyCompare(const void*, const void*) [with T = short unsigned int]	0	static
../Middlewares/tensorflow/tensorflow/lite/micro/kernels/detection_postprocess.cc:324:21:tflite::{anonymous}::DecreasingPartialArgSort(const float*, int, int, int*)::<lambda(int, int)>	0	static
/opt/st/stm32cubeide_1.11.2/plugins/com.st.stm32cube.ide.mcu.externaltools.gnu-tools-for-stm32.10.3-2021.10.linux64_1.0.100.202210260954/tools/arm-none-eabi/include/c++/10.3.1/bits/stl_heap.h:223:5:void std::__adjust_heap(_RandomAccessIterator, _Distance, _Distance, _Tp, _Compare) [with _RandomAccessIterator = int*; _Distance = int; _Tp = int; _Compare = __gnu_cxx::__ops::_Iter_comp_iter<tflite::{anonymous}::DecreasingPartialArgSort(const float*, int, int, int*)::<lambda(int, int)> >]	40	static
../Middlewares/tensorflow/tensorflow/lite/micro/kernels/detection_postprocess.cc:152:14:TfLiteStatus tflite::{anonymous}::Prepare(TfLiteContext*, TfLiteNode*)	72	static
../Middlewares/tensorflow/tensorflow/lite/micro/kernels/detection_postprocess.cc:354:6:void tflite::{anonymous}::MergeSort(int*, int*, int, Compare) [with Compare = tflite::{anonymous}::DecreasingArgSort(const float*, int, int*, int*)::<lambda(int, int)>]	48	static
../Middlewares/tensorflow/tensorflow/lite/micro/kernels/detection_postprocess.cc:428:14:TfLiteStatus tflite::{anonymous}::NonMaxSuppressionSingleClassHelper(TfLiteContext*, TfLiteNode*, tflite::{anonymous}::OpData*, const float*, int*, int*, int)	72	static
../Middlewares/tensorflow/tensorflow/lite/micro/kernels/detection_postprocess.cc:320:6:void tflite::{anonymous}::DecreasingPartialArgSort(const float*, int, int, int*)	48	static
../Middlewares/tensorflow/third_party/flatbuffers/include/flatbuffers/util.h:391:16:int64_t flatbuffers::StringToInt(const char*, int)	24	static
../Middlewares/tensorflow/third_party/flatbuffers/include/flatbuffers/util.h:396:17:uint64_t flatbuffers::StringToUInt(const char*, int)	24	static
../Middlewares/tensorflow/tensorflow/lite/kernels/op_macros.h:24:13:void AbortImpl()	8	static
../Middlewares/tensorflow/tensorflow/lite/micro/kernels/detection_postprocess.cc:802:24:TfLiteRegistration_V1* tflite::Register_DETECTION_POSTPROCESS()	24	static
../Middlewares/tensorflow/third_party/flatbuffers/include/flatbuffers/flexbuffers.h:138:3:R flexbuffers::ReadSizedScalar(const uint8_t*, uint8_t) [with R = long long int; T1 = signed char; T2 = short int; T4 = long int; T8 = long long int]	0	static
../Middlewares/tensorflow/third_party/flatbuffers/include/flatbuffers/flexbuffers.h:138:3:R flexbuffers::ReadSizedScalar(const uint8_t*, uint8_t) [with R = long long unsigned int; T1 = unsigned char; T2 = short unsigned int; T4 = long unsigned int; T8 = long long unsigned int]	0	static
../Middlewares/tensorflow/third_party/flatbuffers/include/flatbuffers/flexbuffers.h:764:18:const uint8_t* flexbuffers::Reference::Indirect() const	8	static
../Middlewares/tensorflow/third_party/flatbuffers/include/flatbuffers/flexbuffers.h:225:3:flexbuffers::Sized::Sized(const uint8_t*, uint8_t)	8	static
../Middlewares/tensorflow/third_party/flatbuffers/include/flatbuffers/flexbuffers.h:640:10:flexbuffers::Vector flexbuffers::Reference::AsVector() const	16	static
../Middlewares/tensorflow/third_party/flatbuffers/include/flatbuffers/flexbuffers.h:537:10:flexbuffers::String flexbuffers::Reference::AsString() const	16	static
../Middlewares/tensorflow/third_party/flatbuffers/include/flatbuffers/flexbuffers.h:877:18:flexbuffers::Reference flexbuffers::Map::operator[](const char*) const	56	static
../Middlewares/tensorflow/third_party/flatbuffers/include/flatbuffers/flexbuffers.h:138:3:R flexbuffers::ReadSizedScalar(const uint8_t*, uint8_t) [with R = double; T1 = signed char; T2 = short int; T4 = float; T8 = double]	8	static
../Middlewares/tensorflow/third_party/flatbuffers/include/flatbuffers/flexbuffers.h:453:12:uint64_t flexbuffers::Reference::AsUInt64() const	24	static
../Middlewares/tensorflow/third_party/flatbuffers/include/flatbuffers/flexbuffers.h:424:11:int64_t flexbuffers::Reference::AsInt64() const	24	static
../Middlewares/tensorflow/third_party/flatbuffers/include/flatbuffers/flexbuffers.h:480:10:double flexbuffers::Reference::AsDouble() const	24	static
../Middlewares/tensorflow/tensorflow/lite/micro/kernels/detection_postprocess.cc:120:7:void* tflite::{anonymous}::Init(TfLiteContext*, const char*, size_t)	40	static
../Middlewares/tensorflow/tensorflow/lite/micro/kernels/kernel_util.h:64:4:T* tflite::micro::GetTensorData(TfLiteEvalTensor*) [with T = float]	8	static
../Middlewares/tensorflow/tensorflow/lite/micro/kernels/detection_postprocess.cc:777:14:TfLiteStatus tflite::{anonymous}::Eval(TfLiteContext*, TfLiteNode*)	168	static
