../Middlewares/tensorflow/tensorflow/lite/core/api/flatbuffer_conversions.cc:124:15:TfLitePadding tflite::{anonymous}::ConvertPadding(tflite::Padding)	0	static
../Middlewares/tensorflow/tensorflow/lite/core/api/flatbuffer_conversions.cc:79:14:TfLiteStatus tflite::{anonymous}::FlatBufferIntVectorToArray(int, const flatbuffers::Vector<long int>*, int*, tflite::ErrorReporter*, const char*)	16	static
../Middlewares/tensorflow/tensorflow/lite/core/api/flatbuffer_conversions.cc:43:10:void tflite::{anonymous}::SafeBuiltinDataAllocator::BuiltinDataDeleter::operator()(void*)	0	static
../Middlewares/tensorflow/third_party/flatbuffers/include/flatbuffers/table.h:35:13:flatbuffers::voffset_t flatbuffers::Table::GetOptionalFieldOffset(flatbuffers::voffset_t) const	0	static
../Middlewares/tensorflow/tensorflow/lite/schema/schema_generated.h:11893:15:const void* tflite::Operator::builtin_options() const	8	static
../Middlewares/tensorflow/tensorflow/lite/kernels/op_macros.h:24:13:void AbortImpl()	8	static
../Middlewares/tensorflow/tensorflow/lite/core/api/flatbuffer_conversions.cc:67:6:void tflite::{anonymous}::CheckParsePointerParams(const tflite::Operator*, tflite::ErrorReporter*, tflite::BuiltinDataAllocator*, void**)	8	static
../Middlewares/tensorflow/tensorflow/lite/core/api/flatbuffer_conversions.cc:911:14:TfLiteStatus tflite::ConvertTensorType(tflite::TensorType, TfLiteType*, tflite::ErrorReporter*)	8	static
../Middlewares/tensorflow/tensorflow/lite/core/api/flatbuffer_conversions.cc:979:14:TfLiteStatus tflite::ParseAbs(const tflite::Operator*, tflite::ErrorReporter*, tflite::BuiltinDataAllocator*, void**)	0	static
../Middlewares/tensorflow/tensorflow/lite/core/api/flatbuffer_conversions.cc:1009:14:TfLiteStatus tflite::ParseAddN(const tflite::Operator*, tflite::ErrorReporter*, tflite::BuiltinDataAllocator*, void**)	0	static
../Middlewares/tensorflow/tensorflow/lite/core/api/flatbuffer_conversions.cc:1067:14:TfLiteStatus tflite::ParseAssignVariable(const tflite::Operator*, tflite::ErrorReporter*, tflite::BuiltinDataAllocator*, void**)	0	static
../Middlewares/tensorflow/tensorflow/lite/core/api/flatbuffer_conversions.cc:1096:14:TfLiteStatus tflite::ParseBatchToSpaceNd(const tflite::Operator*, tflite::ErrorReporter*, tflite::BuiltinDataAllocator*, void**)	0	static
../Middlewares/tensorflow/tensorflow/lite/core/api/flatbuffer_conversions.cc:1104:14:TfLiteStatus tflite::ParseBroadcastArgs(const tflite::Operator*, tflite::ErrorReporter*, tflite::BuiltinDataAllocator*, void**)	0	static
../Middlewares/tensorflow/tensorflow/lite/core/api/flatbuffer_conversions.cc:1112:14:TfLiteStatus tflite::ParseBroadcastTo(const tflite::Operator*, tflite::ErrorReporter*, tflite::BuiltinDataAllocator*, void**)	0	static
../Middlewares/tensorflow/tensorflow/lite/core/api/flatbuffer_conversions.cc:1168:14:TfLiteStatus tflite::ParseCeil(const tflite::Operator*, tflite::ErrorReporter*, tflite::BuiltinDataAllocator*, void**)	0	static
../Middlewares/tensorflow/tensorflow/lite/core/api/flatbuffer_conversions.cc:1254:14:TfLiteStatus tflite::ParseCos(const tflite::Operator*, tflite::ErrorReporter*, tflite::BuiltinDataAllocator*, void**)	0	static
../Middlewares/tensorflow/tensorflow/lite/core/api/flatbuffer_conversions.cc:1323:14:TfLiteStatus tflite::ParseDequantize(const tflite::Operator*, tflite::ErrorReporter*, tflite::BuiltinDataAllocator*, void**)	0	static
../Middlewares/tensorflow/tensorflow/lite/core/api/flatbuffer_conversions.cc:1346:14:TfLiteStatus tflite::ParseElu(const tflite::Operator*, tflite::ErrorReporter*, tflite::BuiltinDataAllocator*, void**)	0	static
../Middlewares/tensorflow/tensorflow/lite/core/api/flatbuffer_conversions.cc:1354:14:TfLiteStatus tflite::ParseEmbeddingLookup(const tflite::Operator*, tflite::ErrorReporter*, tflite::BuiltinDataAllocator*, void**)	0	static
../Middlewares/tensorflow/tensorflow/lite/core/api/flatbuffer_conversions.cc:1362:14:TfLiteStatus tflite::ParseEqual(const tflite::Operator*, tflite::ErrorReporter*, tflite::BuiltinDataAllocator*, void**)	0	static
../Middlewares/tensorflow/tensorflow/lite/core/api/flatbuffer_conversions.cc:1370:14:TfLiteStatus tflite::ParseExp(const tflite::Operator*, tflite::ErrorReporter*, tflite::BuiltinDataAllocator*, void**)	0	static
../Middlewares/tensorflow/tensorflow/lite/core/api/flatbuffer_conversions.cc:1378:14:TfLiteStatus tflite::ParseExpandDims(const tflite::Operator*, tflite::ErrorReporter*, tflite::BuiltinDataAllocator*, void**)	0	static
../Middlewares/tensorflow/tensorflow/lite/core/api/flatbuffer_conversions.cc:1386:14:TfLiteStatus tflite::ParseFill(const tflite::Operator*, tflite::ErrorReporter*, tflite::BuiltinDataAllocator*, void**)	0	static
../Middlewares/tensorflow/tensorflow/lite/core/api/flatbuffer_conversions.cc:1394:14:TfLiteStatus tflite::ParseFloor(const tflite::Operator*, tflite::ErrorReporter*, tflite::BuiltinDataAllocator*, void**)	0	static
../Middlewares/tensorflow/tensorflow/lite/core/api/flatbuffer_conversions.cc:1402:14:TfLiteStatus tflite::ParseFloorDiv(const tflite::Operator*, tflite::ErrorReporter*, tflite::BuiltinDataAllocator*, void**)	0	static
../Middlewares/tensorflow/tensorflow/lite/core/api/flatbuffer_conversions.cc:1410:14:TfLiteStatus tflite::ParseFloorMod(const tflite::Operator*, tflite::ErrorReporter*, tflite::BuiltinDataAllocator*, void**)	0	static
../Middlewares/tensorflow/tensorflow/lite/core/api/flatbuffer_conversions.cc:1485:14:TfLiteStatus tflite::ParseGatherNd(const tflite::Operator*, tflite::ErrorReporter*, tflite::BuiltinDataAllocator*, void**)	0	static
../Middlewares/tensorflow/tensorflow/lite/core/api/flatbuffer_conversions.cc:1493:14:TfLiteStatus tflite::ParseGreater(const tflite::Operator*, tflite::ErrorReporter*, tflite::BuiltinDataAllocator*, void**)	0	static
../Middlewares/tensorflow/tensorflow/lite/core/api/flatbuffer_conversions.cc:1501:14:TfLiteStatus tflite::ParseGreaterEqual(const tflite::Operator*, tflite::ErrorReporter*, tflite::BuiltinDataAllocator*, void**)	0	static
../Middlewares/tensorflow/tensorflow/lite/core/api/flatbuffer_conversions.cc:1509:14:TfLiteStatus tflite::ParseHardSwish(const tflite::Operator*, tflite::ErrorReporter*, tflite::BuiltinDataAllocator*, void**)	0	static
../Middlewares/tensorflow/tensorflow/lite/core/api/flatbuffer_conversions.cc:1584:14:TfLiteStatus tflite::ParseLess(const tflite::Operator*, tflite::ErrorReporter*, tflite::BuiltinDataAllocator*, void**)	0	static
../Middlewares/tensorflow/tensorflow/lite/core/api/flatbuffer_conversions.cc:1592:14:TfLiteStatus tflite::ParseLessEqual(const tflite::Operator*, tflite::ErrorReporter*, tflite::BuiltinDataAllocator*, void**)	0	static
../Middlewares/tensorflow/tensorflow/lite/core/api/flatbuffer_conversions.cc:1600:14:TfLiteStatus tflite::ParseLog(const tflite::Operator*, tflite::ErrorReporter*, tflite::BuiltinDataAllocator*, void**)	0	static
../Middlewares/tensorflow/tensorflow/lite/core/api/flatbuffer_conversions.cc:1608:14:TfLiteStatus tflite::ParseLogicalAnd(const tflite::Operator*, tflite::ErrorReporter*, tflite::BuiltinDataAllocator*, void**)	0	static
../Middlewares/tensorflow/tensorflow/lite/core/api/flatbuffer_conversions.cc:1616:14:TfLiteStatus tflite::ParseLogicalNot(const tflite::Operator*, tflite::ErrorReporter*, tflite::BuiltinDataAllocator*, void**)	0	static
../Middlewares/tensorflow/tensorflow/lite/core/api/flatbuffer_conversions.cc:1624:14:TfLiteStatus tflite::ParseLogicalOr(const tflite::Operator*, tflite::ErrorReporter*, tflite::BuiltinDataAllocator*, void**)	0	static
../Middlewares/tensorflow/tensorflow/lite/core/api/flatbuffer_conversions.cc:1632:14:TfLiteStatus tflite::ParseLogistic(const tflite::Operator*, tflite::ErrorReporter*, tflite::BuiltinDataAllocator*, void**)	0	static
../Middlewares/tensorflow/tensorflow/lite/core/api/flatbuffer_conversions.cc:1640:14:TfLiteStatus tflite::ParseLogSoftmax(const tflite::Operator*, tflite::ErrorReporter*, tflite::BuiltinDataAllocator*, void**)	0	static
../Middlewares/tensorflow/tensorflow/lite/core/api/flatbuffer_conversions.cc:1682:14:TfLiteStatus tflite::ParseMaximum(const tflite::Operator*, tflite::ErrorReporter*, tflite::BuiltinDataAllocator*, void**)	0	static
../Middlewares/tensorflow/tensorflow/lite/core/api/flatbuffer_conversions.cc:1690:14:TfLiteStatus tflite::ParseMinimum(const tflite::Operator*, tflite::ErrorReporter*, tflite::BuiltinDataAllocator*, void**)	0	static
../Middlewares/tensorflow/tensorflow/lite/core/api/flatbuffer_conversions.cc:1748:14:TfLiteStatus tflite::ParseNeg(const tflite::Operator*, tflite::ErrorReporter*, tflite::BuiltinDataAllocator*, void**)	0	static
../Middlewares/tensorflow/tensorflow/lite/core/api/flatbuffer_conversions.cc:1756:14:TfLiteStatus tflite::ParseNotEqual(const tflite::Operator*, tflite::ErrorReporter*, tflite::BuiltinDataAllocator*, void**)	0	static
../Middlewares/tensorflow/tensorflow/lite/core/api/flatbuffer_conversions.cc:1789:14:TfLiteStatus tflite::ParsePad(const tflite::Operator*, tflite::ErrorReporter*, tflite::BuiltinDataAllocator*, void**)	0	static
../Middlewares/tensorflow/tensorflow/lite/core/api/flatbuffer_conversions.cc:1797:14:TfLiteStatus tflite::ParsePadV2(const tflite::Operator*, tflite::ErrorReporter*, tflite::BuiltinDataAllocator*, void**)	0	static
../Middlewares/tensorflow/tensorflow/lite/core/api/flatbuffer_conversions.cc:1835:14:TfLiteStatus tflite::ParsePow(const tflite::Operator*, tflite::ErrorReporter*, tflite::BuiltinDataAllocator*, void**)	0	static
../Middlewares/tensorflow/tensorflow/lite/core/api/flatbuffer_conversions.cc:1843:14:TfLiteStatus tflite::ParsePrelu(const tflite::Operator*, tflite::ErrorReporter*, tflite::BuiltinDataAllocator*, void**)	0	static
../Middlewares/tensorflow/tensorflow/lite/core/api/flatbuffer_conversions.cc:1851:14:TfLiteStatus tflite::ParseQuantize(const tflite::Operator*, tflite::ErrorReporter*, tflite::BuiltinDataAllocator*, void**)	0	static
../Middlewares/tensorflow/tensorflow/lite/core/api/flatbuffer_conversions.cc:1859:14:TfLiteStatus tflite::ParseReadVariable(const tflite::Operator*, tflite::ErrorReporter*, tflite::BuiltinDataAllocator*, void**)	0	static
../Middlewares/tensorflow/tensorflow/lite/core/api/flatbuffer_conversions.cc:1893:14:TfLiteStatus tflite::ParseRelu(const tflite::Operator*, tflite::ErrorReporter*, tflite::BuiltinDataAllocator*, void**)	0	static
../Middlewares/tensorflow/tensorflow/lite/core/api/flatbuffer_conversions.cc:1901:14:TfLiteStatus tflite::ParseRelu6(const tflite::Operator*, tflite::ErrorReporter*, tflite::BuiltinDataAllocator*, void**)	0	static
../Middlewares/tensorflow/tensorflow/lite/core/api/flatbuffer_conversions.cc:2000:14:TfLiteStatus tflite::ParseRound(const tflite::Operator*, tflite::ErrorReporter*, tflite::BuiltinDataAllocator*, void**)	0	static
../Middlewares/tensorflow/tensorflow/lite/core/api/flatbuffer_conversions.cc:2008:14:TfLiteStatus tflite::ParseRsqrt(const tflite::Operator*, tflite::ErrorReporter*, tflite::BuiltinDataAllocator*, void**)	0	static
../Middlewares/tensorflow/tensorflow/lite/core/api/flatbuffer_conversions.cc:2016:14:TfLiteStatus tflite::ParseSelectV2(const tflite::Operator*, tflite::ErrorReporter*, tflite::BuiltinDataAllocator*, void**)	0	static
../Middlewares/tensorflow/tensorflow/lite/core/api/flatbuffer_conversions.cc:2047:14:TfLiteStatus tflite::ParseSin(const tflite::Operator*, tflite::ErrorReporter*, tflite::BuiltinDataAllocator*, void**)	0	static
../Middlewares/tensorflow/tensorflow/lite/core/api/flatbuffer_conversions.cc:2055:14:TfLiteStatus tflite::ParseSlice(const tflite::Operator*, tflite::ErrorReporter*, tflite::BuiltinDataAllocator*, void**)	0	static
../Middlewares/tensorflow/tensorflow/lite/core/api/flatbuffer_conversions.cc:2088:14:TfLiteStatus tflite::ParseSpaceToBatchNd(const tflite::Operator*, tflite::ErrorReporter*, tflite::BuiltinDataAllocator*, void**)	0	static
../Middlewares/tensorflow/tensorflow/lite/core/api/flatbuffer_conversions.cc:2227:14:TfLiteStatus tflite::ParseSqrt(const tflite::Operator*, tflite::ErrorReporter*, tflite::BuiltinDataAllocator*, void**)	0	static
../Middlewares/tensorflow/tensorflow/lite/core/api/flatbuffer_conversions.cc:2235:14:TfLiteStatus tflite::ParseSquare(const tflite::Operator*, tflite::ErrorReporter*, tflite::BuiltinDataAllocator*, void**)	0	static
../Middlewares/tensorflow/tensorflow/lite/core/api/flatbuffer_conversions.cc:2243:14:TfLiteStatus tflite::ParseSquaredDifference(const tflite::Operator*, tflite::ErrorReporter*, tflite::BuiltinDataAllocator*, void**)	0	static
../Middlewares/tensorflow/tensorflow/lite/core/api/flatbuffer_conversions.cc:2334:14:TfLiteStatus tflite::ParseTanh(const tflite::Operator*, tflite::ErrorReporter*, tflite::BuiltinDataAllocator*, void**)	0	static
../Middlewares/tensorflow/tensorflow/lite/core/api/flatbuffer_conversions.cc:2342:14:TfLiteStatus tflite::ParseTranspose(const tflite::Operator*, tflite::ErrorReporter*, tflite::BuiltinDataAllocator*, void**)	0	static
../Middlewares/tensorflow/tensorflow/lite/core/api/flatbuffer_conversions.cc:2460:14:TfLiteStatus tflite::ParseZerosLike(const tflite::Operator*, tflite::ErrorReporter*, tflite::BuiltinDataAllocator*, void**)	0	static
../Middlewares/tensorflow/tensorflow/lite/core/api/flatbuffer_conversions.cc:2468:14:TfLiteStatus tflite::ParseBitwiseXor(const tflite::Operator*, tflite::ErrorReporter*, tflite::BuiltinDataAllocator*, void**)	0	static
../Middlewares/tensorflow/tensorflow/lite/core/api/flatbuffer_conversions.cc:2476:14:TfLiteStatus tflite::ParseRightShift(const tflite::Operator*, tflite::ErrorReporter*, tflite::BuiltinDataAllocator*, void**)	0	static
../Middlewares/tensorflow/tensorflow/lite/core/api/flatbuffer_conversions.cc:2481:14:TfLiteStatus tflite::ParseOpData(const tflite::Operator*, tflite::BuiltinOperator, tflite::ErrorReporter*, tflite::BuiltinDataAllocator*, void**)	8	static
../Middlewares/tensorflow/third_party/flatbuffers/include/flatbuffers/table.h:45:26:T flatbuffers::Table::GetField(flatbuffers::voffset_t, T) const [with T = unsigned char]	16	static
../Middlewares/tensorflow/tensorflow/lite/schema/schema_generated.h:11890:26:tflite::BuiltinOptions tflite::Operator::builtin_options_type() const	8	static
../Middlewares/tensorflow/tensorflow/lite/core/api/flatbuffer_conversions.cc:1906:14:TfLiteStatus tflite::ParseReshape(const tflite::Operator*, tflite::ErrorReporter*, tflite::BuiltinDataAllocator*, void**)	32	static
../Middlewares/tensorflow/tensorflow/lite/core/api/flatbuffer_conversions.cc:2191:14:TfLiteStatus tflite::ParseSqueeze(const tflite::Operator*, tflite::ErrorReporter*, tflite::BuiltinDataAllocator*, void**)	32	static
../Middlewares/tensorflow/tensorflow/lite/core/api/flatbuffer_conversions.cc:2401:14:TfLiteStatus tflite::ParseVarHandle(const tflite::Operator*, tflite::ErrorReporter*, tflite::BuiltinDataAllocator*, void**)	16	static
../Middlewares/tensorflow/tensorflow/lite/core/api/flatbuffer_conversions.cc:1075:14:TfLiteStatus tflite::ParseBatchMatMul(const tflite::Operator*, tflite::ErrorReporter*, tflite::BuiltinDataAllocator*, void**)	24	static
../Middlewares/tensorflow/tensorflow/lite/core/api/flatbuffer_conversions.cc:1236:14:TfLiteStatus tflite::ParseCumsum(const tflite::Operator*, tflite::ErrorReporter*, tflite::BuiltinDataAllocator*, void**)	24	static
../Middlewares/tensorflow/tensorflow/lite/core/api/flatbuffer_conversions.cc:1864:14:TfLiteStatus tflite::ParseReducer(const tflite::Operator*, tflite::ErrorReporter*, tflite::BuiltinDataAllocator*, void**)	24	static
../Middlewares/tensorflow/tensorflow/lite/core/api/flatbuffer_conversions.cc:1943:14:TfLiteStatus tflite::ParseResizeBilinear(const tflite::Operator*, tflite::ErrorReporter*, tflite::BuiltinDataAllocator*, void**)	24	static
../Middlewares/tensorflow/tensorflow/lite/core/api/flatbuffer_conversions.cc:1970:14:TfLiteStatus tflite::ParseResizeNearestNeighbor(const tflite::Operator*, tflite::ErrorReporter*, tflite::BuiltinDataAllocator*, void**)	24	static
../Middlewares/tensorflow/third_party/flatbuffers/include/flatbuffers/table.h:45:26:T flatbuffers::Table::GetField(flatbuffers::voffset_t, T) const [with T = long int]	16	static
../Middlewares/tensorflow/tensorflow/lite/core/api/flatbuffer_conversions.cc:1117:14:TfLiteStatus tflite::ParseCallOnce(const tflite::Operator*, tflite::ErrorReporter*, tflite::BuiltinDataAllocator*, void**)	24	static
../Middlewares/tensorflow/tensorflow/lite/core/api/flatbuffer_conversions.cc:1259:14:TfLiteStatus tflite::ParseDepthToSpace(const tflite::Operator*, tflite::ErrorReporter*, tflite::BuiltinDataAllocator*, void**)	24	static
../Middlewares/tensorflow/tensorflow/lite/core/api/flatbuffer_conversions.cc:1464:14:TfLiteStatus tflite::ParseGather(const tflite::Operator*, tflite::ErrorReporter*, tflite::BuiltinDataAllocator*, void**)	24	static
../Middlewares/tensorflow/tensorflow/lite/core/api/flatbuffer_conversions.cc:1514:14:TfLiteStatus tflite::ParseIf(const tflite::Operator*, tflite::ErrorReporter*, tflite::BuiltinDataAllocator*, void**)	24	static
../Middlewares/tensorflow/tensorflow/lite/core/api/flatbuffer_conversions.cc:1761:14:TfLiteStatus tflite::ParsePack(const tflite::Operator*, tflite::ErrorReporter*, tflite::BuiltinDataAllocator*, void**)	24	static
../Middlewares/tensorflow/tensorflow/lite/core/api/flatbuffer_conversions.cc:2093:14:TfLiteStatus tflite::ParseSpaceToDepth(const tflite::Operator*, tflite::ErrorReporter*, tflite::BuiltinDataAllocator*, void**)	24	static
../Middlewares/tensorflow/tensorflow/lite/core/api/flatbuffer_conversions.cc:2118:14:TfLiteStatus tflite::ParseSplit(const tflite::Operator*, tflite::ErrorReporter*, tflite::BuiltinDataAllocator*, void**)	24	static
../Middlewares/tensorflow/tensorflow/lite/core/api/flatbuffer_conversions.cc:2142:14:TfLiteStatus tflite::ParseSplitV(const tflite::Operator*, tflite::ErrorReporter*, tflite::BuiltinDataAllocator*, void**)	24	static
../Middlewares/tensorflow/tensorflow/lite/core/api/flatbuffer_conversions.cc:2248:14:TfLiteStatus tflite::ParseStridedSlice(const tflite::Operator*, tflite::ErrorReporter*, tflite::BuiltinDataAllocator*, void**)	16	static
../Middlewares/tensorflow/tensorflow/lite/core/api/flatbuffer_conversions.cc:2376:14:TfLiteStatus tflite::ParseUnpack(const tflite::Operator*, tflite::ErrorReporter*, tflite::BuiltinDataAllocator*, void**)	24	static
../Middlewares/tensorflow/tensorflow/lite/core/api/flatbuffer_conversions.cc:2432:14:TfLiteStatus tflite::ParseWhile(const tflite::Operator*, tflite::ErrorReporter*, tflite::BuiltinDataAllocator*, void**)	24	static
../Middlewares/tensorflow/third_party/flatbuffers/include/flatbuffers/table.h:45:26:T flatbuffers::Table::GetField(flatbuffers::voffset_t, T) const [with T = signed char]	16	static
../Middlewares/tensorflow/tensorflow/lite/core/api/flatbuffer_conversions.cc:984:14:TfLiteStatus tflite::ParseAdd(const tflite::Operator*, tflite::ErrorReporter*, tflite::BuiltinDataAllocator*, void**)	24	static
../Middlewares/tensorflow/tensorflow/lite/core/api/flatbuffer_conversions.cc:1014:14:TfLiteStatus tflite::ParseArgMax(const tflite::Operator*, tflite::ErrorReporter*, tflite::BuiltinDataAllocator*, void**)	32	static
../Middlewares/tensorflow/tensorflow/lite/core/api/flatbuffer_conversions.cc:1039:14:TfLiteStatus tflite::ParseArgMin(const tflite::Operator*, tflite::ErrorReporter*, tflite::BuiltinDataAllocator*, void**)	32	static
../Middlewares/tensorflow/tensorflow/lite/core/api/flatbuffer_conversions.cc:1147:14:TfLiteStatus tflite::ParseCast(const tflite::Operator*, tflite::ErrorReporter*, tflite::BuiltinDataAllocator*, void**)	32	static
../Middlewares/tensorflow/tensorflow/lite/core/api/flatbuffer_conversions.cc:1173:14:TfLiteStatus tflite::ParseConcatenation(const tflite::Operator*, tflite::ErrorReporter*, tflite::BuiltinDataAllocator*, void**)	24	static
../Middlewares/tensorflow/tensorflow/lite/core/api/flatbuffer_conversions.cc:1202:14:TfLiteStatus tflite::ParseConv2D(const tflite::Operator*, tflite::ErrorReporter*, tflite::BuiltinDataAllocator*, void**)	24	static
../Middlewares/tensorflow/tensorflow/lite/core/api/flatbuffer_conversions.cc:1284:14:TfLiteStatus tflite::ParseDepthwiseConv2D(const tflite::Operator*, tflite::ErrorReporter*, tflite::BuiltinDataAllocator*, void**)	16	static
../Middlewares/tensorflow/tensorflow/lite/core/api/flatbuffer_conversions.cc:1328:14:TfLiteStatus tflite::ParseDiv(const tflite::Operator*, tflite::ErrorReporter*, tflite::BuiltinDataAllocator*, void**)	24	static
../Middlewares/tensorflow/tensorflow/lite/core/api/flatbuffer_conversions.cc:1415:14:TfLiteStatus tflite::ParseFullyConnected(const tflite::Operator*, tflite::ErrorReporter*, tflite::BuiltinDataAllocator*, void**)	40	static
../Middlewares/tensorflow/tensorflow/lite/core/api/flatbuffer_conversions.cc:1538:14:TfLiteStatus tflite::ParseL2Normalization(const tflite::Operator*, tflite::ErrorReporter*, tflite::BuiltinDataAllocator*, void**)	24	static
../Middlewares/tensorflow/tensorflow/lite/core/api/flatbuffer_conversions.cc:1695:14:TfLiteStatus tflite::ParseMirrorPad(const tflite::Operator*, tflite::ErrorReporter*, tflite::BuiltinDataAllocator*, void**)	24	static
../Middlewares/tensorflow/tensorflow/lite/core/api/flatbuffer_conversions.cc:1721:14:TfLiteStatus tflite::ParseMul(const tflite::Operator*, tflite::ErrorReporter*, tflite::BuiltinDataAllocator*, void**)	24	static
../Middlewares/tensorflow/tensorflow/lite/core/api/flatbuffer_conversions.cc:1802:14:TfLiteStatus tflite::ParsePool(const tflite::Operator*, tflite::ErrorReporter*, tflite::BuiltinDataAllocator*, void**)	16	static
../Middlewares/tensorflow/tensorflow/lite/core/api/flatbuffer_conversions.cc:2021:14:TfLiteStatus tflite::ParseShape(const tflite::Operator*, tflite::ErrorReporter*, tflite::BuiltinDataAllocator*, void**)	32	static
../Middlewares/tensorflow/tensorflow/lite/core/api/flatbuffer_conversions.cc:2279:14:TfLiteStatus tflite::ParseSub(const tflite::Operator*, tflite::ErrorReporter*, tflite::BuiltinDataAllocator*, void**)	24	static
../Middlewares/tensorflow/tensorflow/lite/core/api/flatbuffer_conversions.cc:2304:14:TfLiteStatus tflite::ParseSvdf(const tflite::Operator*, tflite::ErrorReporter*, tflite::BuiltinDataAllocator*, void**)	24	static
../Middlewares/tensorflow/tensorflow/lite/core/api/flatbuffer_conversions.cc:2347:14:TfLiteStatus tflite::ParseTransposeConv(const tflite::Operator*, tflite::ErrorReporter*, tflite::BuiltinDataAllocator*, void**)	16	static
../Middlewares/tensorflow/third_party/flatbuffers/include/flatbuffers/table.h:45:26:T flatbuffers::Table::GetField(flatbuffers::voffset_t, T) const [with T = float]	16	static
../Middlewares/tensorflow/tensorflow/lite/core/api/flatbuffer_conversions.cc:1565:14:TfLiteStatus tflite::ParseLeakyRelu(const tflite::Operator*, tflite::ErrorReporter*, tflite::BuiltinDataAllocator*, void**)	24	static
../Middlewares/tensorflow/tensorflow/lite/core/api/flatbuffer_conversions.cc:1645:14:TfLiteStatus tflite::ParseLSTM(const tflite::Operator*, tflite::ErrorReporter*, tflite::BuiltinDataAllocator*, void**)	32	static
../Middlewares/tensorflow/tensorflow/lite/core/api/flatbuffer_conversions.cc:2060:14:TfLiteStatus tflite::ParseSoftmax(const tflite::Operator*, tflite::ErrorReporter*, tflite::BuiltinDataAllocator*, void**)	24	static
../Middlewares/tensorflow/tensorflow/lite/core/api/flatbuffer_conversions.cc:2166:14:TfLiteStatus tflite::ParseUnidirectionalSequenceLSTM(const tflite::Operator*, tflite::ErrorReporter*, tflite::BuiltinDataAllocator*, void**)	16	static
